Component: ARM Compiler 6.7 Tool: armlink [5c9ef700]

==============================================================================

Section Cross References

    startup_stm32f103x6.o(RESET) refers to startup_stm32f103x6.o(STACK) for __initial_sp
    startup_stm32f103x6.o(RESET) refers to startup_stm32f103x6.o(.text) for Reset_Handler
    startup_stm32f103x6.o(RESET) refers to stm32f1xx_it.o(.text.NMI_Handler) for NMI_Handler
    startup_stm32f103x6.o(RESET) refers to stm32f1xx_it.o(.text.HardFault_Handler) for HardFault_Handler
    startup_stm32f103x6.o(RESET) refers to stm32f1xx_it.o(.text.MemManage_Handler) for MemManage_Handler
    startup_stm32f103x6.o(RESET) refers to stm32f1xx_it.o(.text.BusFault_Handler) for BusFault_Handler
    startup_stm32f103x6.o(RESET) refers to stm32f1xx_it.o(.text.UsageFault_Handler) for UsageFault_Handler
    startup_stm32f103x6.o(RESET) refers to stm32f1xx_it.o(.text.SVC_Handler) for SVC_Handler
    startup_stm32f103x6.o(RESET) refers to stm32f1xx_it.o(.text.DebugMon_Handler) for DebugMon_Handler
    startup_stm32f103x6.o(RESET) refers to stm32f1xx_it.o(.text.PendSV_Handler) for PendSV_Handler
    startup_stm32f103x6.o(RESET) refers to stm32f1xx_it.o(.text.SysTick_Handler) for SysTick_Handler
    startup_stm32f103x6.o(RESET) refers to stm32f1xx_it.o(.text.TIM1_UP_IRQHandler) for TIM1_UP_IRQHandler
    startup_stm32f103x6.o(RESET) refers to stm32f1xx_it.o(.text.TIM3_IRQHandler) for TIM3_IRQHandler
    startup_stm32f103x6.o(.text) refers to system_stm32f1xx.o(.text.SystemInit) for SystemInit
    startup_stm32f103x6.o(.text) refers to entry.o(.ARM.Collect$$$$00000000) for __main
    main.o(.text.main) refers to stm32f1xx_hal.o(.text.HAL_Init) for HAL_Init
    main.o(.text.main) refers to main.o(.text.SystemClock_Config) for SystemClock_Config
    main.o(.text.main) refers to gpio.o(.text.MX_GPIO_Init) for MX_GPIO_Init
    main.o(.text.main) refers to i2c.o(.text.MX_I2C1_Init) for MX_I2C1_Init
    main.o(.text.main) refers to tim.o(.text.MX_TIM1_Init) for MX_TIM1_Init
    main.o(.text.main) refers to tim.o(.text.MX_TIM3_Init) for MX_TIM3_Init
    main.o(.text.main) refers to usart.o(.text.MX_USART1_UART_Init) for MX_USART1_UART_Init
    main.o(.text.main) refers to oled.o(.text.OLED_Init) for OLED_Init
    main.o(.text.main) refers to stm32f1xx_hal_tim.o(.text.HAL_TIM_Base_Start_IT) for HAL_TIM_Base_Start_IT
    main.o(.text.main) refers to stm32f1xx_hal.o(.text.HAL_Delay) for HAL_Delay
    main.o(.text.main) refers to memseta.o(.text) for __aeabi_memclr8
    main.o(.text.main) refers to printfa.o(i.__0sprintf) for __2sprintf
    main.o(.text.main) refers to oled.o(.text.OLED_ShowString) for OLED_ShowString
    main.o(.text.main) refers to dfltui.o(.text) for __aeabi_ui2d
    main.o(.text.main) refers to dmul.o(.text) for __aeabi_dmul
    main.o(.text.main) refers to ddiv.o(.text) for __aeabi_ddiv
    main.o(.text.main) refers to d2f.o(.text) for __aeabi_d2f
    main.o(.text.main) refers to stm32f1xx_hal_gpio.o(.text.HAL_GPIO_ReadPin) for HAL_GPIO_ReadPin
    main.o(.text.main) refers to flash.o(.text.Flash_Mid_Offset) for Flash_Mid_Offset
    main.o(.text.main) refers to flash.o(.text.Get_Mid_Offset) for Get_Mid_Offset
    main.o(.text.main) refers to fadd.o(.text) for __aeabi_fsub
    main.o(.text.main) refers to fcmpgt.o(.text) for __aeabi_fcmpgt
    main.o(.text.main) refers to fdiv.o(.text) for __aeabi_fdiv
    main.o(.text.main) refers to f2d.o(.text) for __aeabi_f2d
    main.o(.text.main) refers to tim.o(.bss.htim1) for htim1
    main.o(.text.main) refers to tim.o(.bss.htim3) for htim3
    main.o(.text.main) refers to main.o(.data..L_MergedGlobals) for [Anonymous Symbol]
    main.o(.ARM.exidx.text.main) refers to main.o(.text.main) for [Anonymous Symbol]
    main.o(.text.SystemClock_Config) refers to memseta.o(.text) for __aeabi_memclr4
    main.o(.text.SystemClock_Config) refers to stm32f1xx_hal_rcc.o(.text.HAL_RCC_OscConfig) for HAL_RCC_OscConfig
    main.o(.text.SystemClock_Config) refers to stm32f1xx_hal_rcc.o(.text.HAL_RCC_ClockConfig) for HAL_RCC_ClockConfig
    main.o(.ARM.exidx.text.SystemClock_Config) refers to main.o(.text.SystemClock_Config) for [Anonymous Symbol]
    main.o(.ARM.exidx.text.Error_Handler) refers to main.o(.text.Error_Handler) for [Anonymous Symbol]
    gpio.o(.text.MX_GPIO_Init) refers to stm32f1xx_hal_gpio.o(.text.HAL_GPIO_Init) for HAL_GPIO_Init
    gpio.o(.ARM.exidx.text.MX_GPIO_Init) refers to gpio.o(.text.MX_GPIO_Init) for [Anonymous Symbol]
    i2c.o(.text.MX_I2C1_Init) refers to stm32f1xx_hal_i2c.o(.text.HAL_I2C_Init) for HAL_I2C_Init
    i2c.o(.text.MX_I2C1_Init) refers to main.o(.text.Error_Handler) for Error_Handler
    i2c.o(.text.MX_I2C1_Init) refers to i2c.o(.bss.hi2c1) for hi2c1
    i2c.o(.ARM.exidx.text.MX_I2C1_Init) refers to i2c.o(.text.MX_I2C1_Init) for [Anonymous Symbol]
    i2c.o(.text.HAL_I2C_MspInit) refers to stm32f1xx_hal_gpio.o(.text.HAL_GPIO_Init) for HAL_GPIO_Init
[...]
    Removing stm32f1xx_hal_uart.o(.text.UART_DMATxHalfCplt), (6 bytes).
    Removing stm32f1xx_hal_uart.o(.ARM.exidx.text.UART_DMATxHalfCplt), (8 bytes).
    Removing stm32f1xx_hal_uart.o(.text.UART_DMAError), (78 bytes).
    Removing stm32f1xx_hal_uart.o(.ARM.exidx.text.UART_DMAError), (8 bytes).
    Removing stm32f1xx_hal_uart.o(.text.HAL_UART_Receive_DMA), (32 bytes).
    Removing stm32f1xx_hal_uart.o(.ARM.exidx.text.HAL_UART_Receive_DMA), (8 bytes).
    Removing stm32f1xx_hal_uart.o(.text.UART_Start_Receive_DMA), (144 bytes).
    Removing stm32f1xx_hal_uart.o(.ARM.exidx.text.UART_Start_Receive_DMA), (8 bytes).
    Removing stm32f1xx_hal_uart.o(.text.HAL_UART_DMAPause), (120 bytes).
    Removing stm32f1xx_hal_uart.o(.ARM.exidx.text.HAL_UART_DMAPause), (8 bytes).
    Removing stm32f1xx_hal_uart.o(.text.HAL_UART_DMAResume), (128 bytes).
    Removing stm32f1xx_hal_uart.o(.ARM.exidx.text.HAL_UART_DMAResume), (8 bytes).
    Removing stm32f1xx_hal_uart.o(.text.HAL_UART_DMAStop), (116 bytes).
    Removing stm32f1xx_hal_uart.o(.ARM.exidx.text.HAL_UART_DMAStop), (8 bytes).
    Removing stm32f1xx_hal_uart.o(.text.UART_EndTxTransfer), (28 bytes).
    Removing stm32f1xx_hal_uart.o(.ARM.exidx.text.UART_EndTxTransfer), (8 bytes).
    Removing stm32f1xx_hal_uart.o(.text.UART_EndRxTransfer), (78 bytes).
    Removing stm32f1xx_hal_uart.o(.ARM.exidx.text.UART_EndRxTransfer), (8 bytes).
    Removing stm32f1xx_hal_uart.o(.text.HAL_UARTEx_ReceiveToIdle), (268 bytes).
    Removing stm32f1xx_hal_uart.o(.ARM.exidx.text.HAL_UARTEx_ReceiveToIdle), (8 bytes).
    Removing stm32f1xx_hal_uart.o(.text.HAL_UARTEx_ReceiveToIdle_IT), (86 bytes).
    Removing stm32f1xx_hal_uart.o(.ARM.exidx.text.HAL_UARTEx_ReceiveToIdle_IT), (8 bytes).
    Removing stm32f1xx_hal_uart.o(.text.HAL_UARTEx_ReceiveToIdle_DMA), (86 bytes).
    Removing stm32f1xx_hal_uart.o(.ARM.exidx.text.HAL_UARTEx_ReceiveToIdle_DMA), (8 bytes).
    Removing stm32f1xx_hal_uart.o(.text.HAL_UARTEx_GetRxEventType), (4 bytes).
    Removing stm32f1xx_hal_uart.o(.ARM.exidx.text.HAL_UARTEx_GetRxEventType), (8 bytes).
    Removing stm32f1xx_hal_uart.o(.text.HAL_UART_Abort), (214 bytes).
    Removing stm32f1xx_hal_uart.o(.ARM.exidx.text.HAL_UART_Abort), (8 bytes).
    Removing stm32f1xx_hal_uart.o(.text.HAL_UART_AbortTransmit), (102 bytes).
    Removing stm32f1xx_hal_uart.o(.ARM.exidx.text.HAL_UART_AbortTransmit), (8 bytes).
    Removing stm32f1xx_hal_uart.o(.text.HAL_UART_AbortReceive), (150 bytes).
    Removing stm32f1xx_hal_uart.o(.ARM.exidx.text.HAL_UART_AbortReceive), (8 bytes).
    Removing stm32f1xx_hal_uart.o(.text.HAL_UART_Abort_IT), (248 bytes).
    Removing stm32f1xx_hal_uart.o(.ARM.exidx.text.HAL_UART_Abort_IT), (8 bytes).
    Removing stm32f1xx_hal_uart.o(.text.UART_DMATxAbortCallback), (40 bytes).
    Removing stm32f1xx_hal_uart.o(.ARM.exidx.text.UART_DMATxAbortCallback), (8 bytes).
    Removing stm32f1xx_hal_uart.o(.text.UART_DMARxAbortCallback), (40 bytes).
    Removing stm32f1xx_hal_uart.o(.ARM.exidx.text.UART_DMARxAbortCallback), (8 bytes).
    Removing stm32f1xx_hal_uart.o(.text.HAL_UART_AbortCpltCallback), (2 bytes).
    Removing stm32f1xx_hal_uart.o(.ARM.exidx.text.HAL_UART_AbortCpltCallback), (8 bytes).
    Removing stm32f1xx_hal_uart.o(.text.HAL_UART_AbortTransmit_IT), (104 bytes).
    Removing stm32f1xx_hal_uart.o(.ARM.exidx.text.HAL_UART_AbortTransmit_IT), (8 bytes).
    Removing stm32f1xx_hal_uart.o(.text.UART_DMATxOnlyAbortCallback), (16 bytes).
    Removing stm32f1xx_hal_uart.o(.ARM.exidx.text.UART_DMATxOnlyAbortCallback), (8 bytes).
    Removing stm32f1xx_hal_uart.o(.text.HAL_UART_AbortTransmitCpltCallback), (2 bytes).
    Removing stm32f1xx_hal_uart.o(.ARM.exidx.text.HAL_UART_AbortTransmitCpltCallback), (8 bytes).
    Removing stm32f1xx_hal_uart.o(.text.HAL_UART_AbortReceive_IT), (152 bytes).
    Removing stm32f1xx_hal_uart.o(.ARM.exidx.text.HAL_UART_AbortReceive_IT), (8 bytes).
    Removing stm32f1xx_hal_uart.o(.text.UART_DMARxOnlyAbortCallback), (18 bytes).
    Removing stm32f1xx_hal_uart.o(.ARM.exidx.text.UART_DMARxOnlyAbortCallback), (8 bytes).
    Removing stm32f1xx_hal_uart.o(.text.HAL_UART_AbortReceiveCpltCallback), (2 bytes).
    Removing stm32f1xx_hal_uart.o(.ARM.exidx.text.HAL_UART_AbortReceiveCpltCallback), (8 bytes).
    Removing stm32f1xx_hal_uart.o(.text.HAL_UART_IRQHandler), (676 bytes).
    Removing stm32f1xx_hal_uart.o(.ARM.exidx.text.HAL_UART_IRQHandler), (8 bytes).
    Removing stm32f1xx_hal_uart.o(.text.UART_Receive_IT), (202 bytes).
    Removing stm32f1xx_hal_uart.o(.ARM.exidx.text.UART_Receive_IT), (8 bytes).
    Removing stm32f1xx_hal_uart.o(.text.UART_DMAAbortOnError), (12 bytes).
    Removing stm32f1xx_hal_uart.o(.ARM.exidx.text.UART_DMAAbortOnError), (8 bytes).
    Removing stm32f1xx_hal_uart.o(.text.HAL_UART_ErrorCallback), (2 bytes).
    Removing stm32f1xx_hal_uart.o(.ARM.exidx.text.HAL_UART_ErrorCallback), (8 bytes).
    Removing stm32f1xx_hal_uart.o(.text.HAL_UARTEx_RxEventCallback), (2 bytes).
    Removing stm32f1xx_hal_uart.o(.ARM.exidx.text.HAL_UARTEx_RxEventCallback), (8 bytes).
    Removing stm32f1xx_hal_uart.o(.text.HAL_UART_TxCpltCallback), (2 bytes).
    Removing stm32f1xx_hal_uart.o(.ARM.exidx.text.HAL_UART_TxCpltCallback), (8 bytes).
    Removing stm32f1xx_hal_uart.o(.text.HAL_UART_TxHalfCpltCallback), (2 bytes).
    Removing stm32f1xx_hal_uart.o(.ARM.exidx.text.HAL_UART_TxHalfCpltCallback), (8 bytes).
    Removing stm32f1xx_hal_uart.o(.text.HAL_UART_RxCpltCallback), (2 bytes).
    Removing stm32f1xx_hal_uart.o(.ARM.exidx.text.HAL_UART_RxCpltCallback), (8 bytes).
    Removing stm32f1xx_hal_uart.o(.text.HAL_UART_RxHalfCpltCallback), (2 bytes).
    Removing stm32f1xx_hal_uart.o(.ARM.exidx.text.HAL_UART_RxHalfCpltCallback), (8 bytes).
    Removing stm32f1xx_hal_uart.o(.text.HAL_LIN_SendBreak), (60 bytes).
    Removing stm32f1xx_hal_uart.o(.ARM.exidx.text.HAL_LIN_SendBreak), (8 bytes).
    Removing stm32f1xx_hal_uart.o(.text.HAL_MultiProcessor_EnterMuteMode), (62 bytes).
    Removing stm32f1xx_hal_uart.o(.ARM.exidx.text.HAL_MultiProcessor_EnterMuteMode), (8 bytes).
    Removing stm32f1xx_hal_uart.o(.text.HAL_MultiProcessor_ExitMuteMode), (62 bytes).
    Removing stm32f1xx_hal_uart.o(.ARM.exidx.text.HAL_MultiProcessor_ExitMuteMode), (8 bytes).
    Removing stm32f1xx_hal_uart.o(.text.HAL_HalfDuplex_EnableTransmitter), (42 bytes).
    Removing stm32f1xx_hal_uart.o(.ARM.exidx.text.HAL_HalfDuplex_EnableTransmitter), (8 bytes).
    Removing stm32f1xx_hal_uart.o(.text.HAL_HalfDuplex_EnableReceiver), (46 bytes).
    Removing stm32f1xx_hal_uart.o(.ARM.exidx.text.HAL_HalfDuplex_EnableReceiver), (8 bytes).
    Removing stm32f1xx_hal_uart.o(.text.HAL_UART_GetState), (14 bytes).
    Removing stm32f1xx_hal_uart.o(.ARM.exidx.text.HAL_UART_GetState), (8 bytes).
    Removing stm32f1xx_hal_uart.o(.text.HAL_UART_GetError), (4 bytes).
    Removing stm32f1xx_hal_uart.o(.ARM.exidx.text.HAL_UART_GetError), (8 bytes).
    Removing stm32f1xx_hal_uart.o(.text.UART_DMAReceiveCplt), (140 bytes).
    Removing stm32f1xx_hal_uart.o(.ARM.exidx.text.UART_DMAReceiveCplt), (8 bytes).
    Removing stm32f1xx_hal_uart.o(.text.UART_DMARxHalfCplt), (24 bytes).
    Removing stm32f1xx_hal_uart.o(.ARM.exidx.text.UART_DMARxHalfCplt), (8 bytes).
    Removing system_stm32f1xx.o(.text), (0 bytes).
    Removing system_stm32f1xx.o(.ARM.exidx.text.SystemInit), (8 bytes).
    Removing system_stm32f1xx.o(.text.SystemCoreClockUpdate), (96 bytes).
    Removing system_stm32f1xx.o(.ARM.exidx.text.SystemCoreClockUpdate), (8 bytes).
    Removing log.o(.text), (0 bytes).
    Removing log.o(.ARM.exidx.text.Log), (8 bytes).
    Removing oled.o(.text), (0 bytes).
    Removing oled.o(.ARM.exidx.text.WriteCmd), (8 bytes).
    Removing oled.o(.ARM.exidx.text.OLED_WR_CMD), (8 bytes).
    Removing oled.o(.ARM.exidx.text.OLED_WR_DATA), (8 bytes).
    Removing oled.o(.ARM.exidx.text.OLED_Init), (8 bytes).
    Removing oled.o(.ARM.exidx.text.OLED_Clear), (8 bytes).
    Removing oled.o(.text.OLED_Display_On), (28 bytes).
    Removing oled.o(.ARM.exidx.text.OLED_Display_On), (8 bytes).
    Removing oled.o(.text.OLED_Display_Off), (28 bytes).
    Removing oled.o(.ARM.exidx.text.OLED_Display_Off), (8 bytes).
    Removing oled.o(.ARM.exidx.text.OLED_Set_Pos), (8 bytes).
    Removing oled.o(.text.OLED_On), (56 bytes).
    Removing oled.o(.ARM.exidx.text.OLED_On), (8 bytes).
    Removing oled.o(.text.oled_pow), (16 bytes).
    Removing oled.o(.ARM.exidx.text.oled_pow), (8 bytes).
    Removing oled.o(.text.OLED_ShowNum), (144 bytes).
    Removing oled.o(.ARM.exidx.text.OLED_ShowNum), (8 bytes).
    Removing oled.o(.ARM.exidx.text.OLED_ShowChar), (8 bytes).
    Removing oled.o(.ARM.exidx.text.OLED_ShowString), (8 bytes).
    Removing oled.o(.text.OLED_ShowString_Len), (70 bytes).
    Removing oled.o(.ARM.exidx.text.OLED_ShowString_Len), (8 bytes).
    Removing oled.o(.text.OLED_ShowCHinese), (84 bytes).
    Removing oled.o(.ARM.exidx.text.OLED_ShowCHinese), (8 bytes).
    Removing oled.o(.rodata.Hzk), (448 bytes).
    Removing flash.o(.text), (0 bytes).
    Removing flash.o(.ARM.exidx.text.Flash_Mid_Offset), (8 bytes).
    Removing flash.o(.ARM.exidx.text.Get_Mid_Offset), (8 bytes).
    Removing key.o(.text), (0 bytes).
    Removing key.o(.text.Is_Calibrate_Button_KeyDown), (24 bytes).
    Removing key.o(.ARM.exidx.text.Is_Calibrate_Button_KeyDown), (8 bytes).

858 unused section(s) (total 44282 bytes) removed from the image.

==============================================================================

Image Symbol Table

    Local Symbols

    Symbol Name                              Value     Ov Type        Size  Object(Section)

    ../Core/Src/gpio.c                       0x00000000   Number         0  gpio.o ABSOLUTE
    ../Core/Src/i2c.c                        0x00000000   Number         0  i2c.o ABSOLUTE
    ../Core/Src/main.c                       0x00000000   Number         0  main.o ABSOLUTE
    ../Core/Src/stm32f1xx_hal_msp.c          0x00000000   Number         0  stm32f1xx_hal_msp.o ABSOLUTE
    ../Core/Src/stm32f1xx_it.c               0x00000000   Number         0  stm32f1xx_it.o ABSOLUTE
    ../Core/Src/system_stm32f1xx.c           0x00000000   Number         0  system_stm32f1xx.o ABSOLUTE
    ../Core/Src/tim.c                        0x00000000   Number         0  tim.o ABSOLUTE
    ../Core/Src/usart.c                      0x00000000   Number         0  usart.o ABSOLUTE
    ../Drivers/STM32F1xx_HAL_Driver/Src/stm32f1xx_hal.c 0x00000000   Number         0  stm32f1xx_hal.o ABSOLUTE
    ../Drivers/STM32F1xx_HAL_Driver/Src/stm32f1xx_hal_cortex.c 0x00000000   Number         0  stm32f1xx_hal_cortex.o ABSOLUTE
    ../Drivers/STM32F1xx_HAL_Driver/Src/stm32f1xx_hal_dma.c 0x00000000   Number         0  stm32f1xx_hal_dma.o ABSOLUTE
    ../Drivers/STM32F1xx_HAL_Driver/Src/stm32f1xx_hal_exti.c 0x00000000   Number         0  stm32f1xx_hal_exti.o ABSOLUTE
    ../Drivers/STM32F1xx_HAL_Driver/Src/stm32f1xx_hal_flash.c 0x00000000   Number         0  stm32f1xx_hal_flash.o ABSOLUTE
    ../Drivers/STM32F1xx_HAL_Driver/Src/stm32f1xx_hal_flash_ex.c 0x00000000   Number         0  stm32f1xx_hal_flash_ex.o ABSOLUTE
    ../Drivers/STM32F1xx_HAL_Driver/Src/stm32f1xx_hal_gpio.c 0x00000000   Number         0  stm32f1xx_hal_gpio.o ABSOLUTE
    ../Drivers/STM32F1xx_HAL_Driver/Src/stm32f1xx_hal_gpio_ex.c 0x00000000   Number         0  stm32f1xx_hal_gpio_ex.o ABSOLUTE
    ../Drivers/STM32F1xx_HAL_Driver/Src/stm32f1xx_hal_i2c.c 0x00000000   Number         0  stm32f1xx_hal_i2c.o ABSOLUTE
    ../Drivers/STM32F1xx_HAL_Driver/Src/stm32f1xx_hal_pwr.c 0x00000000   Number         0  stm32f1xx_hal_pwr.o ABSOLUTE
    ../Drivers/STM32F1xx_HAL_Driver/Src/stm32f1xx_hal_rcc.c 0x00000000   Number         0  stm32f1xx_hal_rcc.o ABSOLUTE
    ../Drivers/STM32F1xx_HAL_Driver/Src/stm32f1xx_hal_rcc_ex.c 0x00000000   Number         0  stm32f1xx_hal_rcc_ex.o ABSOLUTE
    ../Drivers/STM32F1xx_HAL_Driver/Src/stm32f1xx_hal_tim.c 0x00000000   Number         0  stm32f1xx_hal_tim.o ABSOLUTE
    ../Drivers/STM32F1xx_HAL_Driver/Src/stm32f1xx_hal_tim_ex.c 0x00000000   Number         0  stm32f1xx_hal_tim_ex.o ABSOLUTE
    ../Drivers/STM32F1xx_HAL_Driver/Src/stm32f1xx_hal_uart.c 0x00000000   Number         0  stm32f1xx_hal_uart.o ABSOLUTE
    ../User/flash.c                          0x00000000   Number         0  flash.o ABSOLUTE
    ../User/key.c                            0x00000000   Number         0  key.o ABSOLUTE
    ../User/log.c                            0x00000000   Number         0  log.o ABSOLUTE
    ../User/oled.c                           0x00000000   Number         0  oled.o ABSOLUTE
    ../clib/microlib/division.c              0x00000000   Number         0  uldiv.o ABSOLUTE
    ../clib/microlib/division.c              0x00000000   Number         0  uidiv.o ABSOLUTE
    ../clib/microlib/init/entry.s            0x00000000   Number         0  entry2.o ABSOLUTE
    ../clib/microlib/init/entry.s            0x00000000   Number         0  entry7a.o ABSOLUTE
    ../clib/microlib/init/entry.s            0x00000000   Number         0  entry7b.o ABSOLUTE
    ../clib/microlib/init/entry.s            0x00000000   Number         0  entry8a.o ABSOLUTE
    ../clib/microlib/init/entry.s            0x00000000   Number         0  entry5.o ABSOLUTE
    ../clib/microlib/init/entry.s            0x00000000   Number         0  entry8b.o ABSOLUTE
    ../clib/microlib/init/entry.s            0x00000000   Number         0  entry9a.o ABSOLUTE
    ../clib/microlib/init/entry.s            0x00000000   Number         0  entry.o ABSOLUTE
    ../clib/microlib/init/entry.s            0x00000000   Number         0  entry9b.o ABSOLUTE
    ../clib/microlib/init/entry.s            0x00000000   Number         0  entry10a.o ABSOLUTE
    ../clib/microlib/init/entry.s            0x00000000   Number         0  entry10b.o ABSOLUTE
    ../clib/microlib/init/entry.s            0x00000000   Number         0  entry11a.o ABSOLUTE
    ../clib/microlib/init/entry.s            0x00000000   Number         0  entry11b.o ABSOLUTE
    ../clib/microlib/longlong.c              0x00000000   Number         0  llsshr.o ABSOLUTE
    ../clib/microlib/longlong.c              0x00000000   Number         0  llushr.o ABSOLUTE
    ../clib/microlib/longlong.c              0x00000000   Number         0  llshl.o ABSOLUTE
    ../clib/microlib/printf/printf.c         0x00000000   Number         0  printf4.o ABSOLUTE
    ../clib/microlib/printf/printf.c         0x00000000   Number         0  printfb.o ABSOLUTE
    ../clib/microlib/printf/printf.c         0x00000000   Number         0  printfa.o ABSOLUTE
    ../clib/microlib/printf/printf.c         0x00000000   Number         0  printf8.o ABSOLUTE
    ../clib/microlib/printf/printf.c         0x00000000   Number         0  printf7.o ABSOLUTE
    ../clib/microlib/printf/printf.c         0x00000000   Number         0  printf6.o ABSOLUTE
    ../clib/microlib/printf/printf.c         0x00000000   Number         0  printf5.o ABSOLUTE
    ../clib/microlib/printf/printf.c         0x00000000   Number         0  printf3.o ABSOLUTE
    ../clib/microlib/printf/printf.c         0x00000000   Number         0  printf2.o ABSOLUTE
    ../clib/microlib/printf/printf.c         0x00000000   Number         0  printf1.o ABSOLUTE
    ../clib/microlib/printf/printf.c         0x00000000   Number         0  printf0.o ABSOLUTE
    ../clib/microlib/printf/stubs.s          0x00000000   Number         0  stubs.o ABSOLUTE
    ../clib/microlib/stdio/fputc.c           0x00000000   Number         0  fputc_h.o ABSOLUTE
    ../clib/microlib/stdio/fputc.c           0x00000000   Number         0  fputc.o ABSOLUTE
    ../clib/microlib/stdio/semi.s            0x00000000   Number         0  semi.o ABSOLUTE
    ../clib/microlib/stdio/streams.c         0x00000000   Number         0  stdout.o ABSOLUTE
    ../clib/microlib/string/memset.c         0x00000000   Number         0  memseta.o ABSOLUTE
    ../clib/microlib/stubs.s                 0x00000000   Number         0  iusefp.o ABSOLUTE
    ../clib/microlib/stubs.s                 0x00000000   Number         0  iusesemip.o ABSOLUTE
    ../fplib/microlib/d2f.c                  0x00000000   Number         0  d2f.o ABSOLUTE
    ../fplib/microlib/f2d.c                  0x00000000   Number         0  f2d.o ABSOLUTE
    ../fplib/microlib/fpadd.c                0x00000000   Number         0  dadd.o ABSOLUTE
    ../fplib/microlib/fpadd.c                0x00000000   Number         0  fadd.o ABSOLUTE
    ../fplib/microlib/fpcmp.c                0x00000000   Number         0  fcmpgt.o ABSOLUTE
    ../fplib/microlib/fpdiv.c                0x00000000   Number         0  ddiv.o ABSOLUTE
    ../fplib/microlib/fpdiv.c                0x00000000   Number         0  fdiv.o ABSOLUTE
    ../fplib/microlib/fpepilogue.c           0x00000000   Number         0  fepilogue.o ABSOLUTE
    ../fplib/microlib/fpepilogue.c           0x00000000   Number         0  depilogue.o ABSOLUTE
    ../fplib/microlib/fpfix.c                0x00000000   Number         0  ffixui.o ABSOLUTE
    ../fplib/microlib/fpfix.c                0x00000000   Number         0  dfixul.o ABSOLUTE
    ../fplib/microlib/fpflt.c                0x00000000   Number         0  ffltui.o ABSOLUTE
    ../fplib/microlib/fpflt.c                0x00000000   Number         0  dfltui.o ABSOLUTE
    ../fplib/microlib/fpmul.c                0x00000000   Number         0  fmul.o ABSOLUTE
    ../fplib/microlib/fpmul.c                0x00000000   Number         0  dmul.o ABSOLUTE
    cdrcmple.s                               0x00000000   Number         0  cdrcmple.o ABSOLUTE
    dc.s                                     0x00000000   Number         0  dc.o ABSOLUTE
    handlers.s                               0x00000000   Number         0  handlers.o ABSOLUTE
    init.s                                   0x00000000   Number         0  init.o ABSOLUTE
    startup_stm32f103x6.s                    0x00000000   Number         0  startup_stm32f103x6.o ABSOLUTE
    RESET                                    0x08000000   Section      236  startup_stm32f103x6.o(RESET)
    .ARM.Collect$$$$00000000                 0x080000ec   Section        0  entry.o(.ARM.Collect$$$$00000000)
    .ARM.Collect$$$$00000001                 0x080000ec   Section        4  entry2.o(.ARM.Collect$$$$00000001)
    .ARM.Collect$$$$00000004                 0x080000f0   Section        4  entry5.o(.ARM.Collect$$$$00000004)
    .ARM.Collect$$$$00000008                 0x080000f4   Section        0  entry7b.o(.ARM.Collect$$$$00000008)
    .ARM.Collect$$$$0000000A                 0x080000f4   Section        0  entry8b.o(.ARM.Collect$$$$0000000A)
    .ARM.Collect$$$$0000000B                 0x080000f4   Section        8  entry9a.o(.ARM.Collect$$$$0000000B)
    .ARM.Collect$$$$0000000D                 0x080000fc   Section        0  entry10a.o(.ARM.Collect$$$$0000000D)
    .ARM.Collect$$$$0000000F                 0x080000fc   Section        0  entry11a.o(.ARM.Collect$$$$0000000F)
    .ARM.Collect$$$$00002712                 0x080000fc   Section        4  entry2.o(.ARM.Collect$$$$00002712)
    __lit__00000000                          0x080000fc   Data           4  entry2.o(.ARM.Collect$$$$00002712)
    .text                                    0x08000100   Section       36  startup_stm32f103x6.o(.text)
    .text                                    0x08000124   Section        0  memseta.o(.text)
    .text                                    0x08000148   Section        0  fadd.o(.text)
    .text                                    0x080001f8   Section        0  fmul.o(.text)
    .text                                    0x0800025c   Section        0  fdiv.o(.text)
    .text                                    0x080002d8   Section        0  dmul.o(.text)
    .text                                    0x080003bc   Section        0  ddiv.o(.text)
    .text                                    0x0800049a   Section        0  fcmpgt.o(.text)
    .text                                    0x080004b6   Section        0  ffltui.o(.text)
    .text                                    0x080004c0   Section        0  dfltui.o(.text)
    .text                                    0x080004da   Section        0  ffixui.o(.text)
    .text                                    0x08000502   Section        0  f2d.o(.text)
    .text                                    0x08000528   Section        0  d2f.o(.text)
    .text                                    0x08000560   Section        0  uidiv.o(.text)
    .text                                    0x0800058c   Section        0  uldiv.o(.text)
    .text                                    0x080005ee   Section        0  iusefp.o(.text)
    .text                                    0x080005ee   Section        0  fepilogue.o(.text)
    .text                                    0x0800065c   Section        0  depilogue.o(.text)
    .text                                    0x08000716   Section        0  dadd.o(.text)
    .text                                    0x08000864   Section        0  dfixul.o(.text)
    .text                                    0x08000894   Section       48  cdrcmple.o(.text)
    .text                                    0x080008c4   Section       36  init.o(.text)
    .text                                    0x080008e8   Section        0  llshl.o(.text)
    .text                                    0x08000906   Section        0  llushr.o(.text)
    .text                                    0x08000926   Section        0  llsshr.o(.text)
    [Anonymous Symbol]                       0x0800094a   Section        0  stm32f1xx_it.o(.text.BusFault_Handler)
    [Anonymous Symbol]                       0x0800094c   Section        0  stm32f1xx_it.o(.text.DebugMon_Handler)
    [Anonymous Symbol]                       0x0800094e   Section        0  main.o(.text.Error_Handler)
    [Anonymous Symbol]                       0x08000958   Section        0  stm32f1xx_hal_flash.o(.text.FLASH_SetErrorCode)
    FLASH_SetErrorCode                       0x08000959   Thumb Code    88  stm32f1xx_hal_flash.o(.text.FLASH_SetErrorCode)
    [Anonymous Symbol]                       0x080009a8   Section        0  stm32f1xx_hal_flash.o(.text.FLASH_WaitForLastOperation)
    __arm_cp.1_0                             0x08000a04   Number         4  stm32f1xx_hal_flash.o(.text.FLASH_WaitForLastOperation)
    [Anonymous Symbol]                       0x08000a08   Section        0  flash.o(.text.Flash_Mid_Offset)
    __arm_cp.0_0                             0x08000a4c   Number         4  flash.o(.text.Flash_Mid_Offset)
    [Anonymous Symbol]                       0x08000a64   Section        0  flash.o(.text.Get_Mid_Offset)
    __arm_cp.1_0                             0x08000a78   Number         4  flash.o(.text.Get_Mid_Offset)
    __arm_cp.1_1                             0x08000a7c   Number         4  flash.o(.text.Get_Mid_Offset)
    [Anonymous Symbol]                       0x08000a80   Section        0  stm32f1xx_hal.o(.text.HAL_Delay)
    [Anonymous Symbol]                       0x08000aa8   Section        0  stm32f1xx_hal_flash_ex.o(.text.HAL_FLASHEx_Erase)
    [Anonymous Symbol]                       0x08000b60   Section        0  stm32f1xx_hal_flash.o(.text.HAL_FLASH_Program)
    __arm_cp.0_0                             0x08000c08   Number         4  stm32f1xx_hal_flash.o(.text.HAL_FLASH_Program)
    __arm_cp.0_1                             0x08000c0c   Number         4  stm32f1xx_hal_flash.o(.text.HAL_FLASH_Program)
    [Anonymous Symbol]                       0x08000c10   Section        0  stm32f1xx_hal_flash.o(.text.HAL_FLASH_Unlock)
    __arm_cp.7_0                             0x08000c30   Number         4  stm32f1xx_hal_flash.o(.text.HAL_FLASH_Unlock)
    __arm_cp.7_1                             0x08000c34   Number         4  stm32f1xx_hal_flash.o(.text.HAL_FLASH_Unlock)
    __arm_cp.7_2                             0x08000c38   Number         4  stm32f1xx_hal_flash.o(.text.HAL_FLASH_Unlock)
    [Anonymous Symbol]                       0x08000c3c   Section        0  stm32f1xx_hal_gpio.o(.text.HAL_GPIO_Init)
    __arm_cp.0_0                             0x08000dcc   Number         4  stm32f1xx_hal_gpio.o(.text.HAL_GPIO_Init)
    __arm_cp.0_1                             0x08000dd0   Number         4  stm32f1xx_hal_gpio.o(.text.HAL_GPIO_Init)
    __arm_cp.0_2                             0x08000dd4   Number         4  stm32f1xx_hal_gpio.o(.text.HAL_GPIO_Init)
    __arm_cp.0_3                             0x08000dd8   Number         4  stm32f1xx_hal_gpio.o(.text.HAL_GPIO_Init)
    __arm_cp.0_4                             0x08000ddc   Number         4  stm32f1xx_hal_gpio.o(.text.HAL_GPIO_Init)
    __arm_cp.0_5                             0x08000de0   Number         4  stm32f1xx_hal_gpio.o(.text.HAL_GPIO_Init)
    __arm_cp.0_6                             0x08000de4   Number         4  stm32f1xx_hal_gpio.o(.text.HAL_GPIO_Init)
    __arm_cp.0_7                             0x08000de8   Number         4  stm32f1xx_hal_gpio.o(.text.HAL_GPIO_Init)
    __arm_cp.0_9                             0x08000dec   Number         4  stm32f1xx_hal_gpio.o(.text.HAL_GPIO_Init)
    __arm_cp.0_10                            0x08000df0   Number         4  stm32f1xx_hal_gpio.o(.text.HAL_GPIO_Init)
    __arm_cp.0_11                            0x08000df4   Number         4  stm32f1xx_hal_gpio.o(.text.HAL_GPIO_Init)
    __arm_cp.0_12                            0x08000df8   Number         4  stm32f1xx_hal_gpio.o(.text.HAL_GPIO_Init)
    [Anonymous Symbol]                       0x08000dfc   Section        0  stm32f1xx_hal_gpio.o(.text.HAL_GPIO_ReadPin)
    [Anonymous Symbol]                       0x08000e08   Section        0  stm32f1xx_hal.o(.text.HAL_GetTick)
    __arm_cp.6_0                             0x08000e10   Number         4  stm32f1xx_hal.o(.text.HAL_GetTick)
    [Anonymous Symbol]                       0x08000e14   Section        0  stm32f1xx_hal_i2c.o(.text.HAL_I2C_Init)
    __arm_cp.0_0                             0x08000f74   Number         4  stm32f1xx_hal_i2c.o(.text.HAL_I2C_Init)
    __arm_cp.0_1                             0x08000f78   Number         4  stm32f1xx_hal_i2c.o(.text.HAL_I2C_Init)
    __arm_cp.0_2                             0x08000f7c   Number         4  stm32f1xx_hal_i2c.o(.text.HAL_I2C_Init)
    __arm_cp.0_3                             0x08000f80   Number         4  stm32f1xx_hal_i2c.o(.text.HAL_I2C_Init)
    [Anonymous Symbol]                       0x08000f84   Section        0  stm32f1xx_hal_i2c.o(.text.HAL_I2C_Mem_Write)
    __arm_cp.22_0                            0x080010a4   Number         4  stm32f1xx_hal_i2c.o(.text.HAL_I2C_Mem_Write)
    __arm_cp.22_1                            0x080010a8   Number         4  stm32f1xx_hal_i2c.o(.text.HAL_I2C_Mem_Write)
    [Anonymous Symbol]                       0x080010ac   Section        0  i2c.o(.text.HAL_I2C_MspInit)
    __arm_cp.1_0                             0x08001104   Number         4  i2c.o(.text.HAL_I2C_MspInit)
    __arm_cp.1_1                             0x08001108   Number         4  i2c.o(.text.HAL_I2C_MspInit)
    [Anonymous Symbol]                       0x0800110c   Section        0  stm32f1xx_hal.o(.text.HAL_IncTick)
    [Anonymous Symbol]                       0x08001118   Section        0  stm32f1xx_hal.o(.text.HAL_Init)
    __arm_cp.0_0                             0x08001138   Number         4  stm32f1xx_hal.o(.text.HAL_Init)
    [Anonymous Symbol]                       0x0800113c   Section        0  stm32f1xx_hal.o(.text.HAL_InitTick)
    __arm_cp.1_0                             0x08001174   Number         4  stm32f1xx_hal.o(.text.HAL_InitTick)
    [Anonymous Symbol]                       0x08001178   Section        0  stm32f1xx_hal_msp.o(.text.HAL_MspInit)
    __arm_cp.0_0                             0x080011b0   Number         4  stm32f1xx_hal_msp.o(.text.HAL_MspInit)
    __arm_cp.0_1                             0x080011b4   Number         4  stm32f1xx_hal_msp.o(.text.HAL_MspInit)
    [Anonymous Symbol]                       0x080011b8   Section        0  stm32f1xx_hal_cortex.o(.text.HAL_NVIC_EnableIRQ)
    __arm_cp.2_0                             0x080011d0   Number         4  stm32f1xx_hal_cortex.o(.text.HAL_NVIC_EnableIRQ)
    [Anonymous Symbol]                       0x080011d4   Section        0  stm32f1xx_hal_cortex.o(.text.HAL_NVIC_SetPriority)
    __arm_cp.1_0                             0x08001228   Number         4  stm32f1xx_hal_cortex.o(.text.HAL_NVIC_SetPriority)
    [Anonymous Symbol]                       0x0800122c   Section        0  stm32f1xx_hal_cortex.o(.text.HAL_NVIC_SetPriorityGrouping)
    __arm_cp.0_0                             0x08001244   Number         4  stm32f1xx_hal_cortex.o(.text.HAL_NVIC_SetPriorityGrouping)
    __arm_cp.0_1                             0x08001248   Number         4  stm32f1xx_hal_cortex.o(.text.HAL_NVIC_SetPriorityGrouping)
    [Anonymous Symbol]                       0x0800124c   Section        0  stm32f1xx_hal_rcc.o(.text.HAL_RCC_ClockConfig)
    __arm_cp.2_0                             0x08001374   Number         4  stm32f1xx_hal_rcc.o(.text.HAL_RCC_ClockConfig)
    __arm_cp.2_1                             0x08001378   Number         4  stm32f1xx_hal_rcc.o(.text.HAL_RCC_ClockConfig)
    __arm_cp.2_3                             0x0800137c   Number         4  stm32f1xx_hal_rcc.o(.text.HAL_RCC_ClockConfig)
    [Anonymous Symbol]                       0x08001380   Section        0  stm32f1xx_hal_rcc.o(.text.HAL_RCC_GetPCLK1Freq)
    [Anonymous Symbol]                       0x08001394   Section        0  stm32f1xx_hal_rcc.o(.text.HAL_RCC_GetPCLK2Freq)
    __arm_cp.9_0                             0x080013a8   Number         4  stm32f1xx_hal_rcc.o(.text.HAL_RCC_GetPCLK2Freq)
    __arm_cp.9_2                             0x080013ac   Number         4  stm32f1xx_hal_rcc.o(.text.HAL_RCC_GetPCLK2Freq)
    [Anonymous Symbol]                       0x080013b0   Section        0  stm32f1xx_hal_rcc.o(.text.HAL_RCC_GetSysClockFreq)
    __arm_cp.3_0                             0x080013e8   Number         4  stm32f1xx_hal_rcc.o(.text.HAL_RCC_GetSysClockFreq)
    __arm_cp.3_1                             0x080013ec   Number         4  stm32f1xx_hal_rcc.o(.text.HAL_RCC_GetSysClockFreq)
    HAL_RCC_GetSysClockFreq.aPLLMULFactorTable 0x080013f0   Number         0  stm32f1xx_hal_rcc.o(.text.HAL_RCC_GetSysClockFreq)
    HAL_RCC_GetSysClockFreq.aPredivFactorTable 0x08001400   Number         0  stm32f1xx_hal_rcc.o(.text.HAL_RCC_GetSysClockFreq)
    __arm_cp.3_4                             0x08001404   Number         4  stm32f1xx_hal_rcc.o(.text.HAL_RCC_GetSysClockFreq)
    [Anonymous Symbol]                       0x08001408   Section        0  stm32f1xx_hal_rcc.o(.text.HAL_RCC_OscConfig)
    __arm_cp.1_0                             0x08001774   Number         4  stm32f1xx_hal_rcc.o(.text.HAL_RCC_OscConfig)
    __arm_cp.1_1                             0x08001778   Number         4  stm32f1xx_hal_rcc.o(.text.HAL_RCC_OscConfig)
    __arm_cp.1_2                             0x0800177c   Number         4  stm32f1xx_hal_rcc.o(.text.HAL_RCC_OscConfig)
    __arm_cp.1_3                             0x08001780   Number         4  stm32f1xx_hal_rcc.o(.text.HAL_RCC_OscConfig)
    __arm_cp.1_4                             0x08001784   Number         4  stm32f1xx_hal_rcc.o(.text.HAL_RCC_OscConfig)
    [Anonymous Symbol]                       0x08001788   Section        0  stm32f1xx_hal_cortex.o(.text.HAL_SYSTICK_Config)
    __arm_cp.5_0                             0x080017a8   Number         4  stm32f1xx_hal_cortex.o(.text.HAL_SYSTICK_Config)
    __arm_cp.5_1                             0x080017ac   Number         4  stm32f1xx_hal_cortex.o(.text.HAL_SYSTICK_Config)
    [Anonymous Symbol]                       0x080017b0   Section        0  stm32f1xx_hal_tim_ex.o(.text.HAL_TIMEx_BreakCallback)
    [Anonymous Symbol]                       0x080017b2   Section        0  stm32f1xx_hal_tim_ex.o(.text.HAL_TIMEx_CommutCallback)
    [Anonymous Symbol]                       0x080017b4   Section        0  stm32f1xx_hal_tim_ex.o(.text.HAL_TIMEx_MasterConfigSynchronization)
    [Anonymous Symbol]                       0x08001810   Section        0  stm32f1xx_hal_tim.o(.text.HAL_TIM_Base_Init)
    [Anonymous Symbol]                       0x08001868   Section        0  tim.o(.text.HAL_TIM_Base_MspInit)
    __arm_cp.2_0                             0x080018f0   Number         4  tim.o(.text.HAL_TIM_Base_MspInit)
    [Anonymous Symbol]                       0x080018f4   Section        0  stm32f1xx_hal_tim.o(.text.HAL_TIM_Base_Start_IT)
    __arm_cp.7_0                             0x08001938   Number         4  stm32f1xx_hal_tim.o(.text.HAL_TIM_Base_Start_IT)
    __arm_cp.7_1                             0x0800193c   Number         4  stm32f1xx_hal_tim.o(.text.HAL_TIM_Base_Start_IT)
    [Anonymous Symbol]                       0x08001940   Section        0  stm32f1xx_hal_tim.o(.text.HAL_TIM_ConfigClockSource)
    [Anonymous Symbol]                       0x08001a38   Section        0  stm32f1xx_hal_tim.o(.text.HAL_TIM_IC_CaptureCallback)
    [Anonymous Symbol]                       0x08001a3a   Section        0  stm32f1xx_hal_tim.o(.text.HAL_TIM_IRQHandler)
    [Anonymous Symbol]                       0x08001bac   Section        0  stm32f1xx_hal_tim.o(.text.HAL_TIM_OC_DelayElapsedCallback)
    [Anonymous Symbol]                       0x08001bae   Section        0  stm32f1xx_hal_tim.o(.text.HAL_TIM_PWM_PulseFinishedCallback)
    [Anonymous Symbol]                       0x08001bb0   Section        0  stm32f1xx_hal_tim.o(.text.HAL_TIM_PeriodElapsedCallback)
    [Anonymous Symbol]                       0x08001bb2   Section        0  stm32f1xx_hal_tim.o(.text.HAL_TIM_TriggerCallback)
    [Anonymous Symbol]                       0x08001bb4   Section        0  stm32f1xx_hal_uart.o(.text.HAL_UART_Init)
    [Anonymous Symbol]                       0x08001c14   Section        0  usart.o(.text.HAL_UART_MspInit)
    __arm_cp.1_0                             0x08001c84   Number         4  usart.o(.text.HAL_UART_MspInit)
    __arm_cp.1_1                             0x08001c88   Number         4  usart.o(.text.HAL_UART_MspInit)
    [Anonymous Symbol]                       0x08001c8c   Section        0  stm32f1xx_hal_uart.o(.text.HAL_UART_Transmit)
    [Anonymous Symbol]                       0x08001d34   Section        0  stm32f1xx_it.o(.text.HardFault_Handler)
    [Anonymous Symbol]                       0x08001d38   Section        0  stm32f1xx_hal_i2c.o(.text.I2C_IsAcknowledgeFailed)
    I2C_IsAcknowledgeFailed                  0x08001d39   Thumb Code    52  stm32f1xx_hal_i2c.o(.text.I2C_IsAcknowledgeFailed)
    [Anonymous Symbol]                       0x08001d68   Section        0  stm32f1xx_hal_i2c.o(.text.I2C_RequestMemoryWrite)
    I2C_RequestMemoryWrite                   0x08001d69   Thumb Code   184  stm32f1xx_hal_i2c.o(.text.I2C_RequestMemoryWrite)
    __arm_cp.23_0                            0x08001e1c   Number         4  stm32f1xx_hal_i2c.o(.text.I2C_RequestMemoryWrite)
    [Anonymous Symbol]                       0x08001e20   Section        0  stm32f1xx_hal_i2c.o(.text.I2C_WaitOnBTFFlagUntilTimeout)
    I2C_WaitOnBTFFlagUntilTimeout            0x08001e21   Thumb Code    90  stm32f1xx_hal_i2c.o(.text.I2C_WaitOnBTFFlagUntilTimeout)
    [Anonymous Symbol]                       0x08001e7a   Section        0  stm32f1xx_hal_i2c.o(.text.I2C_WaitOnFlagUntilTimeout)
    I2C_WaitOnFlagUntilTimeout               0x08001e7b   Thumb Code   150  stm32f1xx_hal_i2c.o(.text.I2C_WaitOnFlagUntilTimeout)
    [Anonymous Symbol]                       0x08001f10   Section        0  stm32f1xx_hal_i2c.o(.text.I2C_WaitOnMasterAddressFlagUntilTimeout)
    I2C_WaitOnMasterAddressFlagUntilTimeout  0x08001f11   Thumb Code   160  stm32f1xx_hal_i2c.o(.text.I2C_WaitOnMasterAddressFlagUntilTimeout)
    __arm_cp.60_0                            0x08001fac   Number         4  stm32f1xx_hal_i2c.o(.text.I2C_WaitOnMasterAddressFlagUntilTimeout)
    [Anonymous Symbol]                       0x08001fb0   Section        0  stm32f1xx_hal_i2c.o(.text.I2C_WaitOnTXEFlagUntilTimeout)
    I2C_WaitOnTXEFlagUntilTimeout            0x08001fb1   Thumb Code    90  stm32f1xx_hal_i2c.o(.text.I2C_WaitOnTXEFlagUntilTimeout)
    [Anonymous Symbol]                       0x0800200c   Section        0  log.o(.text.Log)
    [Anonymous Symbol]                       0x08002050   Section        0  gpio.o(.text.MX_GPIO_Init)
    __arm_cp.0_0                             0x080020a4   Number         4  gpio.o(.text.MX_GPIO_Init)
    __arm_cp.0_1                             0x080020a8   Number         4  gpio.o(.text.MX_GPIO_Init)
    [Anonymous Symbol]                       0x080020ac   Section        0  i2c.o(.text.MX_I2C1_Init)
    __arm_cp.0_1                             0x080020dc   Number         4  i2c.o(.text.MX_I2C1_Init)
    __arm_cp.0_2                             0x080020e0   Number         4  i2c.o(.text.MX_I2C1_Init)
    [Anonymous Symbol]                       0x080020e4   Section        0  tim.o(.text.MX_TIM1_Init)
    [Anonymous Symbol]                       0x0800214c   Section        0  tim.o(.text.MX_TIM3_Init)
    [Anonymous Symbol]                       0x080021ac   Section        0  usart.o(.text.MX_USART1_UART_Init)
    __arm_cp.0_0                             0x080021dc   Number         4  usart.o(.text.MX_USART1_UART_Init)
    [Anonymous Symbol]                       0x080021e0   Section        0  stm32f1xx_it.o(.text.MemManage_Handler)
    [Anonymous Symbol]                       0x080021e2   Section        0  stm32f1xx_it.o(.text.NMI_Handler)
    [Anonymous Symbol]                       0x080021e4   Section        0  oled.o(.text.OLED_Clear)
    [Anonymous Symbol]                       0x08002218   Section        0  oled.o(.text.OLED_Init)
    [Anonymous Symbol]                       0x0800222c   Section        0  oled.o(.text.OLED_Set_Pos)
    __arm_cp.7_0                             0x08002250   Number         4  oled.o(.text.OLED_Set_Pos)
    [Anonymous Symbol]                       0x08002254   Section        0  oled.o(.text.OLED_ShowChar)
    __arm_cp.11_0                            0x080022e0   Number         4  oled.o(.text.OLED_ShowChar)
    __arm_cp.11_1                            0x080022e4   Number         4  oled.o(.text.OLED_ShowChar)
    [Anonymous Symbol]                       0x080022e8   Section        0  oled.o(.text.OLED_ShowString)
    [Anonymous Symbol]                       0x0800232c   Section        0  oled.o(.text.OLED_WR_CMD)
    [Anonymous Symbol]                       0x08002350   Section        0  oled.o(.text.OLED_WR_DATA)
    __arm_cp.2_0                             0x08002374   Number         4  oled.o(.text.OLED_WR_DATA)
    [Anonymous Symbol]                       0x08002378   Section        0  stm32f1xx_it.o(.text.PendSV_Handler)
    [Anonymous Symbol]                       0x0800237a   Section        0  stm32f1xx_it.o(.text.SVC_Handler)
    [Anonymous Symbol]                       0x0800237c   Section        0  stm32f1xx_it.o(.text.SysTick_Handler)
    [Anonymous Symbol]                       0x08002380   Section        0  main.o(.text.SystemClock_Config)
    [Anonymous Symbol]                       0x080023e6   Section        0  system_stm32f1xx.o(.text.SystemInit)
    [Anonymous Symbol]                       0x080023e8   Section        0  stm32f1xx_it.o(.text.TIM1_UP_IRQHandler)
    [Anonymous Symbol]                       0x08002400   Section        0  stm32f1xx_it.o(.text.TIM3_IRQHandler)
    __arm_cp.10_0                            0x0800243c   Number         4  stm32f1xx_it.o(.text.TIM3_IRQHandler)
    __arm_cp.10_1                            0x08002440   Number         4  stm32f1xx_it.o(.text.TIM3_IRQHandler)
    __arm_cp.10_2                            0x08002444   Number         4  stm32f1xx_it.o(.text.TIM3_IRQHandler)
    __arm_cp.10_3                            0x08002448   Number         4  stm32f1xx_it.o(.text.TIM3_IRQHandler)
    __arm_cp.10_4                            0x0800244c   Number         4  stm32f1xx_it.o(.text.TIM3_IRQHandler)
    __arm_cp.10_5                            0x08002450   Number         4  stm32f1xx_it.o(.text.TIM3_IRQHandler)
    [Anonymous Symbol]                       0x08002454   Section        0  stm32f1xx_hal_tim.o(.text.TIM_Base_SetConfig)
    __arm_cp.2_0                             0x080024b0   Number         4  stm32f1xx_hal_tim.o(.text.TIM_Base_SetConfig)
    __arm_cp.2_1                             0x080024b4   Number         4  stm32f1xx_hal_tim.o(.text.TIM_Base_SetConfig)
    [Anonymous Symbol]                       0x080024b8   Section        0  stm32f1xx_hal_tim.o(.text.TIM_TI1_ConfigInputStage)
    TIM_TI1_ConfigInputStage                 0x080024b9   Thumb Code    34  stm32f1xx_hal_tim.o(.text.TIM_TI1_ConfigInputStage)
    [Anonymous Symbol]                       0x080024da   Section        0  stm32f1xx_hal_tim.o(.text.TIM_TI2_ConfigInputStage)
    TIM_TI2_ConfigInputStage                 0x080024db   Thumb Code    36  stm32f1xx_hal_tim.o(.text.TIM_TI2_ConfigInputStage)
    [Anonymous Symbol]                       0x08002500   Section        0  stm32f1xx_hal_uart.o(.text.UART_SetConfig)
    UART_SetConfig                           0x08002501   Thumb Code   132  stm32f1xx_hal_uart.o(.text.UART_SetConfig)
    __arm_cp.2_0                             0x08002580   Number         4  stm32f1xx_hal_uart.o(.text.UART_SetConfig)
    [Anonymous Symbol]                       0x08002584   Section        0  stm32f1xx_hal_uart.o(.text.UART_WaitOnFlagUntilTimeout)
    UART_WaitOnFlagUntilTimeout              0x08002585   Thumb Code   110  stm32f1xx_hal_uart.o(.text.UART_WaitOnFlagUntilTimeout)
    [Anonymous Symbol]                       0x080025f2   Section        0  stm32f1xx_it.o(.text.UsageFault_Handler)
    [Anonymous Symbol]                       0x080025f4   Section        0  oled.o(.text.WriteCmd)
    __arm_cp.0_0                             0x08002624   Number         4  oled.o(.text.WriteCmd)
    __arm_cp.0_1                             0x08002628   Number         4  oled.o(.text.WriteCmd)
    [Anonymous Symbol]                       0x0800262c   Section        0  main.o(.text.main)
    __arm_cp.0_0                             0x08002754   Number         4  main.o(.text.main)
    __arm_cp.0_1                             0x08002758   Number         4  main.o(.text.main)
    __arm_cp.0_2                             0x0800275c   Number         4  main.o(.text.main)
    __arm_cp.0_4                             0x08002774   Number         4  main.o(.text.main)
    __arm_cp.0_5                             0x08002778   Number         4  main.o(.text.main)
    __arm_cp.0_6                             0x0800277c   Number         4  main.o(.text.main)
    __arm_cp.0_7                             0x08002780   Number         4  main.o(.text.main)
    __arm_cp.0_8                             0x08002784   Number         4  main.o(.text.main)
    i.__0sprintf                             0x080027a0   Section        0  printfa.o(i.__0sprintf)
    i.__0vsnprintf                           0x080027c8   Section        0  printfa.o(i.__0vsnprintf)
    i.__scatterload_copy                     0x080027f4   Section       14  handlers.o(i.__scatterload_copy)
    i.__scatterload_null                     0x08002802   Section        2  handlers.o(i.__scatterload_null)
    i.__scatterload_zeroinit                 0x08002804   Section       14  handlers.o(i.__scatterload_zeroinit)
    i._fp_digits                             0x08002814   Section        0  printfa.o(i._fp_digits)
    _fp_digits                               0x08002815   Thumb Code   366  printfa.o(i._fp_digits)
    i._printf_core                           0x08002998   Section        0  printfa.o(i._printf_core)
    _printf_core                             0x08002999   Thumb Code  1744  printfa.o(i._printf_core)
    i._printf_post_padding                   0x08003074   Section        0  printfa.o(i._printf_post_padding)
    _printf_post_padding                     0x08003075   Thumb Code    36  printfa.o(i._printf_post_padding)
    i._printf_pre_padding                    0x08003098   Section        0  printfa.o(i._printf_pre_padding)
    _printf_pre_padding                      0x08003099   Thumb Code    46  printfa.o(i._printf_pre_padding)
    i._snputc                                0x080030c6   Section        0  printfa.o(i._snputc)
    _snputc                                  0x080030c7   Thumb Code    22  printfa.o(i._snputc)
    i._sputc                                 0x080030dc   Section        0  printfa.o(i._sputc)
    _sputc                                   0x080030dd   Thumb Code    10  printfa.o(i._sputc)
    [Anonymous Symbol]                       0x20000000   Section        0  main.o(.data..L_MergedGlobals)
    [Anonymous Symbol]                       0x20000028   Section        0  stm32f1xx_hal.o(.data..L_MergedGlobals)
    [Anonymous Symbol]                       0x20000050   Section        0  flash.o(.data.EraseInitTypeDef)
    EraseInitTypeDef                         0x20000050   Data          16  flash.o(.data.EraseInitTypeDef)
    STACK                                    0x200001c8   Section     1024  startup_stm32f103x6.o(STACK)

    Global Symbols

    Symbol Name                              Value     Ov Type        Size  Object(Section)

    BuildAttributes$$THM_ISAv4$P$D$K$B$S$PE$A:L22UL41UL21$X:L11$S22US41US21$IEEE1$IW$~IW$USESV6$~STKCKD$USESV7$~SHL$OTIME$ROPI$EBA8$MICROLIB$REQ8$PRES8$EABIv2 0x00000000   Number         0  anon$$obj.o ABSOLUTE
    _printf_a                                0x00000000   Number         0  stubs.o ABSOLUTE
    _printf_c                                0x00000000   Number         0  stubs.o ABSOLUTE
    _printf_charcount                        0x00000000   Number         0  stubs.o ABSOLUTE
    _printf_d                                0x00000000   Number         0  stubs.o ABSOLUTE
    _printf_e                                0x00000000   Number         0  stubs.o ABSOLUTE
    _printf_f                                0x00000000   Number         0  stubs.o ABSOLUTE
    _printf_flags                            0x00000000   Number         0  stubs.o ABSOLUTE
    _printf_fp_dec                           0x00000000   Number         0  stubs.o ABSOLUTE
    _printf_fp_hex                           0x00000000   Number         0  stubs.o ABSOLUTE
    _printf_g                                0x00000000   Number         0  stubs.o ABSOLUTE
    _printf_i                                0x00000000   Number         0  stubs.o ABSOLUTE
    _printf_int_dec                          0x00000000   Number         0  stubs.o ABSOLUTE
    _printf_l                                0x00000000   Number         0  stubs.o ABSOLUTE
    _printf_lc                               0x00000000   Number         0  stubs.o ABSOLUTE
    _printf_ll                               0x00000000   Number         0  stubs.o ABSOLUTE
    _printf_lld                              0x00000000   Number         0  stubs.o ABSOLUTE
    _printf_lli                              0x00000000   Number         0  stubs.o ABSOLUTE
    _printf_llo                              0x00000000   Number         0  stubs.o ABSOLUTE
    _printf_llu                              0x00000000   Number         0  stubs.o ABSOLUTE
    _printf_llx                              0x00000000   Number         0  stubs.o ABSOLUTE
    _printf_longlong_dec                     0x00000000   Number         0  stubs.o ABSOLUTE
    _printf_longlong_hex                     0x00000000   Number         0  stubs.o ABSOLUTE
    _printf_longlong_oct                     0x00000000   Number         0  stubs.o ABSOLUTE
    _printf_ls                               0x00000000   Number         0  stubs.o ABSOLUTE
    _printf_mbtowc                           0x00000000   Number         0  stubs.o ABSOLUTE
    _printf_n                                0x00000000   Number         0  stubs.o ABSOLUTE
    _printf_o                                0x00000000   Number         0  stubs.o ABSOLUTE
    _printf_p                                0x00000000   Number         0  stubs.o ABSOLUTE
    _printf_percent                          0x00000000   Number         0  stubs.o ABSOLUTE
    _printf_pre_padding                      0x00000000   Number         0  stubs.o ABSOLUTE
    _printf_return_value                     0x00000000   Number         0  stubs.o ABSOLUTE
    _printf_s                                0x00000000   Number         0  stubs.o ABSOLUTE
    _printf_sizespec                         0x00000000   Number         0  stubs.o ABSOLUTE
    _printf_str                              0x00000000   Number         0  stubs.o ABSOLUTE
    _printf_truncate_signed                  0x00000000   Number         0  stubs.o ABSOLUTE
    _printf_truncate_unsigned                0x00000000   Number         0  stubs.o ABSOLUTE
    _printf_u                                0x00000000   Number         0  stubs.o ABSOLUTE
    _printf_wc                               0x00000000   Number         0  stubs.o ABSOLUTE
    _printf_wctomb                           0x00000000   Number         0  stubs.o ABSOLUTE
    _printf_widthprec                        0x00000000   Number         0  stubs.o ABSOLUTE
    _printf_x                                0x00000000   Number         0  stubs.o ABSOLUTE
    __cpp_initialize__aeabi_                  - Undefined Weak Reference
    __cxa_finalize                            - Undefined Weak Reference
    __decompress                              - Undefined Weak Reference
    _clock_init                               - Undefined Weak Reference
    _microlib_exit                            - Undefined Weak Reference
    __Vectors_Size                           0x000000ec   Number         0  startup_stm32f103x6.o ABSOLUTE
    __Vectors                                0x08000000   Data           4  startup_stm32f103x6.o(RESET)
    __Vectors_End                            0x080000ec   Data           0  startup_stm32f103x6.o(RESET)
    __main                                   0x080000ed   Thumb Code     0  entry.o(.ARM.Collect$$$$00000000)
    _main_stk                                0x080000ed   Thumb Code     0  entry2.o(.ARM.Collect$$$$00000001)
    _main_scatterload                        0x080000f1   Thumb Code     0  entry5.o(.ARM.Collect$$$$00000004)
    __main_after_scatterload                 0x080000f5   Thumb Code     0  entry5.o(.ARM.Collect$$$$00000004)
    _main_clock                              0x080000f5   Thumb Code     0  entry7b.o(.ARM.Collect$$$$00000008)
    _main_cpp_init                           0x080000f5   Thumb Code     0  entry8b.o(.ARM.Collect$$$$0000000A)
    _main_init                               0x080000f5   Thumb Code     0  entry9a.o(.ARM.Collect$$$$0000000B)
    __rt_final_cpp                           0x080000fd   Thumb Code     0  entry10a.o(.ARM.Collect$$$$0000000D)
    __rt_final_exit                          0x080000fd   Thumb Code     0  entry11a.o(.ARM.Collect$$$$0000000F)
    Reset_Handler                            0x08000101   Thumb Code     8  startup_stm32f103x6.o(.text)
    ADC1_2_IRQHandler                        0x0800011b   Thumb Code     0  startup_stm32f103x6.o(.text)
    CAN1_RX1_IRQHandler                      0x0800011b   Thumb Code     0  startup_stm32f103x6.o(.text)
    CAN1_SCE_IRQHandler                      0x0800011b   Thumb Code     0  startup_stm32f103x6.o(.text)
    DMA1_Channel1_IRQHandler                 0x0800011b   Thumb Code     0  startup_stm32f103x6.o(.text)
    DMA1_Channel2_IRQHandler                 0x0800011b   Thumb Code     0  startup_stm32f103x6.o(.text)
    DMA1_Channel3_IRQHandler                 0x0800011b   Thumb Code     0  startup_stm32f103x6.o(.text)
    DMA1_Channel4_IRQHandler                 0x0800011b   Thumb Code     0  startup_stm32f103x6.o(.text)
    DMA1_Channel5_IRQHandler                 0x0800011b   Thumb Code     0  startup_stm32f103x6.o(.text)
    DMA1_Channel6_IRQHandler                 0x0800011b   Thumb Code     0  startup_stm32f103x6.o(.text)
    DMA1_Channel7_IRQHandler                 0x0800011b   Thumb Code     0  startup_stm32f103x6.o(.text)
    EXTI0_IRQHandler                         0x0800011b   Thumb Code     0  startup_stm32f103x6.o(.text)
    EXTI15_10_IRQHandler                     0x0800011b   Thumb Code     0  startup_stm32f103x6.o(.text)
    EXTI1_IRQHandler                         0x0800011b   Thumb Code     0  startup_stm32f103x6.o(.text)
    EXTI2_IRQHandler                         0x0800011b   Thumb Code     0  startup_stm32f103x6.o(.text)
    EXTI3_IRQHandler                         0x0800011b   Thumb Code     0  startup_stm32f103x6.o(.text)
    EXTI4_IRQHandler                         0x0800011b   Thumb Code     0  startup_stm32f103x6.o(.text)
    EXTI9_5_IRQHandler                       0x0800011b   Thumb Code     0  startup_stm32f103x6.o(.text)
    FLASH_IRQHandler                         0x0800011b   Thumb Code     0  startup_stm32f103x6.o(.text)
    I2C1_ER_IRQHandler                       0x0800011b   Thumb Code     0  startup_stm32f103x6.o(.text)
    I2C1_EV_IRQHandler                       0x0800011b   Thumb Code     0  startup_stm32f103x6.o(.text)
    PVD_IRQHandler                           0x0800011b   Thumb Code     0  startup_stm32f103x6.o(.text)
    RCC_IRQHandler                           0x0800011b   Thumb Code     0  startup_stm32f103x6.o(.text)
    RTC_Alarm_IRQHandler                     0x0800011b   Thumb Code     0  startup_stm32f103x6.o(.text)
    RTC_IRQHandler                           0x0800011b   Thumb Code     0  startup_stm32f103x6.o(.text)
    SPI1_IRQHandler                          0x0800011b   Thumb Code     0  startup_stm32f103x6.o(.text)
    TAMPER_IRQHandler                        0x0800011b   Thumb Code     0  startup_stm32f103x6.o(.text)
    TIM1_BRK_IRQHandler                      0x0800011b   Thumb Code     0  startup_stm32f103x6.o(.text)
    TIM1_CC_IRQHandler                       0x0800011b   Thumb Code     0  startup_stm32f103x6.o(.text)
    TIM1_TRG_COM_IRQHandler                  0x0800011b   Thumb Code     0  startup_stm32f103x6.o(.text)
    TIM2_IRQHandler                          0x0800011b   Thumb Code     0  startup_stm32f103x6.o(.text)
    USART1_IRQHandler                        0x0800011b   Thumb Code     0  startup_stm32f103x6.o(.text)
    USART2_IRQHandler                        0x0800011b   Thumb Code     0  startup_stm32f103x6.o(.text)
    USBWakeUp_IRQHandler                     0x0800011b   Thumb Code     0  startup_stm32f103x6.o(.text)
    USB_HP_CAN1_TX_IRQHandler                0x0800011b   Thumb Code     0  startup_stm32f103x6.o(.text)
    USB_LP_CAN1_RX0_IRQHandler               0x0800011b   Thumb Code     0  startup_stm32f103x6.o(.text)
    WWDG_IRQHandler                          0x0800011b   Thumb Code     0  startup_stm32f103x6.o(.text)
    __aeabi_memset                           0x08000125   Thumb Code    14  memseta.o(.text)
    __aeabi_memset4                          0x08000125   Thumb Code     0  memseta.o(.text)
    __aeabi_memset8                          0x08000125   Thumb Code     0  memseta.o(.text)
    __aeabi_memclr                           0x08000133   Thumb Code     4  memseta.o(.text)
    __aeabi_memclr4                          0x08000133   Thumb Code     0  memseta.o(.text)
    __aeabi_memclr8                          0x08000133   Thumb Code     0  memseta.o(.text)
    _memset$wrapper                          0x08000137   Thumb Code    18  memseta.o(.text)
    __aeabi_fadd                             0x08000149   Thumb Code   164  fadd.o(.text)
    __aeabi_fsub                             0x080001ed   Thumb Code     6  fadd.o(.text)
    __aeabi_frsub                            0x080001f3   Thumb Code     6  fadd.o(.text)
    __aeabi_fmul                             0x080001f9   Thumb Code   100  fmul.o(.text)
    __aeabi_fdiv                             0x0800025d   Thumb Code   124  fdiv.o(.text)
    __aeabi_dmul                             0x080002d9   Thumb Code   228  dmul.o(.text)
    __aeabi_ddiv                             0x080003bd   Thumb Code   222  ddiv.o(.text)
    __aeabi_fcmpgt                           0x0800049b   Thumb Code    28  fcmpgt.o(.text)
    __aeabi_ui2f                             0x080004b7   Thumb Code    10  ffltui.o(.text)
    __aeabi_ui2d                             0x080004c1   Thumb Code    26  dfltui.o(.text)
    __aeabi_f2uiz                            0x080004db   Thumb Code    40  ffixui.o(.text)
    __aeabi_f2d                              0x08000503   Thumb Code    38  f2d.o(.text)
    __aeabi_d2f                              0x08000529   Thumb Code    56  d2f.o(.text)
    __aeabi_uidiv                            0x08000561   Thumb Code     0  uidiv.o(.text)
    __aeabi_uidivmod                         0x08000561   Thumb Code    44  uidiv.o(.text)
    __aeabi_uldivmod                         0x0800058d   Thumb Code    98  uldiv.o(.text)
    __I$use$fp                               0x080005ef   Thumb Code     0  iusefp.o(.text)
    _float_round                             0x080005ef   Thumb Code    18  fepilogue.o(.text)
    _float_epilogue                          0x08000601   Thumb Code    92  fepilogue.o(.text)
    _double_round                            0x0800065d   Thumb Code    30  depilogue.o(.text)
    _double_epilogue                         0x0800067b   Thumb Code   156  depilogue.o(.text)
    __aeabi_dadd                             0x08000717   Thumb Code   322  dadd.o(.text)
    __aeabi_dsub                             0x08000859   Thumb Code     6  dadd.o(.text)
    __aeabi_drsub                            0x0800085f   Thumb Code     6  dadd.o(.text)
    __aeabi_d2ulz                            0x08000865   Thumb Code    48  dfixul.o(.text)
    __aeabi_cdrcmple                         0x08000895   Thumb Code    48  cdrcmple.o(.text)
    __scatterload                            0x080008c5   Thumb Code    28  init.o(.text)
    __scatterload_rt2                        0x080008c5   Thumb Code     0  init.o(.text)
    __aeabi_llsl                             0x080008e9   Thumb Code    30  llshl.o(.text)
    _ll_shift_l                              0x080008e9   Thumb Code     0  llshl.o(.text)
    __aeabi_llsr                             0x08000907   Thumb Code    32  llushr.o(.text)
    _ll_ushift_r                             0x08000907   Thumb Code     0  llushr.o(.text)
    __aeabi_lasr                             0x08000927   Thumb Code    36  llsshr.o(.text)
    _ll_sshift_r                             0x08000927   Thumb Code     0  llsshr.o(.text)
    BusFault_Handler                         0x0800094b   Thumb Code     2  stm32f1xx_it.o(.text.BusFault_Handler)
    DebugMon_Handler                         0x0800094d   Thumb Code     2  stm32f1xx_it.o(.text.DebugMon_Handler)
    Error_Handler                            0x0800094f   Thumb Code     8  main.o(.text.Error_Handler)
    FLASH_WaitForLastOperation               0x080009a9   Thumb Code    96  stm32f1xx_hal_flash.o(.text.FLASH_WaitForLastOperation)
    Flash_Mid_Offset                         0x08000a09   Thumb Code   100  flash.o(.text.Flash_Mid_Offset)
    Get_Mid_Offset                           0x08000a65   Thumb Code    28  flash.o(.text.Get_Mid_Offset)
    HAL_Delay                                0x08000a81   Thumb Code    44  stm32f1xx_hal.o(.text.HAL_Delay)
    HAL_FLASHEx_Erase                        0x08000aa9   Thumb Code   192  stm32f1xx_hal_flash_ex.o(.text.HAL_FLASHEx_Erase)
    HAL_FLASH_Program                        0x08000b61   Thumb Code   176  stm32f1xx_hal_flash.o(.text.HAL_FLASH_Program)
    HAL_FLASH_Unlock                         0x08000c11   Thumb Code    44  stm32f1xx_hal_flash.o(.text.HAL_FLASH_Unlock)
    HAL_GPIO_Init                            0x08000c3d   Thumb Code   452  stm32f1xx_hal_gpio.o(.text.HAL_GPIO_Init)
    HAL_GPIO_ReadPin                         0x08000dfd   Thumb Code    10  stm32f1xx_hal_gpio.o(.text.HAL_GPIO_ReadPin)
    HAL_GetTick                              0x08000e09   Thumb Code    12  stm32f1xx_hal.o(.text.HAL_GetTick)
    HAL_I2C_Init                             0x08000e15   Thumb Code   368  stm32f1xx_hal_i2c.o(.text.HAL_I2C_Init)
    HAL_I2C_Mem_Write                        0x08000f85   Thumb Code   296  stm32f1xx_hal_i2c.o(.text.HAL_I2C_Mem_Write)
    HAL_I2C_MspInit                          0x080010ad   Thumb Code    96  i2c.o(.text.HAL_I2C_MspInit)
    HAL_IncTick                              0x0800110d   Thumb Code    16  stm32f1xx_hal.o(.text.HAL_IncTick)
    HAL_Init                                 0x08001119   Thumb Code    36  stm32f1xx_hal.o(.text.HAL_Init)
    HAL_InitTick                             0x0800113d   Thumb Code    64  stm32f1xx_hal.o(.text.HAL_InitTick)
    HAL_MspInit                              0x08001179   Thumb Code    64  stm32f1xx_hal_msp.o(.text.HAL_MspInit)
    HAL_NVIC_EnableIRQ                       0x080011b9   Thumb Code    28  stm32f1xx_hal_cortex.o(.text.HAL_NVIC_EnableIRQ)
    HAL_NVIC_SetPriority                     0x080011d5   Thumb Code    92  stm32f1xx_hal_cortex.o(.text.HAL_NVIC_SetPriority)
    HAL_NVIC_SetPriorityGrouping             0x0800122d   Thumb Code    32  stm32f1xx_hal_cortex.o(.text.HAL_NVIC_SetPriorityGrouping)
    HAL_RCC_ClockConfig                      0x0800124d   Thumb Code   312  stm32f1xx_hal_rcc.o(.text.HAL_RCC_ClockConfig)
    HAL_RCC_GetPCLK1Freq                     0x08001381   Thumb Code    32  stm32f1xx_hal_rcc.o(.text.HAL_RCC_GetPCLK1Freq)
    HAL_RCC_GetPCLK2Freq                     0x08001395   Thumb Code    32  stm32f1xx_hal_rcc.o(.text.HAL_RCC_GetPCLK2Freq)
    HAL_RCC_GetSysClockFreq                  0x080013b1   Thumb Code    88  stm32f1xx_hal_rcc.o(.text.HAL_RCC_GetSysClockFreq)
    HAL_RCC_OscConfig                        0x08001409   Thumb Code   896  stm32f1xx_hal_rcc.o(.text.HAL_RCC_OscConfig)
    HAL_SYSTICK_Config                       0x08001789   Thumb Code    40  stm32f1xx_hal_cortex.o(.text.HAL_SYSTICK_Config)
    HAL_TIMEx_BreakCallback                  0x080017b1   Thumb Code     2  stm32f1xx_hal_tim_ex.o(.text.HAL_TIMEx_BreakCallback)
    HAL_TIMEx_CommutCallback                 0x080017b3   Thumb Code     2  stm32f1xx_hal_tim_ex.o(.text.HAL_TIMEx_CommutCallback)
    HAL_TIMEx_MasterConfigSynchronization    0x080017b5   Thumb Code   100  stm32f1xx_hal_tim_ex.o(.text.HAL_TIMEx_MasterConfigSynchronization)
    HAL_TIM_Base_Init                        0x08001811   Thumb Code    88  stm32f1xx_hal_tim.o(.text.HAL_TIM_Base_Init)
    HAL_TIM_Base_MspInit                     0x08001869   Thumb Code   152  tim.o(.text.HAL_TIM_Base_MspInit)
    HAL_TIM_Base_Start_IT                    0x080018f5   Thumb Code    76  stm32f1xx_hal_tim.o(.text.HAL_TIM_Base_Start_IT)
    HAL_TIM_ConfigClockSource                0x08001941   Thumb Code   248  stm32f1xx_hal_tim.o(.text.HAL_TIM_ConfigClockSource)
    HAL_TIM_IC_CaptureCallback               0x08001a39   Thumb Code     2  stm32f1xx_hal_tim.o(.text.HAL_TIM_IC_CaptureCallback)
    HAL_TIM_IRQHandler                       0x08001a3b   Thumb Code   370  stm32f1xx_hal_tim.o(.text.HAL_TIM_IRQHandler)
    HAL_TIM_OC_DelayElapsedCallback          0x08001bad   Thumb Code     2  stm32f1xx_hal_tim.o(.text.HAL_TIM_OC_DelayElapsedCallback)
    HAL_TIM_PWM_PulseFinishedCallback        0x08001baf   Thumb Code     2  stm32f1xx_hal_tim.o(.text.HAL_TIM_PWM_PulseFinishedCallback)
    HAL_TIM_PeriodElapsedCallback            0x08001bb1   Thumb Code     2  stm32f1xx_hal_tim.o(.text.HAL_TIM_PeriodElapsedCallback)
    HAL_TIM_TriggerCallback                  0x08001bb3   Thumb Code     2  stm32f1xx_hal_tim.o(.text.HAL_TIM_TriggerCallback)
    HAL_UART_Init                            0x08001bb5   Thumb Code    94  stm32f1xx_hal_uart.o(.text.HAL_UART_Init)
    HAL_UART_MspInit                         0x08001c15   Thumb Code   120  usart.o(.text.HAL_UART_MspInit)
    HAL_UART_Transmit                        0x08001c8d   Thumb Code   168  stm32f1xx_hal_uart.o(.text.HAL_UART_Transmit)
    HardFault_Handler                        0x08001d35   Thumb Code     2  stm32f1xx_it.o(.text.HardFault_Handler)
    Log                                      0x0800200d   Thumb Code    72  log.o(.text.Log)
    MX_GPIO_Init                             0x08002051   Thumb Code    92  gpio.o(.text.MX_GPIO_Init)
    MX_I2C1_Init                             0x080020ad   Thumb Code    60  i2c.o(.text.MX_I2C1_Init)
    MX_TIM1_Init                             0x080020e5   Thumb Code   112  tim.o(.text.MX_TIM1_Init)
    MX_TIM3_Init                             0x0800214d   Thumb Code   104  tim.o(.text.MX_TIM3_Init)
    MX_USART1_UART_Init                      0x080021ad   Thumb Code    56  usart.o(.text.MX_USART1_UART_Init)
    MemManage_Handler                        0x080021e1   Thumb Code     2  stm32f1xx_it.o(.text.MemManage_Handler)
    NMI_Handler                              0x080021e3   Thumb Code     2  stm32f1xx_it.o(.text.NMI_Handler)
    OLED_Clear                               0x080021e5   Thumb Code    56  oled.o(.text.OLED_Clear)
    OLED_Init                                0x08002219   Thumb Code    20  oled.o(.text.OLED_Init)
    OLED_Set_Pos                             0x0800222d   Thumb Code    40  oled.o(.text.OLED_Set_Pos)
    OLED_ShowChar                            0x08002255   Thumb Code   148  oled.o(.text.OLED_ShowChar)
    OLED_ShowString                          0x080022e9   Thumb Code    68  oled.o(.text.OLED_ShowString)
    OLED_WR_CMD                              0x0800232d   Thumb Code    40  oled.o(.text.OLED_WR_CMD)
    OLED_WR_DATA                             0x08002351   Thumb Code    40  oled.o(.text.OLED_WR_DATA)
    PendSV_Handler                           0x08002379   Thumb Code     2  stm32f1xx_it.o(.text.PendSV_Handler)
    SVC_Handler                              0x0800237b   Thumb Code     2  stm32f1xx_it.o(.text.SVC_Handler)
    SysTick_Handler                          0x0800237d   Thumb Code     4  stm32f1xx_it.o(.text.SysTick_Handler)
    SystemClock_Config                       0x08002381   Thumb Code   102  main.o(.text.SystemClock_Config)
    SystemInit                               0x080023e7   Thumb Code     2  system_stm32f1xx.o(.text.SystemInit)
    TIM1_UP_IRQHandler                       0x080023e9   Thumb Code    32  stm32f1xx_it.o(.text.TIM1_UP_IRQHandler)
    TIM3_IRQHandler                          0x08002401   Thumb Code    84  stm32f1xx_it.o(.text.TIM3_IRQHandler)
    TIM_Base_SetConfig                       0x08002455   Thumb Code   100  stm32f1xx_hal_tim.o(.text.TIM_Base_SetConfig)
    UsageFault_Handler                       0x080025f3   Thumb Code     2  stm32f1xx_it.o(.text.UsageFault_Handler)
    WriteCmd                                 0x080025f5   Thumb Code    56  oled.o(.text.WriteCmd)
    main                                     0x0800262d   Thumb Code   372  main.o(.text.main)
    __0sprintf                               0x080027a1   Thumb Code    34  printfa.o(i.__0sprintf)
    __1sprintf                               0x080027a1   Thumb Code     0  printfa.o(i.__0sprintf)
    __2sprintf                               0x080027a1   Thumb Code     0  printfa.o(i.__0sprintf)
    __c89sprintf                             0x080027a1   Thumb Code     0  printfa.o(i.__0sprintf)
    sprintf                                  0x080027a1   Thumb Code     0  printfa.o(i.__0sprintf)
    __0vsnprintf                             0x080027c9   Thumb Code    40  printfa.o(i.__0vsnprintf)
    __1vsnprintf                             0x080027c9   Thumb Code     0  printfa.o(i.__0vsnprintf)
    __2vsnprintf                             0x080027c9   Thumb Code     0  printfa.o(i.__0vsnprintf)
    __c89vsnprintf                           0x080027c9   Thumb Code     0  printfa.o(i.__0vsnprintf)
    vsnprintf                                0x080027c9   Thumb Code     0  printfa.o(i.__0vsnprintf)
    __scatterload_copy                       0x080027f5   Thumb Code    14  handlers.o(i.__scatterload_copy)
    __scatterload_null                       0x08002803   Thumb Code     2  handlers.o(i.__scatterload_null)
    __scatterload_zeroinit                   0x08002805   Thumb Code    14  handlers.o(i.__scatterload_zeroinit)
    AHBPrescTable                            0x080030e6   Data          16  system_stm32f1xx.o(.rodata.AHBPrescTable)
    APBPrescTable                            0x080030f6   Data           8  system_stm32f1xx.o(.rodata.APBPrescTable)
    F6x8                                     0x080030fe   Data         552  oled.o(.rodata.F6x8)
    F8X16                                    0x08003326   Data        1504  oled.o(.rodata.F8X16)
    Region$$Table$$Base                      0x08003908   Number         0  anon$$obj.o(Region$$Table)
    Region$$Table$$Limit                     0x08003928   Number         0  anon$$obj.o(Region$$Table)
    f_current                                0x20000000   Data           4  main.o(.data..L_MergedGlobals)
    mid_offset                               0x20000004   Data           4  main.o(.data..L_MergedGlobals)
    display_buf                              0x20000008   Data          32  main.o(.data..L_MergedGlobals)
    uwTickFreq                               0x20000028   Data           1  stm32f1xx_hal.o(.data..L_MergedGlobals)
    uwTickPrio                               0x2000002c   Data           4  stm32f1xx_hal.o(.data..L_MergedGlobals)
    uwTick                                   0x20000030   Data           4  stm32f1xx_hal.o(.data..L_MergedGlobals)
    CMD_Data                                 0x20000034   Data          27  oled.o(.data.CMD_Data)
    SystemCoreClock                          0x20000060   Data           4  system_stm32f1xx.o(.data.SystemCoreClock)
    hi2c1                                    0x20000068   Data          84  i2c.o(.bss.hi2c1)
    htim1                                    0x200000bc   Data          72  tim.o(.bss.htim1)
    htim3                                    0x20000104   Data          72  tim.o(.bss.htim3)
    huart1                                   0x2000014c   Data          72  usart.o(.bss.huart1)
    pFlash                                   0x20000198   Data          32  stm32f1xx_hal_flash.o(.bss.pFlash)
    pwm_flag                                 0x200001b8   Data           4  main.o(.bss.pwm_flag)
    pwm_sum                                  0x200001bc   Data           4  main.o(.bss.pwm_sum)
    pwm_value                                0x200001c0   Data           4  main.o(.bss.pwm_value)
    __initial_sp                             0x200005c8   Data           0  startup_stm32f103x6.o(STACK)



==============================================================================

Memory Map of the image

  Image Entry point : 0x080000ed

  Load Region LR_IROM1 (Base: 0x08000000, Size: 0x00003998, Max: 0x00008000, ABSOLUTE)

    Execution Region ER_IROM1 (Exec base: 0x08000000, Load base: 0x08000000, Size: 0x00003928, Max: 0x00008000, ABSOLUTE)

    Exec Addr    Load Addr    Size         Type   Attr      Idx    E Section Name        Object

    0x08000000   0x08000000   0x000000ec   Data   RO            3    RESET               startup_stm32f103x6.o
    0x080000ec   0x080000ec   0x00000000   Code   RO         1236  * .ARM.Collect$$$$00000000  mc_w.l(entry.o)
    0x080000ec   0x080000ec   0x00000004   Code   RO         1524    .ARM.Collect$$$$00000001  mc_w.l(entry2.o)
    0x080000f0   0x080000f0   0x00000004   Code   RO         1527    .ARM.Collect$$$$00000004  mc_w.l(entry5.o)
    0x080000f4   0x080000f4   0x00000000   Code   RO         1529    .ARM.Collect$$$$00000008  mc_w.l(entry7b.o)
    0x080000f4   0x080000f4   0x00000000   Code   RO         1531    .ARM.Collect$$$$0000000A  mc_w.l(entry8b.o)
    0x080000f4   0x080000f4   0x00000008   Code   RO         1532    .ARM.Collect$$$$0000000B  mc_w.l(entry9a.o)
    0x080000fc   0x080000fc   0x00000000   Code   RO         1534    .ARM.Collect$$$$0000000D  mc_w.l(entry10a.o)
    0x080000fc   0x080000fc   0x00000000   Code   RO         1536    .ARM.Collect$$$$0000000F  mc_w.l(entry11a.o)
    0x080000fc   0x080000fc   0x00000004   Code   RO         1525    .ARM.Collect$$$$00002712  mc_w.l(entry2.o)
    0x08000100   0x08000100   0x00000024   Code   RO            4    .text               startup_stm32f103x6.o
    0x08000124   0x08000124   0x00000024   Code   RO         1239    .text               mc_w.l(memseta.o)
    0x08000148   0x08000148   0x000000b0   Code   RO         1502    .text               mf_w.l(fadd.o)
    0x080001f8   0x080001f8   0x00000064   Code   RO         1504    .text               mf_w.l(fmul.o)
    0x0800025c   0x0800025c   0x0000007c   Code   RO         1506    .text               mf_w.l(fdiv.o)
    0x080002d8   0x080002d8   0x000000e4   Code   RO         1508    .text               mf_w.l(dmul.o)
    0x080003bc   0x080003bc   0x000000de   Code   RO         1510    .text               mf_w.l(ddiv.o)
    0x0800049a   0x0800049a   0x0000001c   Code   RO         1512    .text               mf_w.l(fcmpgt.o)
    0x080004b6   0x080004b6   0x0000000a   Code   RO         1514    .text               mf_w.l(ffltui.o)
    0x080004c0   0x080004c0   0x0000001a   Code   RO         1516    .text               mf_w.l(dfltui.o)
    0x080004da   0x080004da   0x00000028   Code   RO         1518    .text               mf_w.l(ffixui.o)
    0x08000502   0x08000502   0x00000026   Code   RO         1520    .text               mf_w.l(f2d.o)
    0x08000528   0x08000528   0x00000038   Code   RO         1522    .text               mf_w.l(d2f.o)
    0x08000560   0x08000560   0x0000002c   Code   RO         1543    .text               mc_w.l(uidiv.o)
    0x0800058c   0x0800058c   0x00000062   Code   RO         1545    .text               mc_w.l(uldiv.o)
    0x080005ee   0x080005ee   0x00000000   Code   RO         1547    .text               mc_w.l(iusefp.o)
    0x080005ee   0x080005ee   0x0000006e   Code   RO         1548    .text               mf_w.l(fepilogue.o)
    0x0800065c   0x0800065c   0x000000ba   Code   RO         1550    .text               mf_w.l(depilogue.o)
    0x08000716   0x08000716   0x0000014e   Code   RO         1552    .text               mf_w.l(dadd.o)
    0x08000864   0x08000864   0x00000030   Code   RO         1554    .text               mf_w.l(dfixul.o)
    0x08000894   0x08000894   0x00000030   Code   RO         1556    .text               mf_w.l(cdrcmple.o)
    0x080008c4   0x080008c4   0x00000024   Code   RO         1558    .text               mc_w.l(init.o)
    0x080008e8   0x080008e8   0x0000001e   Code   RO         1561    .text               mc_w.l(llshl.o)
    0x08000906   0x08000906   0x00000020   Code   RO         1563    .text               mc_w.l(llushr.o)
    0x08000926   0x08000926   0x00000024   Code   RO         1565    .text               mc_w.l(llsshr.o)
    0x0800094a   0x0800094a   0x00000002   Code   RO          109    .text.BusFault_Handler  stm32f1xx_it.o
    0x0800094c   0x0800094c   0x00000002   Code   RO          115    .text.DebugMon_Handler  stm32f1xx_it.o
    0x0800094e   0x0800094e   0x00000008   Code   RO           15    .text.Error_Handler  main.o
    0x08000956   0x08000956   0x00000002   PAD
    0x08000958   0x08000958   0x00000050   Code   RO          578    .text.FLASH_SetErrorCode  stm32f1xx_hal_flash.o
    0x080009a8   0x080009a8   0x00000060   Code   RO          572    .text.FLASH_WaitForLastOperation  stm32f1xx_hal_flash.o
    0x08000a08   0x08000a08   0x0000005c   Code   RO         1208    .text.Flash_Mid_Offset  flash.o
    0x08000a64   0x08000a64   0x0000001c   Code   RO         1210    .text.Get_Mid_Offset  flash.o
    0x08000a80   0x08000a80   0x00000028   Code   RO          320    .text.HAL_Delay     stm32f1xx_hal.o
    0x08000aa8   0x08000aa8   0x000000b8   Code   RO          608    .text.HAL_FLASHEx_Erase  stm32f1xx_hal_flash_ex.o
    0x08000b60   0x08000b60   0x000000b0   Code   RO          570    .text.HAL_FLASH_Program  stm32f1xx_hal_flash.o
    0x08000c10   0x08000c10   0x0000002c   Code   RO          584    .text.HAL_FLASH_Unlock  stm32f1xx_hal_flash.o
    0x08000c3c   0x08000c3c   0x000001c0   Code   RO          418    .text.HAL_GPIO_Init  stm32f1xx_hal_gpio.o
    0x08000dfc   0x08000dfc   0x0000000a   Code   RO          422    .text.HAL_GPIO_ReadPin  stm32f1xx_hal_gpio.o
    0x08000e06   0x08000e06   0x00000002   PAD
    0x08000e08   0x08000e08   0x0000000c   Code   RO          312    .text.HAL_GetTick   stm32f1xx_hal.o
    0x08000e14   0x08000e14   0x00000170   Code   RO          165    .text.HAL_I2C_Init  stm32f1xx_hal_i2c.o
    0x08000f84   0x08000f84   0x00000128   Code   RO          209    .text.HAL_I2C_Mem_Write  stm32f1xx_hal_i2c.o
    0x080010ac   0x080010ac   0x00000060   Code   RO           48    .text.HAL_I2C_MspInit  i2c.o
    0x0800110c   0x0800110c   0x0000000c   Code   RO          310    .text.HAL_IncTick   stm32f1xx_hal.o
    0x08001118   0x08001118   0x00000024   Code   RO          300    .text.HAL_Init      stm32f1xx_hal.o
    0x0800113c   0x0800113c   0x0000003c   Code   RO          302    .text.HAL_InitTick  stm32f1xx_hal.o
    0x08001178   0x08001178   0x00000040   Code   RO          135    .text.HAL_MspInit   stm32f1xx_hal_msp.o
    0x080011b8   0x080011b8   0x0000001c   Code   RO          486    .text.HAL_NVIC_EnableIRQ  stm32f1xx_hal_cortex.o
    0x080011d4   0x080011d4   0x00000058   Code   RO          484    .text.HAL_NVIC_SetPriority  stm32f1xx_hal_cortex.o
    0x0800122c   0x0800122c   0x00000020   Code   RO          482    .text.HAL_NVIC_SetPriorityGrouping  stm32f1xx_hal_cortex.o
    0x0800124c   0x0800124c   0x00000134   Code   RO          366    .text.HAL_RCC_ClockConfig  stm32f1xx_hal_rcc.o
    0x08001380   0x08001380   0x00000014   Code   RO          378    .text.HAL_RCC_GetPCLK1Freq  stm32f1xx_hal_rcc.o
    0x08001394   0x08001394   0x0000001c   Code   RO          380    .text.HAL_RCC_GetPCLK2Freq  stm32f1xx_hal_rcc.o
    0x080013b0   0x080013b0   0x00000058   Code   RO          368    .text.HAL_RCC_GetSysClockFreq  stm32f1xx_hal_rcc.o
    0x08001408   0x08001408   0x00000380   Code   RO          364    .text.HAL_RCC_OscConfig  stm32f1xx_hal_rcc.o
    0x08001788   0x08001788   0x00000028   Code   RO          492    .text.HAL_SYSTICK_Config  stm32f1xx_hal_cortex.o
    0x080017b0   0x080017b0   0x00000002   Code   RO          984    .text.HAL_TIMEx_BreakCallback  stm32f1xx_hal_tim_ex.o
    0x080017b2   0x080017b2   0x00000002   Code   RO          980    .text.HAL_TIMEx_CommutCallback  stm32f1xx_hal_tim_ex.o
    0x080017b4   0x080017b4   0x0000005c   Code   RO          974    .text.HAL_TIMEx_MasterConfigSynchronization  stm32f1xx_hal_tim_ex.o
    0x08001810   0x08001810   0x00000058   Code   RO          664    .text.HAL_TIM_Base_Init  stm32f1xx_hal_tim.o
    0x08001868   0x08001868   0x0000008c   Code   RO           68    .text.HAL_TIM_Base_MspInit  tim.o
    0x080018f4   0x080018f4   0x0000004c   Code   RO          678    .text.HAL_TIM_Base_Start_IT  stm32f1xx_hal_tim.o
    0x08001940   0x08001940   0x000000f8   Code   RO          852    .text.HAL_TIM_ConfigClockSource  stm32f1xx_hal_tim.o
    0x08001a38   0x08001a38   0x00000002   Code   RO          800    .text.HAL_TIM_IC_CaptureCallback  stm32f1xx_hal_tim.o
    0x08001a3a   0x08001a3a   0x00000172   Code   RO          798    .text.HAL_TIM_IRQHandler  stm32f1xx_hal_tim.o
    0x08001bac   0x08001bac   0x00000002   Code   RO          802    .text.HAL_TIM_OC_DelayElapsedCallback  stm32f1xx_hal_tim.o
    0x08001bae   0x08001bae   0x00000002   Code   RO          804    .text.HAL_TIM_PWM_PulseFinishedCallback  stm32f1xx_hal_tim.o
    0x08001bb0   0x08001bb0   0x00000002   Code   RO          806    .text.HAL_TIM_PeriodElapsedCallback  stm32f1xx_hal_tim.o
    0x08001bb2   0x08001bb2   0x00000002   Code   RO          808    .text.HAL_TIM_TriggerCallback  stm32f1xx_hal_tim.o
    0x08001bb4   0x08001bb4   0x0000005e   Code   RO         1001    .text.HAL_UART_Init  stm32f1xx_hal_uart.o
    0x08001c12   0x08001c12   0x00000002   PAD
    0x08001c14   0x08001c14   0x00000078   Code   RO           87    .text.HAL_UART_MspInit  usart.o
    0x08001c8c   0x08001c8c   0x000000a8   Code   RO         1017    .text.HAL_UART_Transmit  stm32f1xx_hal_uart.o
    0x08001d34   0x08001d34   0x00000002   Code   RO          105    .text.HardFault_Handler  stm32f1xx_it.o
    0x08001d36   0x08001d36   0x00000002   PAD
    0x08001d38   0x08001d38   0x00000030   Code   RO          287    .text.I2C_IsAcknowledgeFailed  stm32f1xx_hal_i2c.o
    0x08001d68   0x08001d68   0x000000b8   Code   RO          211    .text.I2C_RequestMemoryWrite  stm32f1xx_hal_i2c.o
    0x08001e20   0x08001e20   0x0000005a   Code   RO          179    .text.I2C_WaitOnBTFFlagUntilTimeout  stm32f1xx_hal_i2c.o
    0x08001e7a   0x08001e7a   0x00000096   Code   RO          175    .text.I2C_WaitOnFlagUntilTimeout  stm32f1xx_hal_i2c.o
    0x08001f10   0x08001f10   0x000000a0   Code   RO          285    .text.I2C_WaitOnMasterAddressFlagUntilTimeout  stm32f1xx_hal_i2c.o
    0x08001fb0   0x08001fb0   0x0000005a   Code   RO          177    .text.I2C_WaitOnTXEFlagUntilTimeout  stm32f1xx_hal_i2c.o
    0x0800200a   0x0800200a   0x00000002   PAD
    0x0800200c   0x0800200c   0x00000044   Code   RO         1150    .text.Log           log.o
    0x08002050   0x08002050   0x0000005c   Code   RO           33    .text.MX_GPIO_Init  gpio.o
    0x080020ac   0x080020ac   0x00000038   Code   RO           46    .text.MX_I2C1_Init  i2c.o
    0x080020e4   0x080020e4   0x00000068   Code   RO           64    .text.MX_TIM1_Init  tim.o
    0x0800214c   0x0800214c   0x00000060   Code   RO           66    .text.MX_TIM3_Init  tim.o
    0x080021ac   0x080021ac   0x00000034   Code   RO           85    .text.MX_USART1_UART_Init  usart.o
    0x080021e0   0x080021e0   0x00000002   Code   RO          107    .text.MemManage_Handler  stm32f1xx_it.o
    0x080021e2   0x080021e2   0x00000002   Code   RO          103    .text.NMI_Handler   stm32f1xx_it.o
    0x080021e4   0x080021e4   0x00000034   Code   RO         1171    .text.OLED_Clear    oled.o
    0x08002218   0x08002218   0x00000014   Code   RO         1169    .text.OLED_Init     oled.o
    0x0800222c   0x0800222c   0x00000028   Code   RO         1177    .text.OLED_Set_Pos  oled.o
    0x08002254   0x08002254   0x00000094   Code   RO         1185    .text.OLED_ShowChar  oled.o
    0x080022e8   0x080022e8   0x00000044   Code   RO         1187    .text.OLED_ShowString  oled.o
    0x0800232c   0x0800232c   0x00000024   Code   RO         1165    .text.OLED_WR_CMD   oled.o
    0x08002350   0x08002350   0x00000028   Code   RO         1167    .text.OLED_WR_DATA  oled.o
    0x08002378   0x08002378   0x00000002   Code   RO          117    .text.PendSV_Handler  stm32f1xx_it.o
    0x0800237a   0x0800237a   0x00000002   Code   RO          113    .text.SVC_Handler   stm32f1xx_it.o
    0x0800237c   0x0800237c   0x00000004   Code   RO          119    .text.SysTick_Handler  stm32f1xx_it.o
    0x08002380   0x08002380   0x00000066   Code   RO           13    .text.SystemClock_Config  main.o
    0x080023e6   0x080023e6   0x00000002   Code   RO         1132    .text.SystemInit    system_stm32f1xx.o
    0x080023e8   0x080023e8   0x00000018   Code   RO          121    .text.TIM1_UP_IRQHandler  stm32f1xx_it.o
    0x08002400   0x08002400   0x00000054   Code   RO          123    .text.TIM3_IRQHandler  stm32f1xx_it.o
    0x08002454   0x08002454   0x00000064   Code   RO          668    .text.TIM_Base_SetConfig  stm32f1xx_hal_tim.o
    0x080024b8   0x080024b8   0x00000022   Code   RO          854    .text.TIM_TI1_ConfigInputStage  stm32f1xx_hal_tim.o
    0x080024da   0x080024da   0x00000024   Code   RO          856    .text.TIM_TI2_ConfigInputStage  stm32f1xx_hal_tim.o
    0x080024fe   0x080024fe   0x00000002   PAD
    0x08002500   0x08002500   0x00000084   Code   RO         1005    .text.UART_SetConfig  stm32f1xx_hal_uart.o
    0x08002584   0x08002584   0x0000006e   Code   RO         1019    .text.UART_WaitOnFlagUntilTimeout  stm32f1xx_hal_uart.o
    0x080025f2   0x080025f2   0x00000002   Code   RO          111    .text.UsageFault_Handler  stm32f1xx_it.o
    0x080025f4   0x080025f4   0x00000038   Code   RO         1163    .text.WriteCmd      oled.o
    0x0800262c   0x0800262c   0x00000174   Code   RO           11    .text.main          main.o
    0x080027a0   0x080027a0   0x00000028   Code   RO         1476    i.__0sprintf        mc_w.l(printfa.o)
    0x080027c8   0x080027c8   0x0000002c   Code   RO         1479    i.__0vsnprintf      mc_w.l(printfa.o)
    0x080027f4   0x080027f4   0x0000000e   Code   RO         1570    i.__scatterload_copy  mc_w.l(handlers.o)
    0x08002802   0x08002802   0x00000002   Code   RO         1571    i.__scatterload_null  mc_w.l(handlers.o)
    0x08002804   0x08002804   0x0000000e   Code   RO         1572    i.__scatterload_zeroinit  mc_w.l(handlers.o)
    0x08002812   0x08002812   0x00000002   PAD
    0x08002814   0x08002814   0x00000184   Code   RO         1481    i._fp_digits        mc_w.l(printfa.o)
    0x08002998   0x08002998   0x000006dc   Code   RO         1482    i._printf_core      mc_w.l(printfa.o)
    0x08003074   0x08003074   0x00000024   Code   RO         1483    i._printf_post_padding  mc_w.l(printfa.o)
    0x08003098   0x08003098   0x0000002e   Code   RO         1484    i._printf_pre_padding  mc_w.l(printfa.o)
    0x080030c6   0x080030c6   0x00000016   Code   RO         1485    i._snputc           mc_w.l(printfa.o)
    0x080030dc   0x080030dc   0x0000000a   Code   RO         1486    i._sputc            mc_w.l(printfa.o)
    0x080030e6   0x080030e6   0x00000010   Data   RO         1137    .rodata.AHBPrescTable  system_stm32f1xx.o
    0x080030f6   0x080030f6   0x00000008   Data   RO         1138    .rodata.APBPrescTable  system_stm32f1xx.o
    0x080030fe   0x080030fe   0x00000228   Data   RO         1193    .rodata.F6x8        oled.o
    0x08003326   0x08003326   0x000005e0   Data   RO         1194    .rodata.F8X16       oled.o
    0x08003906   0x08003906   0x00000002   PAD
    0x08003908   0x08003908   0x00000020   Data   RO         1568    Region$$Table       anon$$obj.o


    Execution Region RW_IRAM1 (Exec base: 0x20000000, Load base: 0x08003930, Size: 0x000005c8, Max: 0x00002800, ABSOLUTE)

    Exec Addr    Load Addr    Size         Type   Attr      Idx    E Section Name        Object

    0x20000000   0x08003930   0x00000028   Data   RW           21    .data..L_MergedGlobals  main.o
    0x20000028   0x08003958   0x0000000c   Data   RW          350    .data..L_MergedGlobals  stm32f1xx_hal.o
    0x20000034   0x08003964   0x0000001b   Data   RW         1196    .data.CMD_Data      oled.o
    0x2000004f   0x0800397f   0x00000001   PAD
    0x20000050   0x08003980   0x00000010   Data   RW         1212    .data.EraseInitTypeDef  flash.o
    0x20000060   0x08003990   0x00000004   Data   RW         1136    .data.SystemCoreClock  system_stm32f1xx.o
    0x20000064   0x08003994   0x00000004   PAD
    0x20000068        -       0x00000054   Zero   RW           52    .bss.hi2c1          i2c.o
    0x200000bc        -       0x00000048   Zero   RW           72    .bss.htim1          tim.o
    0x20000104        -       0x00000048   Zero   RW           73    .bss.htim3          tim.o
    0x2000014c        -       0x00000048   Zero   RW           91    .bss.huart1         usart.o
    0x20000194   0x08003994   0x00000004   PAD
    0x20000198        -       0x00000020   Zero   RW          596    .bss.pFlash         stm32f1xx_hal_flash.o
    0x200001b8        -       0x00000004   Zero   RW           19    .bss.pwm_flag       main.o
    0x200001bc        -       0x00000004   Zero   RW           18    .bss.pwm_sum        main.o
    0x200001c0        -       0x00000004   Zero   RW           17    .bss.pwm_value      main.o
    0x200001c4   0x08003994   0x00000004   PAD
    0x200001c8        -       0x00000400   Zero   RW            1    STACK               startup_stm32f103x6.o


==============================================================================

Image component sizes


      Code (inc. data)   RO Data    RW Data    ZI Data      Debug   Object Name

       120         32          0         16          0       1425   flash.o
        92          8          0          0          0       1613   gpio.o
       152         16          0          0         84       4810   i2c.o
        68          0          0          0          0       1062   log.o
       482         76          0         40         12       3027   main.o
       460         24       2056         27          0       4690   oled.o
        36          8        236          0       1024        772   startup_stm32f103x6.o
       160         12          0         12          0       6399   stm32f1xx_hal.o
       188         24          0          0          0       8317   stm32f1xx_hal_cortex.o
       396         24          0          0         32       5433   stm32f1xx_hal_flash.o
       184          0          0          0          0       6109   stm32f1xx_hal_flash_ex.o
       458         52          0          0          0       4781   stm32f1xx_hal_gpio.o
      1386         32          0          0          0      38720   stm32f1xx_hal_i2c.o
        64          8          0          0          0       1352   stm32f1xx_hal_msp.o
      1340         72          0          0          0       7581   stm32f1xx_hal_rcc.o
       962         16          0          0          0      45982   stm32f1xx_hal_tim.o
        96          0          0          0          0      19916   stm32f1xx_hal_tim_ex.o
       504          4          0          0          0      23324   stm32f1xx_hal_uart.o
       128         24          0          0          0       1521   stm32f1xx_it.o
         2          0         24          4          0       1714   system_stm32f1xx.o
       340          4          0          0        144       6890   tim.o
       172         12          0          0         72       4759   usart.o

    ----------------------------------------------------------------------
      7802        448       2350        100       1380     200197   Object Totals
         0          0         32          0          0          0   (incl. Generated)
        12          0          2          1         12          0   (incl. Padding)

    ----------------------------------------------------------------------

      Code (inc. data)   RO Data    RW Data    ZI Data      Debug   Library Member Name

         0          0          0          0          0          0   entry.o
         0          0          0          0          0          0   entry10a.o
         0          0          0          0          0          0   entry11a.o
         8          4          0          0          0          0   entry2.o
         4          0          0          0          0          0   entry5.o
         0          0          0          0          0          0   entry7b.o
         0          0          0          0          0          0   entry8b.o
         8          4          0          0          0          0   entry9a.o
        30          0          0          0          0          0   handlers.o
        36          8          0          0          0         68   init.o
         0          0          0          0          0          0   iusefp.o
        30          0          0          0          0         68   llshl.o
        36          0          0          0          0         68   llsshr.o
        32          0          0          0          0         68   llushr.o
        36          0          0          0          0        108   memseta.o
      2342         90          0          0          0        668   printfa.o
        44          0          0          0          0         80   uidiv.o
        98          0          0          0          0         92   uldiv.o
        48          0          0          0          0         68   cdrcmple.o
        56          0          0          0          0         88   d2f.o
       334          0          0          0          0        148   dadd.o
       222          0          0          0          0        100   ddiv.o
       186          0          0          0          0        176   depilogue.o
        48          0          0          0          0         68   dfixul.o
        26          0          0          0          0         76   dfltui.o
       228          0          0          0          0         96   dmul.o
        38          0          0          0          0         68   f2d.o
       176          0          0          0          0        140   fadd.o
        28          0          0          0          0         68   fcmpgt.o
       124          0          0          0          0         88   fdiv.o
       110          0          0          0          0        168   fepilogue.o
        40          0          0          0          0         68   ffixui.o
        10          0          0          0          0         68   ffltui.o
       100          0          0          0          0         76   fmul.o

    ----------------------------------------------------------------------
      4480        106          0          0          0       2784   Library Totals
         2          0          0          0          0          0   (incl. Padding)

    ----------------------------------------------------------------------

      Code (inc. data)   RO Data    RW Data    ZI Data      Debug   Library Name

      2704        106          0          0          0       1220   mc_w.l
      1774          0          0          0          0       1564   mf_w.l

    ----------------------------------------------------------------------
      4480        106          0          0          0       2784   Library Totals

    ----------------------------------------------------------------------

==============================================================================


      Code (inc. data)   RO Data    RW Data    ZI Data      Debug   

     12282        554       2350        100       1380     201357   Grand Totals
     12282        554       2350        100       1380     201357   ELF Image Totals
     12282        554       2350        100          0          0   ROM Totals

==============================================================================

    Total RO  Size (Code + RO Data)                14632 (  14.29kB)
    Total RW  Size (RW Data + ZI Data)              1480 (   1.45kB)
    Total ROM Size (Code + RO Data + RW Data)      14732 (  14.39kB)

==============================================================================

