Component: Arm Compiler for Embedded 6.22 Tool: armlink [5ee90200]

==============================================================================

Section Cross References

    startup_stm32f103x6.o(STACK) refers (Special) to heapauxi.o(.text) for __use_two_region_memory
    startup_stm32f103x6.o(HEAP) refers (Special) to heapauxi.o(.text) for __use_two_region_memory
    startup_stm32f103x6.o(RESET) refers (Special) to heapauxi.o(.text) for __use_two_region_memory
    startup_stm32f103x6.o(RESET) refers to startup_stm32f103x6.o(STACK) for __initial_sp
    startup_stm32f103x6.o(RESET) refers to startup_stm32f103x6.o(.text) for Reset_Handler
    startup_stm32f103x6.o(RESET) refers to stm32f1xx_it.o(.text.NMI_Handler) for NMI_Handler
    startup_stm32f103x6.o(RESET) refers to stm32f1xx_it.o(.text.HardFault_Handler) for HardFault_Handler
    startup_stm32f103x6.o(RESET) refers to stm32f1xx_it.o(.text.MemManage_Handler) for MemManage_Handler
    startup_stm32f103x6.o(RESET) refers to stm32f1xx_it.o(.text.BusFault_Handler) for BusFault_Handler
    startup_stm32f103x6.o(RESET) refers to stm32f1xx_it.o(.text.UsageFault_Handler) for UsageFault_Handler
    startup_stm32f103x6.o(RESET) refers to stm32f1xx_it.o(.text.SVC_Handler) for SVC_Handler
    startup_stm32f103x6.o(RESET) refers to stm32f1xx_it.o(.text.DebugMon_Handler) for DebugMon_Handler
    startup_stm32f103x6.o(RESET) refers to stm32f1xx_it.o(.text.PendSV_Handler) for PendSV_Handler
    startup_stm32f103x6.o(RESET) refers to stm32f1xx_it.o(.text.SysTick_Handler) for SysTick_Handler
    startup_stm32f103x6.o(RESET) refers to stm32f1xx_it.o(.text.TIM1_UP_IRQHandler) for TIM1_UP_IRQHandler
    startup_stm32f103x6.o(RESET) refers to stm32f1xx_it.o(.text.TIM3_IRQHandler) for TIM3_IRQHandler
    startup_stm32f103x6.o(.text) refers (Special) to heapauxi.o(.text) for __use_two_region_memory
    startup_stm32f103x6.o(.text) refers to system_stm32f1xx.o(.text.SystemInit) for SystemInit
    startup_stm32f103x6.o(.text) refers to __main.o(!!!main) for __main
    startup_stm32f103x6.o(.text) refers to startup_stm32f103x6.o(HEAP) for Heap_Mem
    startup_stm32f103x6.o(.text) refers to startup_stm32f103x6.o(STACK) for Stack_Mem
    gpio.o(.text.MX_GPIO_Init) refers to stm32f1xx_hal_gpio.o(.text.HAL_GPIO_Init) for HAL_GPIO_Init
    gpio.o(.ARM.exidx.text.MX_GPIO_Init) refers to gpio.o(.text.MX_GPIO_Init) for [Anonymous Symbol]
    i2c.o(.text.MX_I2C1_Init) refers to i2c.o(.bss.hi2c1) for hi2c1
    i2c.o(.text.MX_I2C1_Init) refers to stm32f1xx_hal_i2c.o(.text.HAL_I2C_Init) for HAL_I2C_Init
    i2c.o(.text.MX_I2C1_Init) refers to main.o(.text.Error_Handler) for Error_Handler
    i2c.o(.ARM.exidx.text.MX_I2C1_Init) refers to i2c.o(.text.MX_I2C1_Init) for [Anonymous Symbol]
    i2c.o(.text.HAL_I2C_MspInit) refers to stm32f1xx_hal_gpio.o(.text.HAL_GPIO_Init) for HAL_GPIO_Init
    i2c.o(.ARM.exidx.text.HAL_I2C_MspInit) refers to i2c.o(.text.HAL_I2C_MspInit) for [Anonymous Symbol]
    i2c.o(.text.HAL_I2C_MspDeInit) refers to stm32f1xx_hal_gpio.o(.text.HAL_GPIO_DeInit) for HAL_GPIO_DeInit
    i2c.o(.ARM.exidx.text.HAL_I2C_MspDeInit) refers to i2c.o(.text.HAL_I2C_MspDeInit) for [Anonymous Symbol]
    main.o(.text) refers (Special) to _printf_percent.o(.ARM.Collect$$_printf_percent$$00000000) for _printf_percent
    main.o(.text) refers (Special) to _printf_c.o(.ARM.Collect$$_printf_percent$$00000013) for _printf_c
    main.o(.text) refers (Special) to _printf_d.o(.ARM.Collect$$_printf_percent$$00000009) for _printf_d
    main.o(.text) refers (Special) to _printf_f.o(.ARM.Collect$$_printf_percent$$00000003) for _printf_f
    main.o(.text) refers (Special) to _printf_dec.o(.text) for _printf_int_dec
    main.o(.text) refers (Special) to printf1.o(x$fpl$printf1) for _printf_fp_dec
    main.o(.text) refers (Special) to _printf_str.o(.text) for _printf_str
    main.o(.text.main) refers (Special) to _printf_percent.o(.ARM.Collect$$_printf_percent$$00000000) for _printf_percent
    main.o(.text.main) refers (Special) to _printf_c.o(.ARM.Collect$$_printf_percent$$00000013) for _printf_c
    main.o(.text.main) refers (Special) to _printf_d.o(.ARM.Collect$$_printf_percent$$00000009) for _printf_d
    main.o(.text.main) refers (Special) to _printf_f.o(.ARM.Collect$$_printf_percent$$00000003) for _printf_f
    main.o(.text.main) refers (Special) to _printf_dec.o(.text) for _printf_int_dec
    main.o(.text.main) refers (Special) to printf1.o(x$fpl$printf1) for _printf_fp_dec
    main.o(.text.main) refers (Special) to _printf_str.o(.text) for _printf_str
    main.o(.text.main) refers to stm32f1xx_hal.o(.text.HAL_Init) for HAL_Init
    main.o(.text.main) refers to rt_memclr_w.o(.text) for __aeabi_memclr4
    main.o(.text.main) refers to stm32f1xx_hal_rcc.o(.text.HAL_RCC_OscConfig) for HAL_RCC_OscConfig
    main.o(.text.main) refers to stm32f1xx_hal_rcc.o(.text.HAL_RCC_ClockConfig) for HAL_RCC_ClockConfig
    main.o(.text.main) refers to gpio.o(.text.MX_GPIO_Init) for MX_GPIO_Init
[...]
    [Anonymous Symbol]                       0x08001e70   Section        0  stm32f1xx_hal_cortex.o(.text.HAL_NVIC_SetPriorityGrouping)
    [Anonymous Symbol]                       0x08001e90   Section        0  stm32f1xx_hal_rcc.o(.text.HAL_RCC_ClockConfig)
    [Anonymous Symbol]                       0x08002044   Section        0  stm32f1xx_hal_rcc.o(.text.HAL_RCC_GetPCLK1Freq)
    [Anonymous Symbol]                       0x0800206c   Section        0  stm32f1xx_hal_rcc.o(.text.HAL_RCC_GetPCLK2Freq)
    [Anonymous Symbol]                       0x08002094   Section        0  stm32f1xx_hal_rcc.o(.text.HAL_RCC_OscConfig)
    [Anonymous Symbol]                       0x080023cc   Section        0  stm32f1xx_hal_cortex.o(.text.HAL_SYSTICK_Config)
    [Anonymous Symbol]                       0x080023f8   Section        0  stm32f1xx_hal_tim_ex.o(.text.HAL_TIMEx_BreakCallback)
    [Anonymous Symbol]                       0x080023fc   Section        0  stm32f1xx_hal_tim_ex.o(.text.HAL_TIMEx_CommutCallback)
    [Anonymous Symbol]                       0x08002400   Section        0  stm32f1xx_hal_tim_ex.o(.text.HAL_TIMEx_MasterConfigSynchronization)
    [Anonymous Symbol]                       0x08002468   Section        0  stm32f1xx_hal_tim.o(.text.HAL_TIM_Base_Init)
    [Anonymous Symbol]                       0x08002528   Section        0  tim.o(.text.HAL_TIM_Base_MspInit)
    [Anonymous Symbol]                       0x080025cc   Section        0  stm32f1xx_hal_tim.o(.text.HAL_TIM_Base_Start_IT)
    [Anonymous Symbol]                       0x08002620   Section        0  stm32f1xx_hal_tim.o(.text.HAL_TIM_ConfigClockSource)
    [Anonymous Symbol]                       0x080027c0   Section        0  stm32f1xx_hal_tim.o(.text.HAL_TIM_IC_CaptureCallback)
    [Anonymous Symbol]                       0x080027c4   Section        0  stm32f1xx_hal_tim.o(.text.HAL_TIM_IRQHandler)
    [Anonymous Symbol]                       0x08002930   Section        0  stm32f1xx_hal_tim.o(.text.HAL_TIM_OC_DelayElapsedCallback)
    [Anonymous Symbol]                       0x08002934   Section        0  stm32f1xx_hal_tim.o(.text.HAL_TIM_PWM_PulseFinishedCallback)
    [Anonymous Symbol]                       0x08002938   Section        0  stm32f1xx_hal_tim.o(.text.HAL_TIM_PeriodElapsedCallback)
    [Anonymous Symbol]                       0x0800293c   Section        0  stm32f1xx_hal_tim.o(.text.HAL_TIM_TriggerCallback)
    [Anonymous Symbol]                       0x08002940   Section        0  stm32f1xx_hal_uart.o(.text.HAL_UART_Init)
    [Anonymous Symbol]                       0x08002a20   Section        0  usart.o(.text.HAL_UART_MspInit)
    [Anonymous Symbol]                       0x08002aa0   Section        0  stm32f1xx_hal_uart.o(.text.HAL_UART_Transmit)
    [Anonymous Symbol]                       0x08002c08   Section        0  stm32f1xx_it.o(.text.HardFault_Handler)
    I2C_RequestMemoryWrite                   0x08002c0d   Thumb Code   496  stm32f1xx_hal_i2c.o(.text.I2C_RequestMemoryWrite)
    [Anonymous Symbol]                       0x08002c0c   Section        0  stm32f1xx_hal_i2c.o(.text.I2C_RequestMemoryWrite)
    I2C_WaitOnBTFFlagUntilTimeout            0x08002dfd   Thumb Code   116  stm32f1xx_hal_i2c.o(.text.I2C_WaitOnBTFFlagUntilTimeout)
    [Anonymous Symbol]                       0x08002dfc   Section        0  stm32f1xx_hal_i2c.o(.text.I2C_WaitOnBTFFlagUntilTimeout)
    [Anonymous Symbol]                       0x08002e70   Section        0  log.o(.text.Log)
    [Anonymous Symbol]                       0x08002ec4   Section        0  gpio.o(.text.MX_GPIO_Init)
    [Anonymous Symbol]                       0x08002f2c   Section        0  i2c.o(.text.MX_I2C1_Init)
    [Anonymous Symbol]                       0x08002f70   Section        0  tim.o(.text.MX_TIM1_Init)
    [Anonymous Symbol]                       0x08002ff4   Section        0  tim.o(.text.MX_TIM3_Init)
    [Anonymous Symbol]                       0x08003074   Section        0  usart.o(.text.MX_USART1_UART_Init)
    [Anonymous Symbol]                       0x080030b0   Section        0  stm32f1xx_it.o(.text.MemManage_Handler)
    [Anonymous Symbol]                       0x080030b4   Section        0  stm32f1xx_it.o(.text.NMI_Handler)
    [Anonymous Symbol]                       0x080030b8   Section        0  oled.o(.text.OLED_Clear)
    [Anonymous Symbol]                       0x08003164   Section        0  oled.o(.text.OLED_Init)
    [Anonymous Symbol]                       0x080031b0   Section        0  oled.o(.text.OLED_ShowChar)
    [Anonymous Symbol]                       0x080033ac   Section        0  oled.o(.text.OLED_ShowString)
    [Anonymous Symbol]                       0x080033ec   Section        0  stm32f1xx_it.o(.text.PendSV_Handler)
    [Anonymous Symbol]                       0x080033f0   Section        0  stm32f1xx_it.o(.text.SVC_Handler)
    [Anonymous Symbol]                       0x080033f4   Section        0  stm32f1xx_it.o(.text.SysTick_Handler)
    [Anonymous Symbol]                       0x080033f8   Section        0  system_stm32f1xx.o(.text.SystemInit)
    [Anonymous Symbol]                       0x080033fc   Section        0  stm32f1xx_it.o(.text.TIM1_UP_IRQHandler)
    [Anonymous Symbol]                       0x08003420   Section        0  stm32f1xx_it.o(.text.TIM3_IRQHandler)
    [Anonymous Symbol]                       0x08003484   Section        0  stm32f1xx_it.o(.text.UsageFault_Handler)
    [Anonymous Symbol]                       0x08003488   Section        0  main.o(.text.main)
    CL$$btod_d2e                             0x08003694   Section       62  btod.o(CL$$btod_d2e)
    CL$$btod_d2e_denorm_low                  0x080036d2   Section       70  btod.o(CL$$btod_d2e_denorm_low)
    CL$$btod_d2e_norm_op1                    0x08003718   Section       96  btod.o(CL$$btod_d2e_norm_op1)
    CL$$btod_div_common                      0x08003778   Section      824  btod.o(CL$$btod_div_common)
    CL$$btod_e2e                             0x08003ab0   Section      220  btod.o(CL$$btod_e2e)
    CL$$btod_ediv                            0x08003b8c   Section       42  btod.o(CL$$btod_ediv)
    CL$$btod_emul                            0x08003bb6   Section       42  btod.o(CL$$btod_emul)
    CL$$btod_mult_common                     0x08003be0   Section      580  btod.o(CL$$btod_mult_common)
    i.__ARM_fpclassify                       0x08003e24   Section        0  fpclassify.o(i.__ARM_fpclassify)
    i._is_digit                              0x08003e4c   Section        0  __printf_wp.o(i._is_digit)
    locale$$code                             0x08003e5c   Section       44  lc_numeric_c.o(locale$$code)
    locale$$code                             0x08003e88   Section       44  lc_ctype_c.o(locale$$code)
    x$fpl$d2f                                0x08003eb4   Section       98  d2f.o(x$fpl$d2f)
    x$fpl$ddiv                               0x08003f18   Section      696  ddiv.o(x$fpl$ddiv)
    ddiv_entry                               0x08003f1f   Thumb Code     0  ddiv.o(x$fpl$ddiv)
    x$fpl$dfltu                              0x080041d0   Section       38  dflt_clz.o(x$fpl$dfltu)
    x$fpl$dmul                               0x080041f8   Section      340  dmul.o(x$fpl$dmul)
    x$fpl$dnaninf                            0x0800434c   Section      156  dnaninf.o(x$fpl$dnaninf)
    x$fpl$dretinf                            0x080043e8   Section       12  dretinf.o(x$fpl$dretinf)
    x$fpl$f2d                                0x080043f4   Section       86  f2d.o(x$fpl$f2d)
    x$fpl$fadd                               0x0800444c   Section      196  faddsub_clz.o(x$fpl$fadd)
    _fadd1                                   0x0800445b   Thumb Code     0  faddsub_clz.o(x$fpl$fadd)
    x$fpl$fcmp                               0x08004510   Section       84  fcmp.o(x$fpl$fcmp)
    x$fpl$fcmpinf                            0x08004564   Section       24  fcmpi.o(x$fpl$fcmpinf)
    _fdiv1                                   0x0800457d   Thumb Code     0  fdiv.o(x$fpl$fdiv)
    x$fpl$fdiv                               0x0800457c   Section      388  fdiv.o(x$fpl$fdiv)
    x$fpl$feqf                               0x08004700   Section      104  feqf.o(x$fpl$feqf)
    x$fpl$ffixu                              0x08004768   Section       62  ffixu.o(x$fpl$ffixu)
    x$fpl$ffltu                              0x080047a8   Section       38  fflt_clz.o(x$fpl$ffltu)
    x$fpl$fgeqf                              0x080047d0   Section      104  fgeqf.o(x$fpl$fgeqf)
    x$fpl$fleqf                              0x08004838   Section      104  fleqf.o(x$fpl$fleqf)
    x$fpl$fmul                               0x080048a0   Section      258  fmul.o(x$fpl$fmul)
    x$fpl$fnaninf                            0x080049a2   Section      140  fnaninf.o(x$fpl$fnaninf)
    x$fpl$fretinf                            0x08004a2e   Section       10  fretinf.o(x$fpl$fretinf)
    x$fpl$fsub                               0x08004a38   Section      234  faddsub_clz.o(x$fpl$fsub)
    _fsub1                                   0x08004a47   Thumb Code     0  faddsub_clz.o(x$fpl$fsub)
    x$fpl$printf1                            0x08004b22   Section        4  printf1.o(x$fpl$printf1)
    x$fpl$printf2                            0x08004b26   Section        4  printf2.o(x$fpl$printf2)
    maptable                                 0x08004b2a   Data          17  __printf_flags_ss_wp.o(.constdata)
    .constdata                               0x08004b2a   Section       17  __printf_flags_ss_wp.o(.constdata)
    x$fpl$usenofp                            0x08004b2a   Section        0  usenofp.o(x$fpl$usenofp)
    initial_mbstate                          0x08004b3c   Data           8  _printf_wctomb.o(.constdata)
    .constdata                               0x08004b3c   Section        8  _printf_wctomb.o(.constdata)
    uc_hextab                                0x08004b44   Data          20  _printf_hex_int_ll_ptr.o(.constdata)
    .constdata                               0x08004b44   Section       40  _printf_hex_int_ll_ptr.o(.constdata)
    lc_hextab                                0x08004b58   Data          20  _printf_hex_int_ll_ptr.o(.constdata)
    lc_hextab                                0x08004b6c   Data          19  _printf_fp_hex.o(.constdata)
    .constdata                               0x08004b6c   Section       38  _printf_fp_hex.o(.constdata)
    uc_hextab                                0x08004b7f   Data          19  _printf_fp_hex.o(.constdata)
    tenpwrs_x                                0x08004b94   Data          60  bigflt0.o(.constdata)
    .constdata                               0x08004b94   Section      148  bigflt0.o(.constdata)
    tenpwrs_i                                0x08004bd0   Data          64  bigflt0.o(.constdata)
    HAL_RCC_GetSysClockFreq.aPredivFactorTable 0x08005448   Data           2  stm32f1xx_hal_rcc.o(.rodata.HAL_RCC_GetSysClockFreq.aPredivFactorTable)
    [Anonymous Symbol]                       0x08005448   Section        0  stm32f1xx_hal_rcc.o(.rodata.HAL_RCC_GetSysClockFreq.aPredivFactorTable)
    HAL_RCC_GetSysClockFreq.aPLLMULFactorTable 0x0800544a   Data          16  stm32f1xx_hal_rcc.o(.rodata.cst16)
    [Anonymous Symbol]                       0x0800544a   Section        0  stm32f1xx_hal_rcc.o(.rodata.cst16)
    locale$$data                             0x0800547c   Section       28  lc_numeric_c.o(locale$$data)
    __lcnum_c_name                           0x08005480   Data           2  lc_numeric_c.o(locale$$data)
    __lcnum_c_start                          0x08005488   Data           0  lc_numeric_c.o(locale$$data)
    __lcnum_c_point                          0x08005494   Data           0  lc_numeric_c.o(locale$$data)
    __lcnum_c_thousands                      0x08005496   Data           0  lc_numeric_c.o(locale$$data)
    __lcnum_c_grouping                       0x08005497   Data           0  lc_numeric_c.o(locale$$data)
    __lcnum_c_end                            0x08005498   Data           0  lc_numeric_c.o(locale$$data)
    locale$$data                             0x08005498   Section      272  lc_ctype_c.o(locale$$data)
    __lcctype_c_name                         0x0800549c   Data           2  lc_ctype_c.o(locale$$data)
    __lcctype_c_start                        0x080054a4   Data           0  lc_ctype_c.o(locale$$data)
    __lcctype_c_end                          0x080055a8   Data           0  lc_ctype_c.o(locale$$data)
    EraseInitTypeDef                         0x2000001c   Data          16  flash.o(.data.EraseInitTypeDef)
    [Anonymous Symbol]                       0x2000001c   Section        0  flash.o(.data.EraseInitTypeDef)
    .bss                                     0x20000040   Section       96  libspace.o(.bss)
    Heap_Mem                                 0x20000220   Data         512  startup_stm32f103x6.o(HEAP)
    HEAP                                     0x20000220   Section      512  startup_stm32f103x6.o(HEAP)
    Stack_Mem                                0x20000420   Data        1024  startup_stm32f103x6.o(STACK)
    STACK                                    0x20000420   Section     1024  startup_stm32f103x6.o(STACK)
    __initial_sp                             0x20000820   Data           0  startup_stm32f103x6.o(STACK)

    Global Symbols

    Symbol Name                              Value     Ov Type        Size  Object(Section)

    BuildAttributes$$THM_ISAv4$P$D$K$B$S$PE$A:L22UL41UL21$X:L11$S22US41US21$IEEE1$IW$~IW$USESV6$~STKCKD$USESV7$~SHL$OTIME$ROPI$IEEEJ$EBA8$UX$STANDARDLIB$REQ8$PRES8$EABIv2 0x00000000   Number         0  anon$$obj.o ABSOLUTE
    __fp_init_empty                          0x00000000   Number         0  fpinit_empty.o ABSOLUTE
    _printf_flags                            0x00000000   Number         0  printf_stubs.o ABSOLUTE
    _printf_return_value                     0x00000000   Number         0  printf_stubs.o ABSOLUTE
    _printf_sizespec                         0x00000000   Number         0  printf_stubs.o ABSOLUTE
    _printf_widthprec                        0x00000000   Number         0  printf_stubs.o ABSOLUTE
    __ARM_exceptions_init                     - Undefined Weak Reference
    __alloca_initialize                       - Undefined Weak Reference
    __arm_preinit_                            - Undefined Weak Reference
    __arm_relocate_pie_                       - Undefined Weak Reference
    __cpp_initialize__aeabi_                  - Undefined Weak Reference
    __cxa_finalize                            - Undefined Weak Reference
    __sigvec_lookup                           - Undefined Weak Reference
    _atexit_init                              - Undefined Weak Reference
    _call_atexit_fns                          - Undefined Weak Reference
    _clock_init                               - Undefined Weak Reference
    _fp_trap_init                             - Undefined Weak Reference
    _fp_trap_shutdown                         - Undefined Weak Reference
    _get_lc_collate                           - Undefined Weak Reference
    _get_lc_monetary                          - Undefined Weak Reference
    _get_lc_time                              - Undefined Weak Reference
    _getenv_init                              - Undefined Weak Reference
    _handle_redirection                       - Undefined Weak Reference
    _init_alloc                               - Undefined Weak Reference
    _init_user_alloc                          - Undefined Weak Reference
    _initio                                   - Undefined Weak Reference
    _printf_mbtowc                            - Undefined Weak Reference
    _printf_wc                                - Undefined Weak Reference
    _rand_init                                - Undefined Weak Reference
    _signal_finish                            - Undefined Weak Reference
    _signal_init                              - Undefined Weak Reference
    _terminate_alloc                          - Undefined Weak Reference
    _terminate_user_alloc                     - Undefined Weak Reference
    _terminateio                              - Undefined Weak Reference
    __Vectors_Size                           0x000000ec   Number         0  startup_stm32f103x6.o ABSOLUTE
    __Vectors                                0x08000000   Data           4  startup_stm32f103x6.o(RESET)
    __Vectors_End                            0x080000ec   Data           0  startup_stm32f103x6.o(RESET)
    __main                                   0x080000ed   Thumb Code     8  __main.o(!!!main)
    __scatterload                            0x080000f5   Thumb Code     0  __scatter.o(!!!scatter)
    __scatterload_rt2                        0x080000f5   Thumb Code    84  __scatter.o(!!!scatter)
    __scatterload_rt2_thumb_only             0x080000f5   Thumb Code     0  __scatter.o(!!!scatter)
    __scatterload_loop                       0x080000ff   Thumb Code     0  __scatter.o(!!!scatter)
    __scatterload_copy                       0x08000151   Thumb Code    26  __scatter_copy.o(!!handler_copy)
    __scatterload_null                       0x0800016d   Thumb Code     2  __scatter.o(!!handler_null)
    __scatterload_zeroinit                   0x08000171   Thumb Code    28  __scatter_zi.o(!!handler_zi)
    _printf_n                                0x0800018d   Thumb Code     0  _printf_n.o(.ARM.Collect$$_printf_percent$$00000001)
    _printf_percent                          0x0800018d   Thumb Code     0  _printf_percent.o(.ARM.Collect$$_printf_percent$$00000000)
    _printf_p                                0x08000193   Thumb Code     0  _printf_p.o(.ARM.Collect$$_printf_percent$$00000002)
    _printf_f                                0x08000199   Thumb Code     0  _printf_f.o(.ARM.Collect$$_printf_percent$$00000003)
    _printf_e                                0x0800019f   Thumb Code     0  _printf_e.o(.ARM.Collect$$_printf_percent$$00000004)
    _printf_g                                0x080001a5   Thumb Code     0  _printf_g.o(.ARM.Collect$$_printf_percent$$00000005)
    _printf_a                                0x080001ab   Thumb Code     0  _printf_a.o(.ARM.Collect$$_printf_percent$$00000006)
    _printf_ll                               0x080001b1   Thumb Code     0  _printf_ll.o(.ARM.Collect$$_printf_percent$$00000007)
    _printf_i                                0x080001bb   Thumb Code     0  _printf_i.o(.ARM.Collect$$_printf_percent$$00000008)
    _printf_d                                0x080001c1   Thumb Code     0  _printf_d.o(.ARM.Collect$$_printf_percent$$00000009)
    _printf_u                                0x080001c7   Thumb Code     0  _printf_u.o(.ARM.Collect$$_printf_percent$$0000000A)
    _printf_o                                0x080001cd   Thumb Code     0  _printf_o.o(.ARM.Collect$$_printf_percent$$0000000B)
    _printf_x                                0x080001d3   Thumb Code     0  _printf_x.o(.ARM.Collect$$_printf_percent$$0000000C)
    _printf_lli                              0x080001d9   Thumb Code     0  _printf_lli.o(.ARM.Collect$$_printf_percent$$0000000D)
    _printf_lld                              0x080001df   Thumb Code     0  _printf_lld.o(.ARM.Collect$$_printf_percent$$0000000E)
    _printf_llu                              0x080001e5   Thumb Code     0  _printf_llu.o(.ARM.Collect$$_printf_percent$$0000000F)
    _printf_llo                              0x080001eb   Thumb Code     0  _printf_llo.o(.ARM.Collect$$_printf_percent$$00000010)
    _printf_llx                              0x080001f1   Thumb Code     0  _printf_llx.o(.ARM.Collect$$_printf_percent$$00000011)
    _printf_l                                0x080001f7   Thumb Code     0  _printf_l.o(.ARM.Collect$$_printf_percent$$00000012)
    _printf_c                                0x08000201   Thumb Code     0  _printf_c.o(.ARM.Collect$$_printf_percent$$00000013)
    _printf_s                                0x08000207   Thumb Code     0  _printf_s.o(.ARM.Collect$$_printf_percent$$00000014)
    _printf_lc                               0x0800020d   Thumb Code     0  _printf_lc.o(.ARM.Collect$$_printf_percent$$00000015)
    _printf_ls                               0x08000213   Thumb Code     0  _printf_ls.o(.ARM.Collect$$_printf_percent$$00000016)
    _printf_percent_end                      0x08000219   Thumb Code     0  _printf_percent_end.o(.ARM.Collect$$_printf_percent$$00000017)
    __rt_lib_init                            0x0800021d   Thumb Code     0  libinit.o(.ARM.Collect$$libinit$$00000000)
    __rt_lib_init_fp_1                       0x0800021f   Thumb Code     0  libinit2.o(.ARM.Collect$$libinit$$00000002)
    __rt_lib_init_heap_1                     0x0800021f   Thumb Code     0  libinit2.o(.ARM.Collect$$libinit$$0000000C)
    __rt_lib_init_lc_common                  0x0800021f   Thumb Code     0  libinit2.o(.ARM.Collect$$libinit$$00000011)
    __rt_lib_init_preinit_1                  0x0800021f   Thumb Code     0  libinit2.o(.ARM.Collect$$libinit$$00000006)
    __rt_lib_init_rand_1                     0x0800021f   Thumb Code     0  libinit2.o(.ARM.Collect$$libinit$$00000010)
    __rt_lib_init_relocate_pie_1             0x0800021f   Thumb Code     0  libinit2.o(.ARM.Collect$$libinit$$00000004)
    __rt_lib_init_user_alloc_1               0x0800021f   Thumb Code     0  libinit2.o(.ARM.Collect$$libinit$$0000000E)
    __rt_lib_init_lc_collate_1               0x08000225   Thumb Code     0  libinit2.o(.ARM.Collect$$libinit$$00000013)
    __rt_lib_init_lc_ctype_2                 0x08000225   Thumb Code     0  libinit2.o(.ARM.Collect$$libinit$$00000014)
    __rt_lib_init_lc_ctype_1                 0x08000231   Thumb Code     0  libinit2.o(.ARM.Collect$$libinit$$00000015)
    __rt_lib_init_lc_monetary_1              0x08000231   Thumb Code     0  libinit2.o(.ARM.Collect$$libinit$$00000017)
    __rt_lib_init_lc_numeric_2               0x08000231   Thumb Code     0  libinit2.o(.ARM.Collect$$libinit$$00000018)
    __rt_lib_init_alloca_1                   0x0800023b   Thumb Code     0  libinit2.o(.ARM.Collect$$libinit$$00000030)
    __rt_lib_init_argv_1                     0x0800023b   Thumb Code     0  libinit2.o(.ARM.Collect$$libinit$$0000002E)
    __rt_lib_init_atexit_1                   0x0800023b   Thumb Code     0  libinit2.o(.ARM.Collect$$libinit$$0000001D)
    __rt_lib_init_clock_1                    0x0800023b   Thumb Code     0  libinit2.o(.ARM.Collect$$libinit$$00000023)
    __rt_lib_init_cpp_1                      0x0800023b   Thumb Code     0  libinit2.o(.ARM.Collect$$libinit$$00000034)
    __rt_lib_init_exceptions_1               0x0800023b   Thumb Code     0  libinit2.o(.ARM.Collect$$libinit$$00000032)
    __rt_lib_init_fp_trap_1                  0x0800023b   Thumb Code     0  libinit2.o(.ARM.Collect$$libinit$$00000021)
    __rt_lib_init_getenv_1                   0x0800023b   Thumb Code     0  libinit2.o(.ARM.Collect$$libinit$$00000025)
    __rt_lib_init_lc_numeric_1               0x0800023b   Thumb Code     0  libinit2.o(.ARM.Collect$$libinit$$00000019)
    __rt_lib_init_lc_time_1                  0x0800023b   Thumb Code     0  libinit2.o(.ARM.Collect$$libinit$$0000001B)
    __rt_lib_init_return                     0x0800023b   Thumb Code     0  libinit2.o(.ARM.Collect$$libinit$$00000035)
    __rt_lib_init_signal_1                   0x0800023b   Thumb Code     0  libinit2.o(.ARM.Collect$$libinit$$0000001F)
    __rt_lib_init_stdio_1                    0x0800023b   Thumb Code     0  libinit2.o(.ARM.Collect$$libinit$$00000027)
    __rt_lib_shutdown                        0x0800023d   Thumb Code     0  libshutdown.o(.ARM.Collect$$libshutdown$$00000000)
    __rt_lib_shutdown_cpp_1                  0x0800023f   Thumb Code     0  libshutdown2.o(.ARM.Collect$$libshutdown$$00000002)
    __rt_lib_shutdown_fp_trap_1              0x0800023f   Thumb Code     0  libshutdown2.o(.ARM.Collect$$libshutdown$$00000007)
    __rt_lib_shutdown_heap_1                 0x0800023f   Thumb Code     0  libshutdown2.o(.ARM.Collect$$libshutdown$$0000000F)
    __rt_lib_shutdown_return                 0x0800023f   Thumb Code     0  libshutdown2.o(.ARM.Collect$$libshutdown$$00000010)
    __rt_lib_shutdown_signal_1               0x0800023f   Thumb Code     0  libshutdown2.o(.ARM.Collect$$libshutdown$$0000000A)
    __rt_lib_shutdown_stdio_1                0x0800023f   Thumb Code     0  libshutdown2.o(.ARM.Collect$$libshutdown$$00000004)
    __rt_lib_shutdown_user_alloc_1           0x0800023f   Thumb Code     0  libshutdown2.o(.ARM.Collect$$libshutdown$$0000000C)
    __rt_entry                               0x08000241   Thumb Code     0  __rtentry.o(.ARM.Collect$$rtentry$$00000000)
    __rt_entry_presh_1                       0x08000241   Thumb Code     0  __rtentry2.o(.ARM.Collect$$rtentry$$00000002)
    __rt_entry_sh                            0x08000241   Thumb Code     0  __rtentry4.o(.ARM.Collect$$rtentry$$00000004)
    __rt_entry_li                            0x08000247   Thumb Code     0  __rtentry2.o(.ARM.Collect$$rtentry$$0000000A)
    __rt_entry_postsh_1                      0x08000247   Thumb Code     0  __rtentry2.o(.ARM.Collect$$rtentry$$00000009)
    __rt_entry_main                          0x0800024b   Thumb Code     0  __rtentry2.o(.ARM.Collect$$rtentry$$0000000D)
    __rt_entry_postli_1                      0x0800024b   Thumb Code     0  __rtentry2.o(.ARM.Collect$$rtentry$$0000000C)
    __rt_exit                                0x08000253   Thumb Code     0  rtexit.o(.ARM.Collect$$rtexit$$00000000)
    __rt_exit_ls                             0x08000255   Thumb Code     0  rtexit2.o(.ARM.Collect$$rtexit$$00000003)
    __rt_exit_prels_1                        0x08000255   Thumb Code     0  rtexit2.o(.ARM.Collect$$rtexit$$00000002)
    __rt_exit_exit                           0x08000259   Thumb Code     0  rtexit2.o(.ARM.Collect$$rtexit$$00000004)
    Reset_Handler                            0x08000261   Thumb Code     8  startup_stm32f103x6.o(.text)
    ADC1_2_IRQHandler                        0x0800027b   Thumb Code     0  startup_stm32f103x6.o(.text)
    CAN1_RX1_IRQHandler                      0x0800027b   Thumb Code     0  startup_stm32f103x6.o(.text)
    CAN1_SCE_IRQHandler                      0x0800027b   Thumb Code     0  startup_stm32f103x6.o(.text)
    DMA1_Channel1_IRQHandler                 0x0800027b   Thumb Code     0  startup_stm32f103x6.o(.text)
    DMA1_Channel2_IRQHandler                 0x0800027b   Thumb Code     0  startup_stm32f103x6.o(.text)
    DMA1_Channel3_IRQHandler                 0x0800027b   Thumb Code     0  startup_stm32f103x6.o(.text)
    DMA1_Channel4_IRQHandler                 0x0800027b   Thumb Code     0  startup_stm32f103x6.o(.text)
    DMA1_Channel5_IRQHandler                 0x0800027b   Thumb Code     0  startup_stm32f103x6.o(.text)
    DMA1_Channel6_IRQHandler                 0x0800027b   Thumb Code     0  startup_stm32f103x6.o(.text)
    DMA1_Channel7_IRQHandler                 0x0800027b   Thumb Code     0  startup_stm32f103x6.o(.text)
    EXTI0_IRQHandler                         0x0800027b   Thumb Code     0  startup_stm32f103x6.o(.text)
    EXTI15_10_IRQHandler                     0x0800027b   Thumb Code     0  startup_stm32f103x6.o(.text)
    EXTI1_IRQHandler                         0x0800027b   Thumb Code     0  startup_stm32f103x6.o(.text)
    EXTI2_IRQHandler                         0x0800027b   Thumb Code     0  startup_stm32f103x6.o(.text)
    EXTI3_IRQHandler                         0x0800027b   Thumb Code     0  startup_stm32f103x6.o(.text)
    EXTI4_IRQHandler                         0x0800027b   Thumb Code     0  startup_stm32f103x6.o(.text)
    EXTI9_5_IRQHandler                       0x0800027b   Thumb Code     0  startup_stm32f103x6.o(.text)
    FLASH_IRQHandler                         0x0800027b   Thumb Code     0  startup_stm32f103x6.o(.text)
    I2C1_ER_IRQHandler                       0x0800027b   Thumb Code     0  startup_stm32f103x6.o(.text)
    I2C1_EV_IRQHandler                       0x0800027b   Thumb Code     0  startup_stm32f103x6.o(.text)
    PVD_IRQHandler                           0x0800027b   Thumb Code     0  startup_stm32f103x6.o(.text)
    RCC_IRQHandler                           0x0800027b   Thumb Code     0  startup_stm32f103x6.o(.text)
    RTC_Alarm_IRQHandler                     0x0800027b   Thumb Code     0  startup_stm32f103x6.o(.text)
    RTC_IRQHandler                           0x0800027b   Thumb Code     0  startup_stm32f103x6.o(.text)
    SPI1_IRQHandler                          0x0800027b   Thumb Code     0  startup_stm32f103x6.o(.text)
    TAMPER_IRQHandler                        0x0800027b   Thumb Code     0  startup_stm32f103x6.o(.text)
    TIM1_BRK_IRQHandler                      0x0800027b   Thumb Code     0  startup_stm32f103x6.o(.text)
    TIM1_CC_IRQHandler                       0x0800027b   Thumb Code     0  startup_stm32f103x6.o(.text)
    TIM1_TRG_COM_IRQHandler                  0x0800027b   Thumb Code     0  startup_stm32f103x6.o(.text)
    TIM2_IRQHandler                          0x0800027b   Thumb Code     0  startup_stm32f103x6.o(.text)
    USART1_IRQHandler                        0x0800027b   Thumb Code     0  startup_stm32f103x6.o(.text)
    USART2_IRQHandler                        0x0800027b   Thumb Code     0  startup_stm32f103x6.o(.text)
    USBWakeUp_IRQHandler                     0x0800027b   Thumb Code     0  startup_stm32f103x6.o(.text)
    USB_HP_CAN1_TX_IRQHandler                0x0800027b   Thumb Code     0  startup_stm32f103x6.o(.text)
    USB_LP_CAN1_RX0_IRQHandler               0x0800027b   Thumb Code     0  startup_stm32f103x6.o(.text)
    WWDG_IRQHandler                          0x0800027b   Thumb Code     0  startup_stm32f103x6.o(.text)
    __user_initial_stackheap                 0x0800027d   Thumb Code     0  startup_stm32f103x6.o(.text)
    vsnprintf                                0x080002a1   Thumb Code    56  vsnprintf.o(.text)
    __2sprintf                               0x080002dd   Thumb Code    38  __2sprintf.o(.text)
    _printf_str                              0x08000309   Thumb Code    82  _printf_str.o(.text)
    _printf_int_dec                          0x0800035d   Thumb Code   104  _printf_dec.o(.text)
    __printf                                 0x080003d5   Thumb Code   388  __printf_flags_ss_wp.o(.text)
    __aeabi_memclr4                          0x0800055d   Thumb Code     0  rt_memclr_w.o(.text)
    __aeabi_memclr8                          0x0800055d   Thumb Code     0  rt_memclr_w.o(.text)
    __rt_memclr_w                            0x0800055d   Thumb Code     0  rt_memclr_w.o(.text)
    _memset_w                                0x08000561   Thumb Code    74  rt_memclr_w.o(.text)
    __use_two_region_memory                  0x080005ab   Thumb Code     2  heapauxi.o(.text)
    __rt_heap_escrow$2region                 0x080005ad   Thumb Code     2  heapauxi.o(.text)
    __rt_heap_expand$2region                 0x080005af   Thumb Code     2  heapauxi.o(.text)
    _printf_pre_padding                      0x080005b1   Thumb Code    44  _printf_pad.o(.text)
    _printf_post_padding                     0x080005dd   Thumb Code    34  _printf_pad.o(.text)
    _printf_truncate_signed                  0x080005ff   Thumb Code    18  _printf_truncate.o(.text)
    _printf_truncate_unsigned                0x08000611   Thumb Code    18  _printf_truncate.o(.text)
    _printf_int_common                       0x08000623   Thumb Code   178  _printf_intcommon.o(.text)
    _printf_charcount                        0x080006d5   Thumb Code    40  _printf_charcount.o(.text)
    _printf_fp_dec_real                      0x080008ad   Thumb Code   620  _printf_fp_dec.o(.text)
    _printf_char_common                      0x08000b23   Thumb Code    32  _printf_char_common.o(.text)
    _sputc                                   0x08000b49   Thumb Code    10  _sputc.o(.text)
    _snputc                                  0x08000b53   Thumb Code    16  _snputc.o(.text)
    _printf_cs_common                        0x08000b63   Thumb Code    20  _printf_char.o(.text)
    _printf_char                             0x08000b77   Thumb Code    16  _printf_char.o(.text)
    _printf_string                           0x08000b87   Thumb Code     8  _printf_char.o(.text)
    _printf_wctomb                           0x08000b91   Thumb Code   182  _printf_wctomb.o(.text)
    _printf_longlong_dec                     0x08000c4d   Thumb Code   108  _printf_longlong_dec.o(.text)
    _printf_longlong_oct                     0x08000cc9   Thumb Code    68  _printf_oct_int_ll.o(.text)
    _printf_int_oct                          0x08000d0d   Thumb Code    24  _printf_oct_int_ll.o(.text)
    _printf_ll_oct                           0x08000d25   Thumb Code    12  _printf_oct_int_ll.o(.text)
    _printf_longlong_hex                     0x08000d39   Thumb Code    86  _printf_hex_int_ll_ptr.o(.text)
    _printf_int_hex                          0x08000d8f   Thumb Code    28  _printf_hex_int_ll_ptr.o(.text)
    _printf_ll_hex                           0x08000dab   Thumb Code    12  _printf_hex_int_ll_ptr.o(.text)
    _printf_hex_ptr                          0x08000db7   Thumb Code    18  _printf_hex_int_ll_ptr.o(.text)
    __rt_locale                              0x08000dcd   Thumb Code     8  rt_locale_intlibspace.o(.text)
    _ll_udiv10                               0x08000dd5   Thumb Code   138  lludiv10.o(.text)
    _printf_fp_hex_real                      0x08000e61   Thumb Code   756  _printf_fp_hex.o(.text)
    _printf_fp_infnan                        0x0800115d   Thumb Code   112  _printf_fp_infnan.o(.text)
    _printf_lcs_common                       0x080011dd   Thumb Code    20  _printf_wchar.o(.text)
    _printf_wchar                            0x080011f1   Thumb Code    16  _printf_wchar.o(.text)
    _printf_wstring                          0x08001201   Thumb Code     8  _printf_wchar.o(.text)
    _btod_etento                             0x08001209   Thumb Code   224  bigflt0.o(.text)
    _c16rtomb                                0x080012ed   Thumb Code    72  _c16rtomb.o(.text)
    _wcrtomb                                 0x080012ed   Thumb Code     0  _c16rtomb.o(.text)
    __user_libspace                          0x08001335   Thumb Code     8  libspace.o(.text)
    __user_perproc_libspace                  0x08001335   Thumb Code     0  libspace.o(.text)
    __user_perthread_libspace                0x08001335   Thumb Code     0  libspace.o(.text)
    __user_setup_stackheap                   0x0800133d   Thumb Code    74  sys_stackheap_outer.o(.text)
    __rt_ctype_table                         0x08001389   Thumb Code    16  rt_ctype_table.o(.text)
    exit                                     0x08001399   Thumb Code    18  exit.o(.text)
    strcmp                                   0x080013ad   Thumb Code   128  strcmpv7m.o(.text)
    _sys_exit                                0x0800142d   Thumb Code     8  sys_exit.o(.text)
    __I$use$semihosting                      0x08001439   Thumb Code     0  use_no_semi.o(.text)
    __use_no_semihosting_swi                 0x08001439   Thumb Code     2  use_no_semi.o(.text)
    __semihosting_library_function           0x0800143b   Thumb Code     0  indicate_semi.o(.text)
    BusFault_Handler                         0x0800143d   Thumb Code     2  stm32f1xx_it.o(.text.BusFault_Handler)
    DebugMon_Handler                         0x08001441   Thumb Code     2  stm32f1xx_it.o(.text.DebugMon_Handler)
    Error_Handler                            0x08001445   Thumb Code    10  main.o(.text.Error_Handler)
    FLASH_WaitForLastOperation               0x08001451   Thumb Code   186  stm32f1xx_hal_flash.o(.text.FLASH_WaitForLastOperation)
    Flash_Mid_Offset                         0x0800150d   Thumb Code    88  flash.o(.text.Flash_Mid_Offset)
    Get_Mid_Offset                           0x08001579   Thumb Code    28  flash.o(.text.Get_Mid_Offset)
    HAL_Delay                                0x08001595   Thumb Code    40  stm32f1xx_hal.o(.text.HAL_Delay)
    HAL_FLASHEx_Erase                        0x080015bd   Thumb Code   212  stm32f1xx_hal_flash_ex.o(.text.HAL_FLASHEx_Erase)
    HAL_FLASH_Program                        0x08001691   Thumb Code   194  stm32f1xx_hal_flash.o(.text.HAL_FLASH_Program)
    HAL_FLASH_Unlock                         0x08001755   Thumb Code    46  stm32f1xx_hal_flash.o(.text.HAL_FLASH_Unlock)
    HAL_GPIO_Init                            0x08001785   Thumb Code   496  stm32f1xx_hal_gpio.o(.text.HAL_GPIO_Init)
    HAL_GPIO_ReadPin                         0x08001975   Thumb Code    10  stm32f1xx_hal_gpio.o(.text.HAL_GPIO_ReadPin)
    HAL_GetTick                              0x08001981   Thumb Code    12  stm32f1xx_hal.o(.text.HAL_GetTick)
    HAL_I2C_Init                             0x0800198d   Thumb Code   368  stm32f1xx_hal_i2c.o(.text.HAL_I2C_Init)
    HAL_I2C_Mem_Write                        0x08001afd   Thumb Code   438  stm32f1xx_hal_i2c.o(.text.HAL_I2C_Mem_Write)
    HAL_I2C_MspInit                          0x08001cb5   Thumb Code   104  i2c.o(.text.HAL_I2C_MspInit)
    HAL_IncTick                              0x08001d1d   Thumb Code    26  stm32f1xx_hal.o(.text.HAL_IncTick)
    HAL_Init                                 0x08001d39   Thumb Code    38  stm32f1xx_hal.o(.text.HAL_Init)
    HAL_InitTick                             0x08001d61   Thumb Code    80  stm32f1xx_hal.o(.text.HAL_InitTick)
    HAL_MspInit                              0x08001db1   Thumb Code    66  stm32f1xx_hal_msp.o(.text.HAL_MspInit)
    HAL_NVIC_EnableIRQ                       0x08001df5   Thumb Code    34  stm32f1xx_hal_cortex.o(.text.HAL_NVIC_EnableIRQ)
    HAL_NVIC_SetPriority                     0x08001e19   Thumb Code    86  stm32f1xx_hal_cortex.o(.text.HAL_NVIC_SetPriority)
    HAL_NVIC_SetPriorityGrouping             0x08001e71   Thumb Code    32  stm32f1xx_hal_cortex.o(.text.HAL_NVIC_SetPriorityGrouping)
    HAL_RCC_ClockConfig                      0x08001e91   Thumb Code   434  stm32f1xx_hal_rcc.o(.text.HAL_RCC_ClockConfig)
    HAL_RCC_GetPCLK1Freq                     0x08002045   Thumb Code    38  stm32f1xx_hal_rcc.o(.text.HAL_RCC_GetPCLK1Freq)
    HAL_RCC_GetPCLK2Freq                     0x0800206d   Thumb Code    38  stm32f1xx_hal_rcc.o(.text.HAL_RCC_GetPCLK2Freq)
    HAL_RCC_OscConfig                        0x08002095   Thumb Code   824  stm32f1xx_hal_rcc.o(.text.HAL_RCC_OscConfig)
    HAL_SYSTICK_Config                       0x080023cd   Thumb Code    44  stm32f1xx_hal_cortex.o(.text.HAL_SYSTICK_Config)
    HAL_TIMEx_BreakCallback                  0x080023f9   Thumb Code     2  stm32f1xx_hal_tim_ex.o(.text.HAL_TIMEx_BreakCallback)
    HAL_TIMEx_CommutCallback                 0x080023fd   Thumb Code     2  stm32f1xx_hal_tim_ex.o(.text.HAL_TIMEx_CommutCallback)
    HAL_TIMEx_MasterConfigSynchronization    0x08002401   Thumb Code   104  stm32f1xx_hal_tim_ex.o(.text.HAL_TIMEx_MasterConfigSynchronization)
    HAL_TIM_Base_Init                        0x08002469   Thumb Code   192  stm32f1xx_hal_tim.o(.text.HAL_TIM_Base_Init)
    HAL_TIM_Base_MspInit                     0x08002529   Thumb Code   164  tim.o(.text.HAL_TIM_Base_MspInit)
    HAL_TIM_Base_Start_IT                    0x080025cd   Thumb Code    84  stm32f1xx_hal_tim.o(.text.HAL_TIM_Base_Start_IT)
    HAL_TIM_ConfigClockSource                0x08002621   Thumb Code   416  stm32f1xx_hal_tim.o(.text.HAL_TIM_ConfigClockSource)
    HAL_TIM_IC_CaptureCallback               0x080027c1   Thumb Code     2  stm32f1xx_hal_tim.o(.text.HAL_TIM_IC_CaptureCallback)
    HAL_TIM_IRQHandler                       0x080027c5   Thumb Code   362  stm32f1xx_hal_tim.o(.text.HAL_TIM_IRQHandler)
    HAL_TIM_OC_DelayElapsedCallback          0x08002931   Thumb Code     2  stm32f1xx_hal_tim.o(.text.HAL_TIM_OC_DelayElapsedCallback)
    HAL_TIM_PWM_PulseFinishedCallback        0x08002935   Thumb Code     2  stm32f1xx_hal_tim.o(.text.HAL_TIM_PWM_PulseFinishedCallback)
    HAL_TIM_PeriodElapsedCallback            0x08002939   Thumb Code     2  stm32f1xx_hal_tim.o(.text.HAL_TIM_PeriodElapsedCallback)
    HAL_TIM_TriggerCallback                  0x0800293d   Thumb Code     2  stm32f1xx_hal_tim.o(.text.HAL_TIM_TriggerCallback)
    HAL_UART_Init                            0x08002941   Thumb Code   224  stm32f1xx_hal_uart.o(.text.HAL_UART_Init)
    HAL_UART_MspInit                         0x08002a21   Thumb Code   126  usart.o(.text.HAL_UART_MspInit)
    HAL_UART_Transmit                        0x08002aa1   Thumb Code   360  stm32f1xx_hal_uart.o(.text.HAL_UART_Transmit)
    HardFault_Handler                        0x08002c09   Thumb Code     2  stm32f1xx_it.o(.text.HardFault_Handler)
    Log                                      0x08002e71   Thumb Code    82  log.o(.text.Log)
    MX_GPIO_Init                             0x08002ec5   Thumb Code   102  gpio.o(.text.MX_GPIO_Init)
    MX_I2C1_Init                             0x08002f2d   Thumb Code    66  i2c.o(.text.MX_I2C1_Init)
    MX_TIM1_Init                             0x08002f71   Thumb Code   132  tim.o(.text.MX_TIM1_Init)
    MX_TIM3_Init                             0x08002ff5   Thumb Code   126  tim.o(.text.MX_TIM3_Init)
    MX_USART1_UART_Init                      0x08003075   Thumb Code    60  usart.o(.text.MX_USART1_UART_Init)
    MemManage_Handler                        0x080030b1   Thumb Code     2  stm32f1xx_it.o(.text.MemManage_Handler)
    NMI_Handler                              0x080030b5   Thumb Code     2  stm32f1xx_it.o(.text.NMI_Handler)
    OLED_Clear                               0x080030b9   Thumb Code   172  oled.o(.text.OLED_Clear)
    OLED_Init                                0x08003165   Thumb Code    74  oled.o(.text.OLED_Init)
    OLED_ShowChar                            0x080031b1   Thumb Code   508  oled.o(.text.OLED_ShowChar)
    OLED_ShowString                          0x080033ad   Thumb Code    64  oled.o(.text.OLED_ShowString)
    PendSV_Handler                           0x080033ed   Thumb Code     2  stm32f1xx_it.o(.text.PendSV_Handler)
    SVC_Handler                              0x080033f1   Thumb Code     2  stm32f1xx_it.o(.text.SVC_Handler)
    SysTick_Handler                          0x080033f5   Thumb Code     4  stm32f1xx_it.o(.text.SysTick_Handler)
    SystemInit                               0x080033f9   Thumb Code     2  system_stm32f1xx.o(.text.SystemInit)
    TIM1_UP_IRQHandler                       0x080033fd   Thumb Code    34  stm32f1xx_it.o(.text.TIM1_UP_IRQHandler)
    TIM3_IRQHandler                          0x08003421   Thumb Code   100  stm32f1xx_it.o(.text.TIM3_IRQHandler)
    UsageFault_Handler                       0x08003485   Thumb Code     2  stm32f1xx_it.o(.text.UsageFault_Handler)
    main                                     0x08003489   Thumb Code   480  main.o(.text.main)
    _btod_d2e                                0x08003695   Thumb Code    62  btod.o(CL$$btod_d2e)
    _d2e_denorm_low                          0x080036d3   Thumb Code    70  btod.o(CL$$btod_d2e_denorm_low)
    _d2e_norm_op1                            0x08003719   Thumb Code    96  btod.o(CL$$btod_d2e_norm_op1)
    __btod_div_common                        0x08003779   Thumb Code   696  btod.o(CL$$btod_div_common)
    _e2e                                     0x08003ab1   Thumb Code   220  btod.o(CL$$btod_e2e)
    _btod_ediv                               0x08003b8d   Thumb Code    42  btod.o(CL$$btod_ediv)
    _btod_emul                               0x08003bb7   Thumb Code    42  btod.o(CL$$btod_emul)
    __btod_mult_common                       0x08003be1   Thumb Code   580  btod.o(CL$$btod_mult_common)
    __ARM_fpclassify                         0x08003e25   Thumb Code    40  fpclassify.o(i.__ARM_fpclassify)
    _is_digit                                0x08003e4d   Thumb Code    14  __printf_wp.o(i._is_digit)
    _get_lc_numeric                          0x08003e5d   Thumb Code    44  lc_numeric_c.o(locale$$code)
    _get_lc_ctype                            0x08003e89   Thumb Code    44  lc_ctype_c.o(locale$$code)
    __aeabi_d2f                              0x08003eb5   Thumb Code     0  d2f.o(x$fpl$d2f)
    _d2f                                     0x08003eb5   Thumb Code    98  d2f.o(x$fpl$d2f)
    __aeabi_ddiv                             0x08003f19   Thumb Code     0  ddiv.o(x$fpl$ddiv)
    _ddiv                                    0x08003f19   Thumb Code   560  ddiv.o(x$fpl$ddiv)
    __aeabi_ui2d                             0x080041d1   Thumb Code     0  dflt_clz.o(x$fpl$dfltu)
    _dfltu                                   0x080041d1   Thumb Code    38  dflt_clz.o(x$fpl$dfltu)
    __aeabi_dmul                             0x080041f9   Thumb Code     0  dmul.o(x$fpl$dmul)
    _dmul                                    0x080041f9   Thumb Code   332  dmul.o(x$fpl$dmul)
    __fpl_dnaninf                            0x0800434d   Thumb Code   156  dnaninf.o(x$fpl$dnaninf)
    __fpl_dretinf                            0x080043e9   Thumb Code    12  dretinf.o(x$fpl$dretinf)
    __aeabi_f2d                              0x080043f5   Thumb Code     0  f2d.o(x$fpl$f2d)
    _f2d                                     0x080043f5   Thumb Code    86  f2d.o(x$fpl$f2d)
    __aeabi_fadd                             0x0800444d   Thumb Code     0  faddsub_clz.o(x$fpl$fadd)
    _fadd                                    0x0800444d   Thumb Code   196  faddsub_clz.o(x$fpl$fadd)
    __aeabi_fcmpeq                           0x08004511   Thumb Code     0  fcmp.o(x$fpl$fcmp)
    _feq                                     0x08004511   Thumb Code    14  fcmp.o(x$fpl$fcmp)
    _fneq                                    0x0800451f   Thumb Code    14  fcmp.o(x$fpl$fcmp)
    __aeabi_fcmpgt                           0x0800452d   Thumb Code     0  fcmp.o(x$fpl$fcmp)
    _fgr                                     0x0800452d   Thumb Code    14  fcmp.o(x$fpl$fcmp)
    __aeabi_fcmpge                           0x0800453b   Thumb Code     0  fcmp.o(x$fpl$fcmp)
    _fgeq                                    0x0800453b   Thumb Code    14  fcmp.o(x$fpl$fcmp)
    __aeabi_fcmple                           0x08004549   Thumb Code     0  fcmp.o(x$fpl$fcmp)
    _fleq                                    0x08004549   Thumb Code    14  fcmp.o(x$fpl$fcmp)
    __aeabi_fcmplt                           0x08004557   Thumb Code     0  fcmp.o(x$fpl$fcmp)
    _fls                                     0x08004557   Thumb Code    14  fcmp.o(x$fpl$fcmp)
    __fpl_fcmp_Inf                           0x08004565   Thumb Code    24  fcmpi.o(x$fpl$fcmpinf)
    __aeabi_fdiv                             0x0800457d   Thumb Code     0  fdiv.o(x$fpl$fdiv)
    _fdiv                                    0x0800457d   Thumb Code   384  fdiv.o(x$fpl$fdiv)
    __aeabi_cfcmpeq                          0x08004701   Thumb Code     0  feqf.o(x$fpl$feqf)
    _fcmpeq                                  0x08004701   Thumb Code   104  feqf.o(x$fpl$feqf)
    __aeabi_f2uiz                            0x08004769   Thumb Code     0  ffixu.o(x$fpl$ffixu)
    _ffixu                                   0x08004769   Thumb Code    62  ffixu.o(x$fpl$ffixu)
    __aeabi_ui2f                             0x080047a9   Thumb Code     0  fflt_clz.o(x$fpl$ffltu)
    _ffltu                                   0x080047a9   Thumb Code    38  fflt_clz.o(x$fpl$ffltu)
    _fcmpge                                  0x080047d1   Thumb Code   104  fgeqf.o(x$fpl$fgeqf)
    __aeabi_cfcmple                          0x08004839   Thumb Code     0  fleqf.o(x$fpl$fleqf)
    _fcmple                                  0x08004839   Thumb Code   104  fleqf.o(x$fpl$fleqf)
    __fpl_fcmple_InfNaN                      0x0800488b   Thumb Code     0  fleqf.o(x$fpl$fleqf)
    __aeabi_fmul                             0x080048a1   Thumb Code     0  fmul.o(x$fpl$fmul)
    _fmul                                    0x080048a1   Thumb Code   258  fmul.o(x$fpl$fmul)
    __fpl_fnaninf                            0x080049a3   Thumb Code   140  fnaninf.o(x$fpl$fnaninf)
    __fpl_fretinf                            0x08004a2f   Thumb Code    10  fretinf.o(x$fpl$fretinf)
    __aeabi_fsub                             0x08004a39   Thumb Code     0  faddsub_clz.o(x$fpl$fsub)
    _fsub                                    0x08004a39   Thumb Code   234  faddsub_clz.o(x$fpl$fsub)
    _printf_fp_dec                           0x08004b23   Thumb Code     4  printf1.o(x$fpl$printf1)
    _printf_fp_hex                           0x08004b27   Thumb Code     4  printf2.o(x$fpl$printf2)
    __I$use$fp                               0x08004b2a   Number         0  usenofp.o(x$fpl$usenofp)
    AHBPrescTable                            0x08004c28   Data          16  system_stm32f1xx.o(.rodata.AHBPrescTable)
    APBPrescTable                            0x08004c38   Data           8  system_stm32f1xx.o(.rodata.APBPrescTable)
    F6x8                                     0x08004c40   Data         552  oled.o(.rodata.F6x8)
    F8X16                                    0x08004e68   Data        1504  oled.o(.rodata.F8X16)
    Region$$Table$$Base                      0x0800545c   Number         0  anon$$obj.o(Region$$Table)
    Region$$Table$$Limit                     0x0800547c   Number         0  anon$$obj.o(Region$$Table)
    __ctype                                  0x080054a5   Data           0  lc_ctype_c.o(locale$$data)
    CMD_Data                                 0x20000000   Data          27  oled.o(.data.CMD_Data)
    SystemCoreClock                          0x2000002c   Data           4  system_stm32f1xx.o(.data.SystemCoreClock)
    f_current                                0x20000030   Data           4  main.o(.data.f_current)
    uwTickFreq                               0x20000034   Data           1  stm32f1xx_hal.o(.data.uwTickFreq)
    uwTickPrio                               0x20000038   Data           4  stm32f1xx_hal.o(.data.uwTickPrio)
    __libspace_start                         0x20000040   Data          96  libspace.o(.bss)
    __temporary_stack_top$libspace           0x200000a0   Data           0  libspace.o(.bss)
    display_buf                              0x200000a0   Data          32  main.o(.bss.display_buf)
    hi2c1                                    0x200000c0   Data          84  i2c.o(.bss.hi2c1)
    htim1                                    0x20000114   Data          72  tim.o(.bss.htim1)
    htim3                                    0x2000015c   Data          72  tim.o(.bss.htim3)
    huart1                                   0x200001a4   Data          72  usart.o(.bss.huart1)
    mid_offset                               0x200001ec   Data           4  main.o(.bss.mid_offset)
    pFlash                                   0x200001f0   Data          32  stm32f1xx_hal_flash.o(.bss.pFlash)
    pwm_flag                                 0x20000210   Data           4  main.o(.bss.pwm_flag)
    pwm_sum                                  0x20000214   Data           4  main.o(.bss.pwm_sum)
    pwm_value                                0x20000218   Data           4  main.o(.bss.pwm_value)
    uwTick                                   0x2000021c   Data           4  stm32f1xx_hal.o(.bss.uwTick)



==============================================================================

Memory Map of the image

  Image Entry point : 0x080000ed

  Load Region LR_IROM1 (Base: 0x08000000, Size: 0x000055e8, Max: 0x00008000, ABSOLUTE)

    Execution Region ER_IROM1 (Exec base: 0x08000000, Load base: 0x08000000, Size: 0x000055a8, Max: 0x00008000, ABSOLUTE)

    Exec Addr    Load Addr    Size         Type   Attr      Idx    E Section Name        Object

    0x08000000   0x08000000   0x000000ec   Data   RO            3    RESET               startup_stm32f103x6.o
    0x080000ec   0x080000ec   0x00000008   Code   RO         1175  * !!!main             c_w.l(__main.o)
    0x080000f4   0x080000f4   0x0000005c   Code   RO         1540    !!!scatter          c_w.l(__scatter.o)
    0x08000150   0x08000150   0x0000001a   Code   RO         1544    !!handler_copy      c_w.l(__scatter_copy.o)
    0x0800016a   0x0800016a   0x00000002   PAD
    0x0800016c   0x0800016c   0x00000002   Code   RO         1541    !!handler_null      c_w.l(__scatter.o)
    0x0800016e   0x0800016e   0x00000002   PAD
    0x08000170   0x08000170   0x0000001c   Code   RO         1546    !!handler_zi        c_w.l(__scatter_zi.o)
    0x0800018c   0x0800018c   0x00000000   Code   RO         1170    .ARM.Collect$$_printf_percent$$00000000  c_w.l(_printf_percent.o)
    0x0800018c   0x0800018c   0x00000006   Code   RO         1273    .ARM.Collect$$_printf_percent$$00000001  c_w.l(_printf_n.o)
    0x08000192   0x08000192   0x00000006   Code   RO         1275    .ARM.Collect$$_printf_percent$$00000002  c_w.l(_printf_p.o)
    0x08000198   0x08000198   0x00000006   Code   RO         1169    .ARM.Collect$$_printf_percent$$00000003  c_w.l(_printf_f.o)
    0x0800019e   0x0800019e   0x00000006   Code   RO         1279    .ARM.Collect$$_printf_percent$$00000004  c_w.l(_printf_e.o)
    0x080001a4   0x080001a4   0x00000006   Code   RO         1280    .ARM.Collect$$_printf_percent$$00000005  c_w.l(_printf_g.o)
    0x080001aa   0x080001aa   0x00000006   Code   RO         1281    .ARM.Collect$$_printf_percent$$00000006  c_w.l(_printf_a.o)
    0x080001b0   0x080001b0   0x0000000a   Code   RO         1286    .ARM.Collect$$_printf_percent$$00000007  c_w.l(_printf_ll.o)
    0x080001ba   0x080001ba   0x00000006   Code   RO         1277    .ARM.Collect$$_printf_percent$$00000008  c_w.l(_printf_i.o)
    0x080001c0   0x080001c0   0x00000006   Code   RO         1168    .ARM.Collect$$_printf_percent$$00000009  c_w.l(_printf_d.o)
    0x080001c6   0x080001c6   0x00000006   Code   RO         1278    .ARM.Collect$$_printf_percent$$0000000A  c_w.l(_printf_u.o)
    0x080001cc   0x080001cc   0x00000006   Code   RO         1276    .ARM.Collect$$_printf_percent$$0000000B  c_w.l(_printf_o.o)
    0x080001d2   0x080001d2   0x00000006   Code   RO         1274    .ARM.Collect$$_printf_percent$$0000000C  c_w.l(_printf_x.o)
    0x080001d8   0x080001d8   0x00000006   Code   RO         1283    .ARM.Collect$$_printf_percent$$0000000D  c_w.l(_printf_lli.o)
    0x080001de   0x080001de   0x00000006   Code   RO         1284    .ARM.Collect$$_printf_percent$$0000000E  c_w.l(_printf_lld.o)
    0x080001e4   0x080001e4   0x00000006   Code   RO         1285    .ARM.Collect$$_printf_percent$$0000000F  c_w.l(_printf_llu.o)
    0x080001ea   0x080001ea   0x00000006   Code   RO         1290    .ARM.Collect$$_printf_percent$$00000010  c_w.l(_printf_llo.o)
    0x080001f0   0x080001f0   0x00000006   Code   RO         1291    .ARM.Collect$$_printf_percent$$00000011  c_w.l(_printf_llx.o)
    0x080001f6   0x080001f6   0x0000000a   Code   RO         1287    .ARM.Collect$$_printf_percent$$00000012  c_w.l(_printf_l.o)
    0x08000200   0x08000200   0x00000006   Code   RO         1167    .ARM.Collect$$_printf_percent$$00000013  c_w.l(_printf_c.o)
    0x08000206   0x08000206   0x00000006   Code   RO         1272    .ARM.Collect$$_printf_percent$$00000014  c_w.l(_printf_s.o)
    0x0800020c   0x0800020c   0x00000006   Code   RO         1288    .ARM.Collect$$_printf_percent$$00000015  c_w.l(_printf_lc.o)
    0x08000212   0x08000212   0x00000006   Code   RO         1289    .ARM.Collect$$_printf_percent$$00000016  c_w.l(_printf_ls.o)
    0x08000218   0x08000218   0x00000004   Code   RO         1282    .ARM.Collect$$_printf_percent$$00000017  c_w.l(_printf_percent_end.o)
    0x0800021c   0x0800021c   0x00000002   Code   RO         1400    .ARM.Collect$$libinit$$00000000  c_w.l(libinit.o)
    0x0800021e   0x0800021e   0x00000000   Code   RO         1402    .ARM.Collect$$libinit$$00000002  c_w.l(libinit2.o)
    0x0800021e   0x0800021e   0x00000000   Code   RO         1404    .ARM.Collect$$libinit$$00000004  c_w.l(libinit2.o)
    0x0800021e   0x0800021e   0x00000000   Code   RO         1406    .ARM.Collect$$libinit$$00000006  c_w.l(libinit2.o)
    0x0800021e   0x0800021e   0x00000000   Code   RO         1409    .ARM.Collect$$libinit$$0000000C  c_w.l(libinit2.o)
    0x0800021e   0x0800021e   0x00000000   Code   RO         1411    .ARM.Collect$$libinit$$0000000E  c_w.l(libinit2.o)
    0x0800021e   0x0800021e   0x00000000   Code   RO         1413    .ARM.Collect$$libinit$$00000010  c_w.l(libinit2.o)
    0x0800021e   0x0800021e   0x00000006   Code   RO         1414    .ARM.Collect$$libinit$$00000011  c_w.l(libinit2.o)
    0x08000224   0x08000224   0x00000000   Code   RO         1416    .ARM.Collect$$libinit$$00000013  c_w.l(libinit2.o)
    0x08000224   0x08000224   0x0000000c   Code   RO         1417    .ARM.Collect$$libinit$$00000014  c_w.l(libinit2.o)
    0x08000230   0x08000230   0x00000000   Code   RO         1418    .ARM.Collect$$libinit$$00000015  c_w.l(libinit2.o)
    0x08000230   0x08000230   0x00000000   Code   RO         1420    .ARM.Collect$$libinit$$00000017  c_w.l(libinit2.o)
    0x08000230   0x08000230   0x0000000a   Code   RO         1421    .ARM.Collect$$libinit$$00000018  c_w.l(libinit2.o)
    0x0800023a   0x0800023a   0x00000000   Code   RO         1422    .ARM.Collect$$libinit$$00000019  c_w.l(libinit2.o)
    0x0800023a   0x0800023a   0x00000000   Code   RO         1424    .ARM.Collect$$libinit$$0000001B  c_w.l(libinit2.o)
    0x0800023a   0x0800023a   0x00000000   Code   RO         1426    .ARM.Collect$$libinit$$0000001D  c_w.l(libinit2.o)
    0x0800023a   0x0800023a   0x00000000   Code   RO         1428    .ARM.Collect$$libinit$$0000001F  c_w.l(libinit2.o)
    0x0800023a   0x0800023a   0x00000000   Code   RO         1430    .ARM.Collect$$libinit$$00000021  c_w.l(libinit2.o)
    0x0800023a   0x0800023a   0x00000000   Code   RO         1432    .ARM.Collect$$libinit$$00000023  c_w.l(libinit2.o)
    0x0800023a   0x0800023a   0x00000000   Code   RO         1434    .ARM.Collect$$libinit$$00000025  c_w.l(libinit2.o)
    0x0800023a   0x0800023a   0x00000000   Code   RO         1436    .ARM.Collect$$libinit$$00000027  c_w.l(libinit2.o)
    0x0800023a   0x0800023a   0x00000000   Code   RO         1440    .ARM.Collect$$libinit$$0000002E  c_w.l(libinit2.o)
    0x0800023a   0x0800023a   0x00000000   Code   RO         1442    .ARM.Collect$$libinit$$00000030  c_w.l(libinit2.o)
    0x0800023a   0x0800023a   0x00000000   Code   RO         1444    .ARM.Collect$$libinit$$00000032  c_w.l(libinit2.o)
    0x0800023a   0x0800023a   0x00000000   Code   RO         1446    .ARM.Collect$$libinit$$00000034  c_w.l(libinit2.o)
    0x0800023a   0x0800023a   0x00000002   Code   RO         1447    .ARM.Collect$$libinit$$00000035  c_w.l(libinit2.o)
    0x0800023c   0x0800023c   0x00000002   Code   RO         1486    .ARM.Collect$$libshutdown$$00000000  c_w.l(libshutdown.o)
    0x0800023e   0x0800023e   0x00000000   Code   RO         1497    .ARM.Collect$$libshutdown$$00000002  c_w.l(libshutdown2.o)
    0x0800023e   0x0800023e   0x00000000   Code   RO         1499    .ARM.Collect$$libshutdown$$00000004  c_w.l(libshutdown2.o)
    0x0800023e   0x0800023e   0x00000000   Code   RO         1502    .ARM.Collect$$libshutdown$$00000007  c_w.l(libshutdown2.o)
    0x0800023e   0x0800023e   0x00000000   Code   RO         1505    .ARM.Collect$$libshutdown$$0000000A  c_w.l(libshutdown2.o)
    0x0800023e   0x0800023e   0x00000000   Code   RO         1507    .ARM.Collect$$libshutdown$$0000000C  c_w.l(libshutdown2.o)
    0x0800023e   0x0800023e   0x00000000   Code   RO         1510    .ARM.Collect$$libshutdown$$0000000F  c_w.l(libshutdown2.o)
    0x0800023e   0x0800023e   0x00000002   Code   RO         1511    .ARM.Collect$$libshutdown$$00000010  c_w.l(libshutdown2.o)
    0x08000240   0x08000240   0x00000000   Code   RO         1219    .ARM.Collect$$rtentry$$00000000  c_w.l(__rtentry.o)
    0x08000240   0x08000240   0x00000000   Code   RO         1314    .ARM.Collect$$rtentry$$00000002  c_w.l(__rtentry2.o)
    0x08000240   0x08000240   0x00000006   Code   RO         1326    .ARM.Collect$$rtentry$$00000004  c_w.l(__rtentry4.o)
    0x08000246   0x08000246   0x00000000   Code   RO         1316    .ARM.Collect$$rtentry$$00000009  c_w.l(__rtentry2.o)
    0x08000246   0x08000246   0x00000004   Code   RO         1317    .ARM.Collect$$rtentry$$0000000A  c_w.l(__rtentry2.o)
    0x0800024a   0x0800024a   0x00000000   Code   RO         1319    .ARM.Collect$$rtentry$$0000000C  c_w.l(__rtentry2.o)
    0x0800024a   0x0800024a   0x00000008   Code   RO         1320    .ARM.Collect$$rtentry$$0000000D  c_w.l(__rtentry2.o)
    0x08000252   0x08000252   0x00000002   Code   RO         1448    .ARM.Collect$$rtexit$$00000000  c_w.l(rtexit.o)
    0x08000254   0x08000254   0x00000000   Code   RO         1460    .ARM.Collect$$rtexit$$00000002  c_w.l(rtexit2.o)
    0x08000254   0x08000254   0x00000004   Code   RO         1461    .ARM.Collect$$rtexit$$00000003  c_w.l(rtexit2.o)
    0x08000258   0x08000258   0x00000006   Code   RO         1462    .ARM.Collect$$rtexit$$00000004  c_w.l(rtexit2.o)
    0x0800025e   0x0800025e   0x00000002   PAD
    0x08000260   0x08000260   0x00000040   Code   RO            4    .text               startup_stm32f103x6.o
    0x080002a0   0x080002a0   0x0000003c   Code   RO         1135    .text               c_w.l(vsnprintf.o)
    0x080002dc   0x080002dc   0x0000002c   Code   RO         1137    .text               c_w.l(__2sprintf.o)
    0x08000308   0x08000308   0x00000052   Code   RO         1143    .text               c_w.l(_printf_str.o)
    0x0800035a   0x0800035a   0x00000002   PAD
    0x0800035c   0x0800035c   0x00000078   Code   RO         1145    .text               c_w.l(_printf_dec.o)
    0x080003d4   0x080003d4   0x00000188   Code   RO         1164    .text               c_w.l(__printf_flags_ss_wp.o)
    0x0800055c   0x0800055c   0x0000004e   Code   RO         1171    .text               c_w.l(rt_memclr_w.o)
    0x080005aa   0x080005aa   0x00000006   Code   RO         1173    .text               c_w.l(heapauxi.o)
    0x080005b0   0x080005b0   0x0000004e   Code   RO         1220    .text               c_w.l(_printf_pad.o)
    0x080005fe   0x080005fe   0x00000024   Code   RO         1222    .text               c_w.l(_printf_truncate.o)
    0x08000622   0x08000622   0x000000b2   Code   RO         1224    .text               c_w.l(_printf_intcommon.o)
    0x080006d4   0x080006d4   0x00000028   Code   RO         1226    .text               c_w.l(_printf_charcount.o)
    0x080006fc   0x080006fc   0x0000041c   Code   RO         1228    .text               c_w.l(_printf_fp_dec.o)
    0x08000b18   0x08000b18   0x00000030   Code   RO         1232    .text               c_w.l(_printf_char_common.o)
    0x08000b48   0x08000b48   0x0000000a   Code   RO         1234    .text               c_w.l(_sputc.o)
    0x08000b52   0x08000b52   0x00000010   Code   RO         1236    .text               c_w.l(_snputc.o)
    0x08000b62   0x08000b62   0x0000002c   Code   RO         1238    .text               c_w.l(_printf_char.o)
    0x08000b8e   0x08000b8e   0x00000002   PAD
    0x08000b90   0x08000b90   0x000000bc   Code   RO         1240    .text               c_w.l(_printf_wctomb.o)
    0x08000c4c   0x08000c4c   0x0000007c   Code   RO         1243    .text               c_w.l(_printf_longlong_dec.o)
    0x08000cc8   0x08000cc8   0x00000070   Code   RO         1249    .text               c_w.l(_printf_oct_int_ll.o)
    0x08000d38   0x08000d38   0x00000094   Code   RO         1269    .text               c_w.l(_printf_hex_int_ll_ptr.o)
    0x08000dcc   0x08000dcc   0x00000008   Code   RO         1331    .text               c_w.l(rt_locale_intlibspace.o)
    0x08000dd4   0x08000dd4   0x0000008a   Code   RO         1333    .text               c_w.l(lludiv10.o)
    0x08000e5e   0x08000e5e   0x00000002   PAD
    0x08000e60   0x08000e60   0x000002fc   Code   RO         1335    .text               c_w.l(_printf_fp_hex.o)
    0x0800115c   0x0800115c   0x00000080   Code   RO         1338    .text               c_w.l(_printf_fp_infnan.o)
    0x080011dc   0x080011dc   0x0000002c   Code   RO         1342    .text               c_w.l(_printf_wchar.o)
    0x08001208   0x08001208   0x000000e4   Code   RO         1344    .text               c_w.l(bigflt0.o)
    0x080012ec   0x080012ec   0x00000048   Code   RO         1371    .text               c_w.l(_c16rtomb.o)
    0x08001334   0x08001334   0x00000008   Code   RO         1382    .text               c_w.l(libspace.o)
    0x0800133c   0x0800133c   0x0000004a   Code   RO         1385    .text               c_w.l(sys_stackheap_outer.o)
    0x08001386   0x08001386   0x00000002   PAD
    0x08001388   0x08001388   0x00000010   Code   RO         1387    .text               c_w.l(rt_ctype_table.o)
    0x08001398   0x08001398   0x00000012   Code   RO         1391    .text               c_w.l(exit.o)
    0x080013aa   0x080013aa   0x00000002   PAD
    0x080013ac   0x080013ac   0x00000080   Code   RO         1393    .text               c_w.l(strcmpv7m.o)
    0x0800142c   0x0800142c   0x0000000c   Code   RO         1472    .text               c_w.l(sys_exit.o)
    0x08001438   0x08001438   0x00000002   Code   RO         1487    .text               c_w.l(use_no_semi.o)
    0x0800143a   0x0800143a   0x00000000   Code   RO         1489    .text               c_w.l(indicate_semi.o)
    0x0800143a   0x0800143a   0x00000002   PAD
    0x0800143c   0x0800143c   0x00000002   Code   RO           70    .text.BusFault_Handler  stm32f1xx_it.o
    0x0800143e   0x0800143e   0x00000002   PAD
    0x08001440   0x08001440   0x00000002   Code   RO           76    .text.DebugMon_Handler  stm32f1xx_it.o
    0x08001442   0x08001442   0x00000002   PAD
    0x08001444   0x08001444   0x0000000a   Code   RO           38    .text.Error_Handler  main.o
    0x0800144e   0x0800144e   0x00000002   PAD
    0x08001450   0x08001450   0x000000ba   Code   RO          302    .text.FLASH_WaitForLastOperation  stm32f1xx_hal_flash.o
    0x0800150a   0x0800150a   0x00000002   PAD
    0x0800150c   0x0800150c   0x0000006c   Code   RO         1062    .text.Flash_Mid_Offset  flash.o
    0x08001578   0x08001578   0x0000001c   Code   RO         1064    .text.Get_Mid_Offset  flash.o
    0x08001594   0x08001594   0x00000028   Code   RO          161    .text.HAL_Delay     stm32f1xx_hal.o
    0x080015bc   0x080015bc   0x000000d4   Code   RO          333    .text.HAL_FLASHEx_Erase  stm32f1xx_hal_flash_ex.o
    0x08001690   0x08001690   0x000000c2   Code   RO          300    .text.HAL_FLASH_Program  stm32f1xx_hal_flash.o
    0x08001752   0x08001752   0x00000002   PAD
    0x08001754   0x08001754   0x0000002e   Code   RO          312    .text.HAL_FLASH_Unlock  stm32f1xx_hal_flash.o
    0x08001782   0x08001782   0x00000002   PAD
    0x08001784   0x08001784   0x000001f0   Code   RO          355    .text.HAL_GPIO_Init  stm32f1xx_hal_gpio.o
    0x08001974   0x08001974   0x0000000a   Code   RO          359    .text.HAL_GPIO_ReadPin  stm32f1xx_hal_gpio.o
    0x0800197e   0x0800197e   0x00000002   PAD
    0x08001980   0x08001980   0x0000000c   Code   RO          153    .text.HAL_GetTick   stm32f1xx_hal.o
    0x0800198c   0x0800198c   0x00000170   Code   RO          393    .text.HAL_I2C_Init  stm32f1xx_hal_i2c.o
    0x08001afc   0x08001afc   0x000001b6   Code   RO          433    .text.HAL_I2C_Mem_Write  stm32f1xx_hal_i2c.o
    0x08001cb2   0x08001cb2   0x00000002   PAD
    0x08001cb4   0x08001cb4   0x00000068   Code   RO           21    .text.HAL_I2C_MspInit  i2c.o
    0x08001d1c   0x08001d1c   0x0000001a   Code   RO          151    .text.HAL_IncTick   stm32f1xx_hal.o
    0x08001d36   0x08001d36   0x00000002   PAD
    0x08001d38   0x08001d38   0x00000026   Code   RO          141    .text.HAL_Init      stm32f1xx_hal.o
    0x08001d5e   0x08001d5e   0x00000002   PAD
    0x08001d60   0x08001d60   0x00000050   Code   RO          143    .text.HAL_InitTick  stm32f1xx_hal.o
    0x08001db0   0x08001db0   0x00000042   Code   RO           55    .text.HAL_MspInit   stm32f1xx_hal_msp.o
    0x08001df2   0x08001df2   0x00000002   PAD
    0x08001df4   0x08001df4   0x00000022   Code   RO          206    .text.HAL_NVIC_EnableIRQ  stm32f1xx_hal_cortex.o
    0x08001e16   0x08001e16   0x00000002   PAD
    0x08001e18   0x08001e18   0x00000056   Code   RO          204    .text.HAL_NVIC_SetPriority  stm32f1xx_hal_cortex.o
    0x08001e6e   0x08001e6e   0x00000002   PAD
    0x08001e70   0x08001e70   0x00000020   Code   RO          202    .text.HAL_NVIC_SetPriorityGrouping  stm32f1xx_hal_cortex.o
    0x08001e90   0x08001e90   0x000001b2   Code   RO          575    .text.HAL_RCC_ClockConfig  stm32f1xx_hal_rcc.o
    0x08002042   0x08002042   0x00000002   PAD
    0x08002044   0x08002044   0x00000026   Code   RO          587    .text.HAL_RCC_GetPCLK1Freq  stm32f1xx_hal_rcc.o
    0x0800206a   0x0800206a   0x00000002   PAD
    0x0800206c   0x0800206c   0x00000026   Code   RO          589    .text.HAL_RCC_GetPCLK2Freq  stm32f1xx_hal_rcc.o
    0x08002092   0x08002092   0x00000002   PAD
    0x08002094   0x08002094   0x00000338   Code   RO          573    .text.HAL_RCC_OscConfig  stm32f1xx_hal_rcc.o
    0x080023cc   0x080023cc   0x0000002c   Code   RO          214    .text.HAL_SYSTICK_Config  stm32f1xx_hal_cortex.o
    0x080023f8   0x080023f8   0x00000002   Code   RO          928    .text.HAL_TIMEx_BreakCallback  stm32f1xx_hal_tim_ex.o
    0x080023fa   0x080023fa   0x00000002   PAD
    0x080023fc   0x080023fc   0x00000002   Code   RO          924    .text.HAL_TIMEx_CommutCallback  stm32f1xx_hal_tim_ex.o
    0x080023fe   0x080023fe   0x00000002   PAD
    0x08002400   0x08002400   0x00000068   Code   RO          918    .text.HAL_TIMEx_MasterConfigSynchronization  stm32f1xx_hal_tim_ex.o
    0x08002468   0x08002468   0x000000c0   Code   RO          623    .text.HAL_TIM_Base_Init  stm32f1xx_hal_tim.o
    0x08002528   0x08002528   0x000000a4   Code   RO          112    .text.HAL_TIM_Base_MspInit  tim.o
    0x080025cc   0x080025cc   0x00000054   Code   RO          637    .text.HAL_TIM_Base_Start_IT  stm32f1xx_hal_tim.o
    0x08002620   0x08002620   0x000001a0   Code   RO          803    .text.HAL_TIM_ConfigClockSource  stm32f1xx_hal_tim.o
    0x080027c0   0x080027c0   0x00000002   Code   RO          759    .text.HAL_TIM_IC_CaptureCallback  stm32f1xx_hal_tim.o
    0x080027c2   0x080027c2   0x00000002   PAD
    0x080027c4   0x080027c4   0x0000016a   Code   RO          757    .text.HAL_TIM_IRQHandler  stm32f1xx_hal_tim.o
    0x0800292e   0x0800292e   0x00000002   PAD
    0x08002930   0x08002930   0x00000002   Code   RO          761    .text.HAL_TIM_OC_DelayElapsedCallback  stm32f1xx_hal_tim.o
    0x08002932   0x08002932   0x00000002   PAD
    0x08002934   0x08002934   0x00000002   Code   RO          763    .text.HAL_TIM_PWM_PulseFinishedCallback  stm32f1xx_hal_tim.o
    0x08002936   0x08002936   0x00000002   PAD
    0x08002938   0x08002938   0x00000002   Code   RO          765    .text.HAL_TIM_PeriodElapsedCallback  stm32f1xx_hal_tim.o
    0x0800293a   0x0800293a   0x00000002   PAD
    0x0800293c   0x0800293c   0x00000002   Code   RO          767    .text.HAL_TIM_TriggerCallback  stm32f1xx_hal_tim.o
    0x0800293e   0x0800293e   0x00000002   PAD
    0x08002940   0x08002940   0x000000e0   Code   RO          942    .text.HAL_UART_Init  stm32f1xx_hal_uart.o
    0x08002a20   0x08002a20   0x0000007e   Code   RO          128    .text.HAL_UART_MspInit  usart.o
    0x08002a9e   0x08002a9e   0x00000002   PAD
    0x08002aa0   0x08002aa0   0x00000168   Code   RO          956    .text.HAL_UART_Transmit  stm32f1xx_hal_uart.o
    0x08002c08   0x08002c08   0x00000002   Code   RO           66    .text.HardFault_Handler  stm32f1xx_it.o
    0x08002c0a   0x08002c0a   0x00000002   PAD
    0x08002c0c   0x08002c0c   0x000001f0   Code   RO          435    .text.I2C_RequestMemoryWrite  stm32f1xx_hal_i2c.o
    0x08002dfc   0x08002dfc   0x00000074   Code   RO          405    .text.I2C_WaitOnBTFFlagUntilTimeout  stm32f1xx_hal_i2c.o
    0x08002e70   0x08002e70   0x00000052   Code   RO         1083    .text.Log           log.o
    0x08002ec2   0x08002ec2   0x00000002   PAD
    0x08002ec4   0x08002ec4   0x00000066   Code   RO           11    .text.MX_GPIO_Init  gpio.o
    0x08002f2a   0x08002f2a   0x00000002   PAD
    0x08002f2c   0x08002f2c   0x00000042   Code   RO           19    .text.MX_I2C1_Init  i2c.o
    0x08002f6e   0x08002f6e   0x00000002   PAD
    0x08002f70   0x08002f70   0x00000084   Code   RO          108    .text.MX_TIM1_Init  tim.o
    0x08002ff4   0x08002ff4   0x0000007e   Code   RO          110    .text.MX_TIM3_Init  tim.o
    0x08003072   0x08003072   0x00000002   PAD
    0x08003074   0x08003074   0x0000003c   Code   RO          126    .text.MX_USART1_UART_Init  usart.o
    0x080030b0   0x080030b0   0x00000002   Code   RO           68    .text.MemManage_Handler  stm32f1xx_it.o
    0x080030b2   0x080030b2   0x00000002   PAD
    0x080030b4   0x080030b4   0x00000002   Code   RO           64    .text.NMI_Handler   stm32f1xx_it.o
    0x080030b6   0x080030b6   0x00000002   PAD
    0x080030b8   0x080030b8   0x000000ac   Code   RO         1100    .text.OLED_Clear    oled.o
    0x08003164   0x08003164   0x0000004a   Code   RO         1098    .text.OLED_Init     oled.o
    0x080031ae   0x080031ae   0x00000002   PAD
    0x080031b0   0x080031b0   0x000001fc   Code   RO         1114    .text.OLED_ShowChar  oled.o
    0x080033ac   0x080033ac   0x00000040   Code   RO         1116    .text.OLED_ShowString  oled.o
    0x080033ec   0x080033ec   0x00000002   Code   RO           78    .text.PendSV_Handler  stm32f1xx_it.o
    0x080033ee   0x080033ee   0x00000002   PAD
    0x080033f0   0x080033f0   0x00000002   Code   RO           74    .text.SVC_Handler   stm32f1xx_it.o
    0x080033f2   0x080033f2   0x00000002   PAD
    0x080033f4   0x080033f4   0x00000004   Code   RO           80    .text.SysTick_Handler  stm32f1xx_it.o
    0x080033f8   0x080033f8   0x00000002   Code   RO           93    .text.SystemInit    system_stm32f1xx.o
    0x080033fa   0x080033fa   0x00000002   PAD
    0x080033fc   0x080033fc   0x00000022   Code   RO           82    .text.TIM1_UP_IRQHandler  stm32f1xx_it.o
    0x0800341e   0x0800341e   0x00000002   PAD
    0x08003420   0x08003420   0x00000064   Code   RO           84    .text.TIM3_IRQHandler  stm32f1xx_it.o
    0x08003484   0x08003484   0x00000002   Code   RO           72    .text.UsageFault_Handler  stm32f1xx_it.o
    0x08003486   0x08003486   0x00000002   PAD
    0x08003488   0x08003488   0x0000020c   Code   RO           34    .text.main          main.o
    0x08003694   0x08003694   0x0000003e   Code   RO         1347    CL$$btod_d2e        c_w.l(btod.o)
    0x080036d2   0x080036d2   0x00000046   Code   RO         1349    CL$$btod_d2e_denorm_low  c_w.l(btod.o)
    0x08003718   0x08003718   0x00000060   Code   RO         1348    CL$$btod_d2e_norm_op1  c_w.l(btod.o)
    0x08003778   0x08003778   0x00000338   Code   RO         1357    CL$$btod_div_common  c_w.l(btod.o)
    0x08003ab0   0x08003ab0   0x000000dc   Code   RO         1354    CL$$btod_e2e        c_w.l(btod.o)
    0x08003b8c   0x08003b8c   0x0000002a   Code   RO         1351    CL$$btod_ediv       c_w.l(btod.o)
    0x08003bb6   0x08003bb6   0x0000002a   Code   RO         1350    CL$$btod_emul       c_w.l(btod.o)
    0x08003be0   0x08003be0   0x00000244   Code   RO         1356    CL$$btod_mult_common  c_w.l(btod.o)
    0x08003e24   0x08003e24   0x00000028   Code   RO         1380    i.__ARM_fpclassify  m_ws.l(fpclassify.o)
    0x08003e4c   0x08003e4c   0x0000000e   Code   RO         1157    i._is_digit         c_w.l(__printf_wp.o)
    0x08003e5a   0x08003e5a   0x00000002   PAD
    0x08003e5c   0x08003e5c   0x0000002c   Code   RO         1374    locale$$code        c_w.l(lc_numeric_c.o)
    0x08003e88   0x08003e88   0x0000002c   Code   RO         1453    locale$$code        c_w.l(lc_ctype_c.o)
    0x08003eb4   0x08003eb4   0x00000062   Code   RO         1177    x$fpl$d2f           fz_ws.l(d2f.o)
    0x08003f16   0x08003f16   0x00000002   PAD
    0x08003f18   0x08003f18   0x000002b8   Code   RO         1180    x$fpl$ddiv          fz_ws.l(ddiv.o)
    0x080041d0   0x080041d0   0x00000026   Code   RO         1183    x$fpl$dfltu         fz_ws.l(dflt_clz.o)
    0x080041f6   0x080041f6   0x00000002   PAD
    0x080041f8   0x080041f8   0x00000154   Code   RO         1189    x$fpl$dmul          fz_ws.l(dmul.o)
    0x0800434c   0x0800434c   0x0000009c   Code   RO         1292    x$fpl$dnaninf       fz_ws.l(dnaninf.o)
    0x080043e8   0x080043e8   0x0000000c   Code   RO         1294    x$fpl$dretinf       fz_ws.l(dretinf.o)
    0x080043f4   0x080043f4   0x00000056   Code   RO         1191    x$fpl$f2d           fz_ws.l(f2d.o)
    0x0800444a   0x0800444a   0x00000002   PAD
    0x0800444c   0x0800444c   0x000000c4   Code   RO         1193    x$fpl$fadd          fz_ws.l(faddsub_clz.o)
    0x08004510   0x08004510   0x00000054   Code   RO         1199    x$fpl$fcmp          fz_ws.l(fcmp.o)
    0x08004564   0x08004564   0x00000018   Code   RO         1376    x$fpl$fcmpinf       fz_ws.l(fcmpi.o)
    0x0800457c   0x0800457c   0x00000184   Code   RO         1202    x$fpl$fdiv          fz_ws.l(fdiv.o)
    0x08004700   0x08004700   0x00000068   Code   RO         1296    x$fpl$feqf          fz_ws.l(feqf.o)
    0x08004768   0x08004768   0x0000003e   Code   RO         1205    x$fpl$ffixu         fz_ws.l(ffixu.o)
    0x080047a6   0x080047a6   0x00000002   PAD
    0x080047a8   0x080047a8   0x00000026   Code   RO         1209    x$fpl$ffltu         fz_ws.l(fflt_clz.o)
    0x080047ce   0x080047ce   0x00000002   PAD
    0x080047d0   0x080047d0   0x00000068   Code   RO         1298    x$fpl$fgeqf         fz_ws.l(fgeqf.o)
    0x08004838   0x08004838   0x00000068   Code   RO         1300    x$fpl$fleqf         fz_ws.l(fleqf.o)
    0x080048a0   0x080048a0   0x00000102   Code   RO         1215    x$fpl$fmul          fz_ws.l(fmul.o)
    0x080049a2   0x080049a2   0x0000008c   Code   RO         1302    x$fpl$fnaninf       fz_ws.l(fnaninf.o)
    0x08004a2e   0x08004a2e   0x0000000a   Code   RO         1304    x$fpl$fretinf       fz_ws.l(fretinf.o)
    0x08004a38   0x08004a38   0x000000ea   Code   RO         1195    x$fpl$fsub          fz_ws.l(faddsub_clz.o)
    0x08004b22   0x08004b22   0x00000004   Code   RO         1217    x$fpl$printf1       fz_ws.l(printf1.o)
    0x08004b26   0x08004b26   0x00000004   Code   RO         1306    x$fpl$printf2       fz_ws.l(printf2.o)
    0x08004b2a   0x08004b2a   0x00000000   Code   RO         1312    x$fpl$usenofp       fz_ws.l(usenofp.o)
    0x08004b2a   0x08004b2a   0x00000011   Data   RO         1165    .constdata          c_w.l(__printf_flags_ss_wp.o)
    0x08004b3b   0x08004b3b   0x00000001   PAD
    0x08004b3c   0x08004b3c   0x00000008   Data   RO         1241    .constdata          c_w.l(_printf_wctomb.o)
    0x08004b44   0x08004b44   0x00000028   Data   RO         1270    .constdata          c_w.l(_printf_hex_int_ll_ptr.o)
    0x08004b6c   0x08004b6c   0x00000026   Data   RO         1336    .constdata          c_w.l(_printf_fp_hex.o)
    0x08004b92   0x08004b92   0x00000002   PAD
    0x08004b94   0x08004b94   0x00000094   Data   RO         1345    .constdata          c_w.l(bigflt0.o)
    0x08004c28   0x08004c28   0x00000010   Data   RO           98    .rodata.AHBPrescTable  system_stm32f1xx.o
    0x08004c38   0x08004c38   0x00000008   Data   RO           99    .rodata.APBPrescTable  system_stm32f1xx.o
    0x08004c40   0x08004c40   0x00000228   Data   RO         1122    .rodata.F6x8        oled.o
    0x08004e68   0x08004e68   0x000005e0   Data   RO         1123    .rodata.F8X16       oled.o
    0x08005448   0x08005448   0x00000002   Data   RO          600    .rodata.HAL_RCC_GetSysClockFreq.aPredivFactorTable  stm32f1xx_hal_rcc.o
    0x0800544a   0x0800544a   0x00000010   Data   RO          599    .rodata.cst16       stm32f1xx_hal_rcc.o
    0x0800545a   0x0800545a   0x00000002   PAD
    0x0800545c   0x0800545c   0x00000020   Data   RO         1539    Region$$Table       anon$$obj.o
    0x0800547c   0x0800547c   0x0000001c   Data   RO         1373    locale$$data        c_w.l(lc_numeric_c.o)
    0x08005498   0x08005498   0x00000110   Data   RO         1452    locale$$data        c_w.l(lc_ctype_c.o)


    Execution Region RW_IRAM1 (Exec base: 0x20000000, Load base: 0x080055a8, Size: 0x00000820, Max: 0x00002800, ABSOLUTE)

    Exec Addr    Load Addr    Size         Type   Attr      Idx    E Section Name        Object

    0x20000000   0x080055a8   0x0000001b   Data   RW         1125    .data.CMD_Data      oled.o
    0x2000001b   0x080055c3   0x00000001   PAD
    0x2000001c   0x080055c4   0x00000010   Data   RW         1066    .data.EraseInitTypeDef  flash.o
    0x2000002c   0x080055d4   0x00000004   Data   RW           97    .data.SystemCoreClock  system_stm32f1xx.o
    0x20000030   0x080055d8   0x00000004   Data   RW           43    .data.f_current     main.o
    0x20000034   0x080055dc   0x00000001   Data   RW          192    .data.uwTickFreq    stm32f1xx_hal.o
    0x20000035   0x080055dd   0x00000003   PAD
    0x20000038   0x080055e0   0x00000004   Data   RW          191    .data.uwTickPrio    stm32f1xx_hal.o
    0x2000003c   0x080055e4   0x00000004   PAD
    0x20000040        -       0x00000060   Zero   RW         1383    .bss                c_w.l(libspace.o)
    0x200000a0        -       0x00000020   Zero   RW           44    .bss.display_buf    main.o
    0x200000c0        -       0x00000054   Zero   RW           25    .bss.hi2c1          i2c.o
    0x20000114        -       0x00000048   Zero   RW          116    .bss.htim1          tim.o
    0x2000015c        -       0x00000048   Zero   RW          117    .bss.htim3          tim.o
    0x200001a4        -       0x00000048   Zero   RW          132    .bss.huart1         usart.o
    0x200001ec        -       0x00000004   Zero   RW           45    .bss.mid_offset     main.o
    0x200001f0        -       0x00000020   Zero   RW          324    .bss.pFlash         stm32f1xx_hal_flash.o
    0x20000210        -       0x00000004   Zero   RW           42    .bss.pwm_flag       main.o
    0x20000214        -       0x00000004   Zero   RW           41    .bss.pwm_sum        main.o
    0x20000218        -       0x00000004   Zero   RW           40    .bss.pwm_value      main.o
    0x2000021c        -       0x00000004   Zero   RW          193    .bss.uwTick         stm32f1xx_hal.o
    0x20000220        -       0x00000200   Zero   RW            2    HEAP                startup_stm32f103x6.o
    0x20000420        -       0x00000400   Zero   RW            1    STACK               startup_stm32f103x6.o


==============================================================================

Image component sizes


      Code (inc. data)   RO Data    RW Data    ZI Data      Debug   Object Name

       136         20          0         16          0       1577   flash.o
       102          0          0          0          0       1580   gpio.o
       170          0          0          0         84       4682   i2c.o
        82          0          0          0          0       1739   log.o
       534         44          0          4         48       4102   main.o
       818          0       2056         27          0       9068   oled.o
        64         26        236          0       1536        912   startup_stm32f103x6.o
       196          0          0          5          4       5897   stm32f1xx_hal.o
       196          0          0          0          0       8518   stm32f1xx_hal_cortex.o
       426          0          0          0         32       5610   stm32f1xx_hal_flash.o
       212          0          0          0          0       6328   stm32f1xx_hal_flash_ex.o
       506         20          0          0          0       4866   stm32f1xx_hal_gpio.o
      1418          0          0          0          0      47379   stm32f1xx_hal_i2c.o
        66          0          0          0          0       1366   stm32f1xx_hal_msp.o
      1334          0         18          0          0       7787   stm32f1xx_hal_rcc.o
      1064          0          0          0          0      57620   stm32f1xx_hal_tim.o
       108          0          0          0          0      21920   stm32f1xx_hal_tim_ex.o
       584          0          0          0          0      28270   stm32f1xx_hal_uart.o
       154          0          0          0          0       2364   stm32f1xx_it.o
         2          0         24          4          0       1755   system_stm32f1xx.o
       422          0          0          0        144       6568   tim.o
       186          0          0          0         72       4547   usart.o

    ----------------------------------------------------------------------
      8856        110       2368         60       1924     234455   Object Totals
         0          0         32          0          0          0   (incl. Generated)
        76          0          2          4          4          0   (incl. Padding)

    ----------------------------------------------------------------------

      Code (inc. data)   RO Data    RW Data    ZI Data      Debug   Library Member Name

        44          6          0          0          0         84   __2sprintf.o
         8          0          0          0          0         68   __main.o
       392          4         17          0          0         92   __printf_flags_ss_wp.o
        14          0          0          0          0         68   __printf_wp.o
         0          0          0          0          0          0   __rtentry.o
        12          0          0          0          0          0   __rtentry2.o
         6          0          0          0          0          0   __rtentry4.o
        94          8          0          0          0          0   __scatter.o
        26          0          0          0          0          0   __scatter_copy.o
        28          0          0          0          0          0   __scatter_zi.o
        72          0          0          0          0         96   _c16rtomb.o
         6          0          0          0          0          0   _printf_a.o
         6          0          0          0          0          0   _printf_c.o
        44          0          0          0          0        108   _printf_char.o
        48          6          0          0          0         96   _printf_char_common.o
        40          0          0          0          0         68   _printf_charcount.o
         6          0          0          0          0          0   _printf_d.o
       120         16          0          0          0         92   _printf_dec.o
         6          0          0          0          0          0   _printf_e.o
         6          0          0          0          0          0   _printf_f.o
      1052          0          0          0          0        148   _printf_fp_dec.o
       764          8         38          0          0        100   _printf_fp_hex.o
       128         16          0          0          0         84   _printf_fp_infnan.o
         6          0          0          0          0          0   _printf_g.o
       148          4         40          0          0        160   _printf_hex_int_ll_ptr.o
         6          0          0          0          0          0   _printf_i.o
       178          0          0          0          0         88   _printf_intcommon.o
        10          0          0          0          0          0   _printf_l.o
         6          0          0          0          0          0   _printf_lc.o
        10          0          0          0          0          0   _printf_ll.o
         6          0          0          0          0          0   _printf_lld.o
         6          0          0          0          0          0   _printf_lli.o
         6          0          0          0          0          0   _printf_llo.o
         6          0          0          0          0          0   _printf_llu.o
         6          0          0          0          0          0   _printf_llx.o
       124         16          0          0          0         92   _printf_longlong_dec.o
         6          0          0          0          0          0   _printf_ls.o
         6          0          0          0          0          0   _printf_n.o
         6          0          0          0          0          0   _printf_o.o
       112          8          0          0          0        124   _printf_oct_int_ll.o
         6          0          0          0          0          0   _printf_p.o
        78          0          0          0          0        108   _printf_pad.o
         0          0          0          0          0          0   _printf_percent.o
         4          0          0          0          0          0   _printf_percent_end.o
         6          0          0          0          0          0   _printf_s.o
        82          0          0          0          0         80   _printf_str.o
        36          0          0          0          0         84   _printf_truncate.o
         6          0          0          0          0          0   _printf_u.o
        44          0          0          0          0        108   _printf_wchar.o
       188          6          8          0          0         92   _printf_wctomb.o
         6          0          0          0          0          0   _printf_x.o
        16          0          0          0          0         68   _snputc.o
        10          0          0          0          0         68   _sputc.o
       228          4        148          0          0         96   bigflt0.o
      1936        128          0          0          0        668   btod.o
        18          0          0          0          0         80   exit.o
         6          0          0          0          0        152   heapauxi.o
         0          0          0          0          0          0   indicate_semi.o
        44         10        272          0          0         76   lc_ctype_c.o
        44         10         28          0          0         76   lc_numeric_c.o
         2          0          0          0          0          0   libinit.o
        30          0          0          0          0          0   libinit2.o
         2          0          0          0          0          0   libshutdown.o
         2          0          0          0          0          0   libshutdown2.o
         8          4          0          0         96         68   libspace.o
       138          0          0          0          0         80   lludiv10.o
        16          4          0          0          0         76   rt_ctype_table.o
         8          4          0          0          0         68   rt_locale_intlibspace.o
        78          0          0          0          0         80   rt_memclr_w.o
         2          0          0          0          0          0   rtexit.o
        10          0          0          0          0          0   rtexit2.o
       128          0          0          0          0         68   strcmpv7m.o
        12          4          0          0          0         68   sys_exit.o
        74          0          0          0          0         80   sys_stackheap_outer.o
         2          0          0          0          0         68   use_no_semi.o
        60          4          0          0          0         80   vsnprintf.o
        98          4          0          0          0         92   d2f.o
       696        140          0          0          0        216   ddiv.o
        38          0          0          0          0         68   dflt_clz.o
       340         12          0          0          0        104   dmul.o
       156          4          0          0          0         92   dnaninf.o
        12          0          0          0          0         68   dretinf.o
        86          4          0          0          0         84   f2d.o
       430          8          0          0          0        168   faddsub_clz.o
        84          0          0          0          0        196   fcmp.o
        24          0          0          0          0         68   fcmpi.o
       388         76          0          0          0         96   fdiv.o
       104          4          0          0          0         84   feqf.o
        62          4          0          0          0         84   ffixu.o
        38          0          0          0          0         68   fflt_clz.o
       104          4          0          0          0         84   fgeqf.o
       104          4          0          0          0         84   fleqf.o
       258          4          0          0          0         84   fmul.o
       140          4          0          0          0         84   fnaninf.o
        10          0          0          0          0         68   fretinf.o
         4          0          0          0          0         68   printf1.o
         4          0          0          0          0         68   printf2.o
         0          0          0          0          0          0   usenofp.o
        40          0          0          0          0         68   fpclassify.o

    ----------------------------------------------------------------------
     10150        542        554          0         96       6156   Library Totals
        30          0          3          0          0          0   (incl. Padding)

    ----------------------------------------------------------------------

      Code (inc. data)   RO Data    RW Data    ZI Data      Debug   Library Name

      6900        270        551          0         96       4060   c_w.l
      3180        272          0          0          0       2028   fz_ws.l
        40          0          0          0          0         68   m_ws.l

    ----------------------------------------------------------------------
     10150        542        554          0         96       6156   Library Totals

    ----------------------------------------------------------------------

==============================================================================


      Code (inc. data)   RO Data    RW Data    ZI Data      Debug   

     19006        652       2922         60       2020     236947   Grand Totals
     19006        652       2922         60       2020     236947   ELF Image Totals
     19006        652       2922         60          0          0   ROM Totals

==============================================================================

    Total RO  Size (Code + RO Data)                21928 (  21.41kB)
    Total RW  Size (RW Data + ZI Data)              2080 (   2.03kB)
    Total ROM Size (Code + RO Data + RW Data)      21988 (  21.47kB)

==============================================================================

