Component: ARM Compiler 6.7 Tool: armlink [5c9ef700]

==============================================================================

Section Cross References

    startup_stm32f103x6.o(STACK) refers (Special) to heapauxi.o(.text) for __use_two_region_memory
    startup_stm32f103x6.o(HEAP) refers (Special) to heapauxi.o(.text) for __use_two_region_memory
    startup_stm32f103x6.o(RESET) refers (Special) to heapauxi.o(.text) for __use_two_region_memory
    startup_stm32f103x6.o(RESET) refers to startup_stm32f103x6.o(STACK) for __initial_sp
    startup_stm32f103x6.o(RESET) refers to startup_stm32f103x6.o(.text) for Reset_Handler
    startup_stm32f103x6.o(RESET) refers to stm32f1xx_it.o(.text.NMI_Handler) for NMI_Handler
    startup_stm32f103x6.o(RESET) refers to stm32f1xx_it.o(.text.HardFault_Handler) for HardFault_Handler
    startup_stm32f103x6.o(RESET) refers to stm32f1xx_it.o(.text.MemManage_Handler) for MemManage_Handler
    startup_stm32f103x6.o(RESET) refers to stm32f1xx_it.o(.text.BusFault_Handler) for BusFault_Handler
    startup_stm32f103x6.o(RESET) refers to stm32f1xx_it.o(.text.UsageFault_Handler) for UsageFault_Handler
    startup_stm32f103x6.o(RESET) refers to stm32f1xx_it.o(.text.SVC_Handler) for SVC_Handler
    startup_stm32f103x6.o(RESET) refers to stm32f1xx_it.o(.text.DebugMon_Handler) for DebugMon_Handler
    startup_stm32f103x6.o(RESET) refers to stm32f1xx_it.o(.text.PendSV_Handler) for PendSV_Handler
    startup_stm32f103x6.o(RESET) refers to stm32f1xx_it.o(.text.SysTick_Handler) for SysTick_Handler
    startup_stm32f103x6.o(RESET) refers to stm32f1xx_it.o(.text.TIM3_IRQHandler) for TIM3_IRQHandler
    startup_stm32f103x6.o(.text) refers (Special) to heapauxi.o(.text) for __use_two_region_memory
    startup_stm32f103x6.o(.text) refers to system_stm32f1xx.o(.text.SystemInit) for SystemInit
    startup_stm32f103x6.o(.text) refers to __main.o(!!!main) for __main
    startup_stm32f103x6.o(.text) refers to startup_stm32f103x6.o(HEAP) for Heap_Mem
    startup_stm32f103x6.o(.text) refers to startup_stm32f103x6.o(STACK) for Stack_Mem
    main.o(.text) refers (Special) to _printf_c.o(.ARM.Collect$$_printf_percent$$00000013) for _printf_c
    main.o(.text) refers (Special) to _printf_d.o(.ARM.Collect$$_printf_percent$$00000009) for _printf_d
    main.o(.text) refers (Special) to _printf_f.o(.ARM.Collect$$_printf_percent$$00000003) for _printf_f
    main.o(.text) refers (Special) to printf1.o(x$fpl$printf1) for _printf_fp_dec
    main.o(.text) refers (Special) to _printf_dec.o(.text) for _printf_int_dec
    main.o(.text) refers (Special) to _printf_percent.o(.ARM.Collect$$_printf_percent$$00000000) for _printf_percent
    main.o(.text) refers (Special) to _printf_str.o(.text) for _printf_str
    main.o(.text.main) refers (Special) to _printf_c.o(.ARM.Collect$$_printf_percent$$00000013) for _printf_c
    main.o(.text.main) refers (Special) to _printf_d.o(.ARM.Collect$$_printf_percent$$00000009) for _printf_d
    main.o(.text.main) refers (Special) to _printf_f.o(.ARM.Collect$$_printf_percent$$00000003) for _printf_f
    main.o(.text.main) refers (Special) to printf1.o(x$fpl$printf1) for _printf_fp_dec
    main.o(.text.main) refers (Special) to _printf_dec.o(.text) for _printf_int_dec
    main.o(.text.main) refers (Special) to _printf_percent.o(.ARM.Collect$$_printf_percent$$00000000) for _printf_percent
    main.o(.text.main) refers (Special) to _printf_str.o(.text) for _printf_str
    main.o(.text.main) refers to stm32f1xx_hal.o(.text.HAL_Init) for HAL_Init
    main.o(.text.main) refers to main.o(.text.SystemClock_Config) for SystemClock_Config
    main.o(.text.main) refers to gpio.o(.text.MX_GPIO_Init) for MX_GPIO_Init
    main.o(.text.main) refers to i2c.o(.text.MX_I2C1_Init) for MX_I2C1_Init
    main.o(.text.main) refers to tim.o(.text.MX_TIM1_Init) for MX_TIM1_Init
    main.o(.text.main) refers to tim.o(.text.MX_TIM3_Init) for MX_TIM3_Init
    main.o(.text.main) refers to usart.o(.text.MX_USART1_UART_Init) for MX_USART1_UART_Init
    main.o(.text.main) refers to oled.o(.text.OLED_Init) for OLED_Init
    main.o(.text.main) refers to stm32f1xx_hal_tim.o(.text.HAL_TIM_IC_Start) for HAL_TIM_IC_Start
    main.o(.text.main) refers to stm32f1xx_hal_tim.o(.text.HAL_TIM_Base_Start_IT) for HAL_TIM_Base_Start_IT
    main.o(.text.main) refers to rt_memclr_w.o(.text) for __aeabi_memclr4
    main.o(.text.main) refers to stm32f1xx_hal.o(.text.HAL_Delay) for HAL_Delay
    main.o(.text.main) refers to __2sprintf.o(.text) for __2sprintf
    main.o(.text.main) refers to oled.o(.text.OLED_ShowString) for OLED_ShowString
    main.o(.text.main) refers to dflt_clz.o(x$fpl$dfltu) for __aeabi_ui2d
    main.o(.text.main) refers to dmul.o(x$fpl$dmul) for __aeabi_dmul
    main.o(.text.main) refers to ddiv.o(x$fpl$ddiv) for __aeabi_ddiv
    main.o(.text.main) refers to daddsub_clz.o(x$fpl$dadd) for __aeabi_dadd
    main.o(.text.main) refers to dcmp.o(x$fpl$fcmp) for __aeabi_dcmpgt
[...]
    startup_stm32f103x6.s                    0x00000000   Number         0  startup_stm32f103x6.o ABSOLUTE
    RESET                                    0x08000000   Section      236  startup_stm32f103x6.o(RESET)
    !!!main                                  0x080000ec   Section        8  __main.o(!!!main)
    !!!scatter                               0x080000f4   Section       52  __scatter.o(!!!scatter)
    !!handler_copy                           0x08000128   Section       26  __scatter_copy.o(!!handler_copy)
    !!handler_zi                             0x08000144   Section       28  __scatter_zi.o(!!handler_zi)
    .ARM.Collect$$_printf_percent$$00000000  0x08000160   Section        0  _printf_percent.o(.ARM.Collect$$_printf_percent$$00000000)
    .ARM.Collect$$_printf_percent$$00000003  0x08000160   Section        6  _printf_f.o(.ARM.Collect$$_printf_percent$$00000003)
    .ARM.Collect$$_printf_percent$$00000009  0x08000166   Section        6  _printf_d.o(.ARM.Collect$$_printf_percent$$00000009)
    .ARM.Collect$$_printf_percent$$00000013  0x0800016c   Section        6  _printf_c.o(.ARM.Collect$$_printf_percent$$00000013)
    .ARM.Collect$$_printf_percent$$00000017  0x08000172   Section        4  _printf_percent_end.o(.ARM.Collect$$_printf_percent$$00000017)
    .ARM.Collect$$libinit$$00000000          0x08000176   Section        2  libinit.o(.ARM.Collect$$libinit$$00000000)
    .ARM.Collect$$libinit$$00000002          0x08000178   Section        0  libinit2.o(.ARM.Collect$$libinit$$00000002)
    .ARM.Collect$$libinit$$00000004          0x08000178   Section        0  libinit2.o(.ARM.Collect$$libinit$$00000004)
    .ARM.Collect$$libinit$$0000000A          0x08000178   Section        0  libinit2.o(.ARM.Collect$$libinit$$0000000A)
    .ARM.Collect$$libinit$$0000000C          0x08000178   Section        0  libinit2.o(.ARM.Collect$$libinit$$0000000C)
    .ARM.Collect$$libinit$$0000000E          0x08000178   Section        0  libinit2.o(.ARM.Collect$$libinit$$0000000E)
    .ARM.Collect$$libinit$$0000000F          0x08000178   Section        6  libinit2.o(.ARM.Collect$$libinit$$0000000F)
    .ARM.Collect$$libinit$$00000011          0x0800017e   Section        0  libinit2.o(.ARM.Collect$$libinit$$00000011)
    .ARM.Collect$$libinit$$00000013          0x0800017e   Section        0  libinit2.o(.ARM.Collect$$libinit$$00000013)
    .ARM.Collect$$libinit$$00000015          0x0800017e   Section        0  libinit2.o(.ARM.Collect$$libinit$$00000015)
    .ARM.Collect$$libinit$$00000016          0x0800017e   Section       10  libinit2.o(.ARM.Collect$$libinit$$00000016)
    .ARM.Collect$$libinit$$00000017          0x08000188   Section        0  libinit2.o(.ARM.Collect$$libinit$$00000017)
    .ARM.Collect$$libinit$$00000019          0x08000188   Section        0  libinit2.o(.ARM.Collect$$libinit$$00000019)
    .ARM.Collect$$libinit$$0000001B          0x08000188   Section        0  libinit2.o(.ARM.Collect$$libinit$$0000001B)
    .ARM.Collect$$libinit$$0000001D          0x08000188   Section        0  libinit2.o(.ARM.Collect$$libinit$$0000001D)
    .ARM.Collect$$libinit$$0000001F          0x08000188   Section        0  libinit2.o(.ARM.Collect$$libinit$$0000001F)
    .ARM.Collect$$libinit$$00000021          0x08000188   Section        0  libinit2.o(.ARM.Collect$$libinit$$00000021)
    .ARM.Collect$$libinit$$00000023          0x08000188   Section        0  libinit2.o(.ARM.Collect$$libinit$$00000023)
    .ARM.Collect$$libinit$$00000025          0x08000188   Section        0  libinit2.o(.ARM.Collect$$libinit$$00000025)
    .ARM.Collect$$libinit$$0000002C          0x08000188   Section        0  libinit2.o(.ARM.Collect$$libinit$$0000002C)
    .ARM.Collect$$libinit$$0000002E          0x08000188   Section        0  libinit2.o(.ARM.Collect$$libinit$$0000002E)
    .ARM.Collect$$libinit$$00000030          0x08000188   Section        0  libinit2.o(.ARM.Collect$$libinit$$00000030)
    .ARM.Collect$$libinit$$00000032          0x08000188   Section        0  libinit2.o(.ARM.Collect$$libinit$$00000032)
    .ARM.Collect$$libinit$$00000033          0x08000188   Section        2  libinit2.o(.ARM.Collect$$libinit$$00000033)
    .ARM.Collect$$libshutdown$$00000000      0x0800018a   Section        2  libshutdown.o(.ARM.Collect$$libshutdown$$00000000)
    .ARM.Collect$$libshutdown$$00000002      0x0800018c   Section        0  libshutdown2.o(.ARM.Collect$$libshutdown$$00000002)
    .ARM.Collect$$libshutdown$$00000004      0x0800018c   Section        0  libshutdown2.o(.ARM.Collect$$libshutdown$$00000004)
    .ARM.Collect$$libshutdown$$00000007      0x0800018c   Section        0  libshutdown2.o(.ARM.Collect$$libshutdown$$00000007)
    .ARM.Collect$$libshutdown$$0000000A      0x0800018c   Section        0  libshutdown2.o(.ARM.Collect$$libshutdown$$0000000A)
    .ARM.Collect$$libshutdown$$0000000C      0x0800018c   Section        0  libshutdown2.o(.ARM.Collect$$libshutdown$$0000000C)
    .ARM.Collect$$libshutdown$$0000000F      0x0800018c   Section        0  libshutdown2.o(.ARM.Collect$$libshutdown$$0000000F)
    .ARM.Collect$$libshutdown$$00000010      0x0800018c   Section        2  libshutdown2.o(.ARM.Collect$$libshutdown$$00000010)
    .ARM.Collect$$rtentry$$00000000          0x0800018e   Section        0  __rtentry.o(.ARM.Collect$$rtentry$$00000000)
    .ARM.Collect$$rtentry$$00000002          0x0800018e   Section        0  __rtentry2.o(.ARM.Collect$$rtentry$$00000002)
    .ARM.Collect$$rtentry$$00000004          0x0800018e   Section        6  __rtentry4.o(.ARM.Collect$$rtentry$$00000004)
    .ARM.Collect$$rtentry$$00000009          0x08000194   Section        0  __rtentry2.o(.ARM.Collect$$rtentry$$00000009)
    .ARM.Collect$$rtentry$$0000000A          0x08000194   Section        4  __rtentry2.o(.ARM.Collect$$rtentry$$0000000A)
    .ARM.Collect$$rtentry$$0000000C          0x08000198   Section        0  __rtentry2.o(.ARM.Collect$$rtentry$$0000000C)
    .ARM.Collect$$rtentry$$0000000D          0x08000198   Section        8  __rtentry2.o(.ARM.Collect$$rtentry$$0000000D)
    .ARM.Collect$$rtexit$$00000000           0x080001a0   Section        2  rtexit.o(.ARM.Collect$$rtexit$$00000000)
    .ARM.Collect$$rtexit$$00000002           0x080001a2   Section        0  rtexit2.o(.ARM.Collect$$rtexit$$00000002)
    .ARM.Collect$$rtexit$$00000003           0x080001a2   Section        4  rtexit2.o(.ARM.Collect$$rtexit$$00000003)
    .ARM.Collect$$rtexit$$00000004           0x080001a6   Section        6  rtexit2.o(.ARM.Collect$$rtexit$$00000004)
    .text                                    0x080001ac   Section       64  startup_stm32f103x6.o(.text)
    .text                                    0x080001ec   Section        0  __2sprintf.o(.text)
    .text                                    0x08000218   Section        0  _printf_str.o(.text)
    .text                                    0x0800026c   Section        0  _printf_dec.o(.text)
    .text                                    0x080002e4   Section        0  __printf_flags_ss_wp.o(.text)
    .text                                    0x0800046c   Section       78  rt_memclr_w.o(.text)
    .text                                    0x080004ba   Section        0  heapauxi.o(.text)
    .text                                    0x080004c0   Section        0  _printf_intcommon.o(.text)
    .text                                    0x08000572   Section        0  _printf_fp_dec.o(.text)
    _fp_digits                               0x08000575   Thumb Code   432  _printf_fp_dec.o(.text)
    .text                                    0x08000990   Section        0  _printf_char_common.o(.text)
    _printf_input_char                       0x08000991   Thumb Code    10  _printf_char_common.o(.text)
    .text                                    0x080009c0   Section        0  _sputc.o(.text)
    .text                                    0x080009ca   Section        0  _printf_char.o(.text)
    .text                                    0x080009f8   Section        8  rt_locale_intlibspace.o(.text)
    .text                                    0x08000a00   Section      138  lludiv10.o(.text)
    .text                                    0x08000a8c   Section        0  _printf_fp_infnan.o(.text)
    .text                                    0x08000b0c   Section        0  bigflt0.o(.text)
    .text                                    0x08000bf0   Section        8  libspace.o(.text)
    .text                                    0x08000bf8   Section       74  sys_stackheap_outer.o(.text)
    .text                                    0x08000c42   Section        0  exit.o(.text)
    .text                                    0x08000c54   Section      128  strcmpv7m.o(.text)
    .text                                    0x08000cd4   Section        0  sys_exit.o(.text)
    .text                                    0x08000ce0   Section        2  use_no_semi.o(.text)
    [Anonymous Symbol]                       0x08000ce2   Section        0  stm32f1xx_it.o(.text.BusFault_Handler)
    .text                                    0x08000ce2   Section        0  indicate_semi.o(.text)
    [Anonymous Symbol]                       0x08000ce4   Section        0  stm32f1xx_it.o(.text.DebugMon_Handler)
    [Anonymous Symbol]                       0x08000ce6   Section        0  main.o(.text.Error_Handler)
    [Anonymous Symbol]                       0x08000cf0   Section        0  stm32f1xx_hal.o(.text.HAL_Delay)
    [Anonymous Symbol]                       0x08000d18   Section        0  stm32f1xx_hal_gpio.o(.text.HAL_GPIO_Init)
    __arm_cp.0_0                             0x08000ea8   Number         4  stm32f1xx_hal_gpio.o(.text.HAL_GPIO_Init)
    __arm_cp.0_1                             0x08000eac   Number         4  stm32f1xx_hal_gpio.o(.text.HAL_GPIO_Init)
    __arm_cp.0_2                             0x08000eb0   Number         4  stm32f1xx_hal_gpio.o(.text.HAL_GPIO_Init)
    __arm_cp.0_3                             0x08000eb4   Number         4  stm32f1xx_hal_gpio.o(.text.HAL_GPIO_Init)
    __arm_cp.0_4                             0x08000eb8   Number         4  stm32f1xx_hal_gpio.o(.text.HAL_GPIO_Init)
    __arm_cp.0_5                             0x08000ebc   Number         4  stm32f1xx_hal_gpio.o(.text.HAL_GPIO_Init)
    __arm_cp.0_6                             0x08000ec0   Number         4  stm32f1xx_hal_gpio.o(.text.HAL_GPIO_Init)
    __arm_cp.0_7                             0x08000ec4   Number         4  stm32f1xx_hal_gpio.o(.text.HAL_GPIO_Init)
    __arm_cp.0_9                             0x08000ec8   Number         4  stm32f1xx_hal_gpio.o(.text.HAL_GPIO_Init)
    __arm_cp.0_10                            0x08000ecc   Number         4  stm32f1xx_hal_gpio.o(.text.HAL_GPIO_Init)
    __arm_cp.0_11                            0x08000ed0   Number         4  stm32f1xx_hal_gpio.o(.text.HAL_GPIO_Init)
    __arm_cp.0_12                            0x08000ed4   Number         4  stm32f1xx_hal_gpio.o(.text.HAL_GPIO_Init)
    [Anonymous Symbol]                       0x08000ed8   Section        0  stm32f1xx_hal.o(.text.HAL_GetTick)
    __arm_cp.6_0                             0x08000ee0   Number         4  stm32f1xx_hal.o(.text.HAL_GetTick)
    [Anonymous Symbol]                       0x08000ee4   Section        0  stm32f1xx_hal_i2c.o(.text.HAL_I2C_Init)
    __arm_cp.0_0                             0x08001044   Number         4  stm32f1xx_hal_i2c.o(.text.HAL_I2C_Init)
    __arm_cp.0_1                             0x08001048   Number         4  stm32f1xx_hal_i2c.o(.text.HAL_I2C_Init)
    __arm_cp.0_2                             0x0800104c   Number         4  stm32f1xx_hal_i2c.o(.text.HAL_I2C_Init)
    __arm_cp.0_3                             0x08001050   Number         4  stm32f1xx_hal_i2c.o(.text.HAL_I2C_Init)
    [Anonymous Symbol]                       0x08001054   Section        0  stm32f1xx_hal_i2c.o(.text.HAL_I2C_Mem_Write)
    __arm_cp.22_0                            0x08001174   Number         4  stm32f1xx_hal_i2c.o(.text.HAL_I2C_Mem_Write)
    __arm_cp.22_1                            0x08001178   Number         4  stm32f1xx_hal_i2c.o(.text.HAL_I2C_Mem_Write)
    [Anonymous Symbol]                       0x0800117c   Section        0  i2c.o(.text.HAL_I2C_MspInit)
    __arm_cp.1_0                             0x080011d4   Number         4  i2c.o(.text.HAL_I2C_MspInit)
    __arm_cp.1_1                             0x080011d8   Number         4  i2c.o(.text.HAL_I2C_MspInit)
    [Anonymous Symbol]                       0x080011dc   Section        0  stm32f1xx_hal.o(.text.HAL_IncTick)
    [Anonymous Symbol]                       0x080011e8   Section        0  stm32f1xx_hal.o(.text.HAL_Init)
    __arm_cp.0_0                             0x08001208   Number         4  stm32f1xx_hal.o(.text.HAL_Init)
    [Anonymous Symbol]                       0x0800120c   Section        0  stm32f1xx_hal.o(.text.HAL_InitTick)
    __arm_cp.1_0                             0x08001244   Number         4  stm32f1xx_hal.o(.text.HAL_InitTick)
    [Anonymous Symbol]                       0x08001248   Section        0  stm32f1xx_hal_msp.o(.text.HAL_MspInit)
    __arm_cp.0_0                             0x08001280   Number         4  stm32f1xx_hal_msp.o(.text.HAL_MspInit)
    __arm_cp.0_1                             0x08001284   Number         4  stm32f1xx_hal_msp.o(.text.HAL_MspInit)
    [Anonymous Symbol]                       0x08001288   Section        0  stm32f1xx_hal_cortex.o(.text.HAL_NVIC_EnableIRQ)
    __arm_cp.2_0                             0x080012a0   Number         4  stm32f1xx_hal_cortex.o(.text.HAL_NVIC_EnableIRQ)
    [Anonymous Symbol]                       0x080012a4   Section        0  stm32f1xx_hal_cortex.o(.text.HAL_NVIC_SetPriority)
    __arm_cp.1_0                             0x080012f8   Number         4  stm32f1xx_hal_cortex.o(.text.HAL_NVIC_SetPriority)
    [Anonymous Symbol]                       0x080012fc   Section        0  stm32f1xx_hal_cortex.o(.text.HAL_NVIC_SetPriorityGrouping)
    __arm_cp.0_0                             0x08001314   Number         4  stm32f1xx_hal_cortex.o(.text.HAL_NVIC_SetPriorityGrouping)
    __arm_cp.0_1                             0x08001318   Number         4  stm32f1xx_hal_cortex.o(.text.HAL_NVIC_SetPriorityGrouping)
    [Anonymous Symbol]                       0x0800131c   Section        0  stm32f1xx_hal_rcc.o(.text.HAL_RCC_ClockConfig)
    __arm_cp.2_0                             0x08001444   Number         4  stm32f1xx_hal_rcc.o(.text.HAL_RCC_ClockConfig)
    __arm_cp.2_1                             0x08001448   Number         4  stm32f1xx_hal_rcc.o(.text.HAL_RCC_ClockConfig)
    __arm_cp.2_3                             0x0800144c   Number         4  stm32f1xx_hal_rcc.o(.text.HAL_RCC_ClockConfig)
    [Anonymous Symbol]                       0x08001450   Section        0  stm32f1xx_hal_rcc.o(.text.HAL_RCC_GetPCLK1Freq)
    [Anonymous Symbol]                       0x08001464   Section        0  stm32f1xx_hal_rcc.o(.text.HAL_RCC_GetPCLK2Freq)
    __arm_cp.9_0                             0x08001478   Number         4  stm32f1xx_hal_rcc.o(.text.HAL_RCC_GetPCLK2Freq)
    __arm_cp.9_2                             0x0800147c   Number         4  stm32f1xx_hal_rcc.o(.text.HAL_RCC_GetPCLK2Freq)
    [Anonymous Symbol]                       0x08001480   Section        0  stm32f1xx_hal_rcc.o(.text.HAL_RCC_GetSysClockFreq)
    __arm_cp.3_0                             0x080014b8   Number         4  stm32f1xx_hal_rcc.o(.text.HAL_RCC_GetSysClockFreq)
    __arm_cp.3_1                             0x080014bc   Number         4  stm32f1xx_hal_rcc.o(.text.HAL_RCC_GetSysClockFreq)
    HAL_RCC_GetSysClockFreq.aPLLMULFactorTable 0x080014c0   Number         0  stm32f1xx_hal_rcc.o(.text.HAL_RCC_GetSysClockFreq)
    HAL_RCC_GetSysClockFreq.aPredivFactorTable 0x080014d0   Number         0  stm32f1xx_hal_rcc.o(.text.HAL_RCC_GetSysClockFreq)
    __arm_cp.3_4                             0x080014d4   Number         4  stm32f1xx_hal_rcc.o(.text.HAL_RCC_GetSysClockFreq)
    [Anonymous Symbol]                       0x080014d8   Section        0  stm32f1xx_hal_rcc.o(.text.HAL_RCC_OscConfig)
    __arm_cp.1_0                             0x08001844   Number         4  stm32f1xx_hal_rcc.o(.text.HAL_RCC_OscConfig)
    __arm_cp.1_1                             0x08001848   Number         4  stm32f1xx_hal_rcc.o(.text.HAL_RCC_OscConfig)
    __arm_cp.1_2                             0x0800184c   Number         4  stm32f1xx_hal_rcc.o(.text.HAL_RCC_OscConfig)
    __arm_cp.1_3                             0x08001850   Number         4  stm32f1xx_hal_rcc.o(.text.HAL_RCC_OscConfig)
    __arm_cp.1_4                             0x08001854   Number         4  stm32f1xx_hal_rcc.o(.text.HAL_RCC_OscConfig)
    [Anonymous Symbol]                       0x08001858   Section        0  stm32f1xx_hal_cortex.o(.text.HAL_SYSTICK_Config)
    __arm_cp.5_0                             0x08001878   Number         4  stm32f1xx_hal_cortex.o(.text.HAL_SYSTICK_Config)
    __arm_cp.5_1                             0x0800187c   Number         4  stm32f1xx_hal_cortex.o(.text.HAL_SYSTICK_Config)
    [Anonymous Symbol]                       0x08001880   Section        0  stm32f1xx_hal_tim_ex.o(.text.HAL_TIMEx_BreakCallback)
    [Anonymous Symbol]                       0x08001882   Section        0  stm32f1xx_hal_tim_ex.o(.text.HAL_TIMEx_CommutCallback)
    [Anonymous Symbol]                       0x08001884   Section        0  stm32f1xx_hal_tim_ex.o(.text.HAL_TIMEx_MasterConfigSynchronization)
    [Anonymous Symbol]                       0x080018e0   Section        0  stm32f1xx_hal_tim.o(.text.HAL_TIM_Base_Init)
    [Anonymous Symbol]                       0x08001938   Section        0  tim.o(.text.HAL_TIM_Base_MspInit)
    __arm_cp.2_0                             0x080019b4   Number         4  tim.o(.text.HAL_TIM_Base_MspInit)
    __arm_cp.2_3                             0x080019b8   Number         4  tim.o(.text.HAL_TIM_Base_MspInit)
    [Anonymous Symbol]                       0x080019bc   Section        0  stm32f1xx_hal_tim.o(.text.HAL_TIM_Base_Start_IT)
    [Anonymous Symbol]                       0x08001a00   Section        0  stm32f1xx_hal_tim.o(.text.HAL_TIM_ConfigClockSource)
    [Anonymous Symbol]                       0x08001af8   Section        0  stm32f1xx_hal_tim.o(.text.HAL_TIM_IC_CaptureCallback)
    [Anonymous Symbol]                       0x08001afc   Section        0  stm32f1xx_hal_tim.o(.text.HAL_TIM_IC_Start)
    __arm_cp.41_0                            0x08001ba0   Number         4  stm32f1xx_hal_tim.o(.text.HAL_TIM_IC_Start)
    __arm_cp.41_1                            0x08001ba4   Number         4  stm32f1xx_hal_tim.o(.text.HAL_TIM_IC_Start)
    [Anonymous Symbol]                       0x08001ba8   Section        0  stm32f1xx_hal_tim.o(.text.HAL_TIM_IRQHandler)
    [Anonymous Symbol]                       0x08001d1a   Section        0  stm32f1xx_hal_tim.o(.text.HAL_TIM_OC_DelayElapsedCallback)
    [Anonymous Symbol]                       0x08001d1c   Section        0  stm32f1xx_hal_tim.o(.text.HAL_TIM_PWM_PulseFinishedCallback)
    [Anonymous Symbol]                       0x08001d1e   Section        0  stm32f1xx_hal_tim.o(.text.HAL_TIM_PeriodElapsedCallback)
    [Anonymous Symbol]                       0x08001d20   Section        0  stm32f1xx_hal_tim.o(.text.HAL_TIM_TriggerCallback)
    [Anonymous Symbol]                       0x08001d22   Section        0  stm32f1xx_hal_uart.o(.text.HAL_UART_Init)
    [Anonymous Symbol]                       0x08001d80   Section        0  usart.o(.text.HAL_UART_MspInit)
    __arm_cp.1_0                             0x08001df0   Number         4  usart.o(.text.HAL_UART_MspInit)
    [Anonymous Symbol]                       0x08001df4   Section        0  stm32f1xx_it.o(.text.HardFault_Handler)
    [Anonymous Symbol]                       0x08001df8   Section        0  stm32f1xx_hal_i2c.o(.text.I2C_IsAcknowledgeFailed)
    I2C_IsAcknowledgeFailed                  0x08001df9   Thumb Code    52  stm32f1xx_hal_i2c.o(.text.I2C_IsAcknowledgeFailed)
    [Anonymous Symbol]                       0x08001e28   Section        0  stm32f1xx_hal_i2c.o(.text.I2C_RequestMemoryWrite)
    I2C_RequestMemoryWrite                   0x08001e29   Thumb Code   184  stm32f1xx_hal_i2c.o(.text.I2C_RequestMemoryWrite)
    __arm_cp.23_0                            0x08001edc   Number         4  stm32f1xx_hal_i2c.o(.text.I2C_RequestMemoryWrite)
    [Anonymous Symbol]                       0x08001ee0   Section        0  stm32f1xx_hal_i2c.o(.text.I2C_WaitOnBTFFlagUntilTimeout)
    I2C_WaitOnBTFFlagUntilTimeout            0x08001ee1   Thumb Code    90  stm32f1xx_hal_i2c.o(.text.I2C_WaitOnBTFFlagUntilTimeout)
    [Anonymous Symbol]                       0x08001f3a   Section        0  stm32f1xx_hal_i2c.o(.text.I2C_WaitOnFlagUntilTimeout)
    I2C_WaitOnFlagUntilTimeout               0x08001f3b   Thumb Code   150  stm32f1xx_hal_i2c.o(.text.I2C_WaitOnFlagUntilTimeout)
    [Anonymous Symbol]                       0x08001fd0   Section        0  stm32f1xx_hal_i2c.o(.text.I2C_WaitOnMasterAddressFlagUntilTimeout)
    I2C_WaitOnMasterAddressFlagUntilTimeout  0x08001fd1   Thumb Code   160  stm32f1xx_hal_i2c.o(.text.I2C_WaitOnMasterAddressFlagUntilTimeout)
    __arm_cp.60_0                            0x0800206c   Number         4  stm32f1xx_hal_i2c.o(.text.I2C_WaitOnMasterAddressFlagUntilTimeout)
    [Anonymous Symbol]                       0x08002070   Section        0  stm32f1xx_hal_i2c.o(.text.I2C_WaitOnTXEFlagUntilTimeout)
    I2C_WaitOnTXEFlagUntilTimeout            0x08002071   Thumb Code    90  stm32f1xx_hal_i2c.o(.text.I2C_WaitOnTXEFlagUntilTimeout)
    [Anonymous Symbol]                       0x080020cc   Section        0  gpio.o(.text.MX_GPIO_Init)
    __arm_cp.0_0                             0x0800210c   Number         4  gpio.o(.text.MX_GPIO_Init)
    [Anonymous Symbol]                       0x08002110   Section        0  i2c.o(.text.MX_I2C1_Init)
    __arm_cp.0_1                             0x08002140   Number         4  i2c.o(.text.MX_I2C1_Init)
    __arm_cp.0_2                             0x08002144   Number         4  i2c.o(.text.MX_I2C1_Init)
    [Anonymous Symbol]                       0x08002148   Section        0  tim.o(.text.MX_TIM1_Init)
    [Anonymous Symbol]                       0x080021b0   Section        0  tim.o(.text.MX_TIM3_Init)
    [Anonymous Symbol]                       0x08002210   Section        0  usart.o(.text.MX_USART1_UART_Init)
    __arm_cp.0_0                             0x08002240   Number         4  usart.o(.text.MX_USART1_UART_Init)
    [Anonymous Symbol]                       0x08002244   Section        0  stm32f1xx_it.o(.text.MemManage_Handler)
    [Anonymous Symbol]                       0x08002246   Section        0  stm32f1xx_it.o(.text.NMI_Handler)
    [Anonymous Symbol]                       0x08002248   Section        0  oled.o(.text.OLED_Clear)
    [Anonymous Symbol]                       0x0800227c   Section        0  oled.o(.text.OLED_Init)
    [Anonymous Symbol]                       0x08002290   Section        0  oled.o(.text.OLED_Set_Pos)
    __arm_cp.7_0                             0x080022b4   Number         4  oled.o(.text.OLED_Set_Pos)
    [Anonymous Symbol]                       0x080022b8   Section        0  oled.o(.text.OLED_ShowChar)
    __arm_cp.11_0                            0x08002344   Number         4  oled.o(.text.OLED_ShowChar)
    __arm_cp.11_1                            0x08002348   Number         4  oled.o(.text.OLED_ShowChar)
    [Anonymous Symbol]                       0x0800234c   Section        0  oled.o(.text.OLED_ShowString)
    [Anonymous Symbol]                       0x08002390   Section        0  oled.o(.text.OLED_WR_CMD)
    [Anonymous Symbol]                       0x080023b4   Section        0  oled.o(.text.OLED_WR_DATA)
    __arm_cp.2_0                             0x080023d8   Number         4  oled.o(.text.OLED_WR_DATA)
    [Anonymous Symbol]                       0x080023dc   Section        0  stm32f1xx_it.o(.text.PendSV_Handler)
    [Anonymous Symbol]                       0x080023de   Section        0  stm32f1xx_it.o(.text.SVC_Handler)
    [Anonymous Symbol]                       0x080023e0   Section        0  stm32f1xx_it.o(.text.SysTick_Handler)
    [Anonymous Symbol]                       0x080023e4   Section        0  main.o(.text.SystemClock_Config)
    [Anonymous Symbol]                       0x0800244a   Section        0  system_stm32f1xx.o(.text.SystemInit)
    [Anonymous Symbol]                       0x0800244c   Section        0  stm32f1xx_it.o(.text.TIM3_IRQHandler)
    __arm_cp.9_0                             0x0800248c   Number         4  stm32f1xx_it.o(.text.TIM3_IRQHandler)
    __arm_cp.9_1                             0x08002490   Number         4  stm32f1xx_it.o(.text.TIM3_IRQHandler)
    __arm_cp.9_2                             0x08002494   Number         4  stm32f1xx_it.o(.text.TIM3_IRQHandler)
    __arm_cp.9_3                             0x08002498   Number         4  stm32f1xx_it.o(.text.TIM3_IRQHandler)
    __arm_cp.9_4                             0x0800249c   Number         4  stm32f1xx_it.o(.text.TIM3_IRQHandler)
    [Anonymous Symbol]                       0x080024a0   Section        0  stm32f1xx_hal_tim.o(.text.TIM_Base_SetConfig)
    __arm_cp.2_0                             0x080024fc   Number         4  stm32f1xx_hal_tim.o(.text.TIM_Base_SetConfig)
    __arm_cp.2_1                             0x08002500   Number         4  stm32f1xx_hal_tim.o(.text.TIM_Base_SetConfig)
    [Anonymous Symbol]                       0x08002504   Section        0  stm32f1xx_hal_tim.o(.text.TIM_TI1_ConfigInputStage)
    TIM_TI1_ConfigInputStage                 0x08002505   Thumb Code    34  stm32f1xx_hal_tim.o(.text.TIM_TI1_ConfigInputStage)
    [Anonymous Symbol]                       0x08002526   Section        0  stm32f1xx_hal_tim.o(.text.TIM_TI2_ConfigInputStage)
    TIM_TI2_ConfigInputStage                 0x08002527   Thumb Code    36  stm32f1xx_hal_tim.o(.text.TIM_TI2_ConfigInputStage)
    [Anonymous Symbol]                       0x0800254c   Section        0  stm32f1xx_hal_uart.o(.text.UART_SetConfig)
    UART_SetConfig                           0x0800254d   Thumb Code   132  stm32f1xx_hal_uart.o(.text.UART_SetConfig)
    __arm_cp.2_0                             0x080025cc   Number         4  stm32f1xx_hal_uart.o(.text.UART_SetConfig)
    [Anonymous Symbol]                       0x080025d0   Section        0  stm32f1xx_it.o(.text.UsageFault_Handler)
    [Anonymous Symbol]                       0x080025d4   Section        0  oled.o(.text.WriteCmd)
    __arm_cp.0_0                             0x08002604   Number         4  oled.o(.text.WriteCmd)
    __arm_cp.0_1                             0x08002608   Number         4  oled.o(.text.WriteCmd)
    [Anonymous Symbol]                       0x0800260c   Section        0  main.o(.text.main)
    __arm_cp.0_0                             0x08002744   Number         4  main.o(.text.main)
    __arm_cp.0_1                             0x08002748   Number         4  main.o(.text.main)
    __arm_cp.0_2                             0x0800274c   Number         4  main.o(.text.main)
    __arm_cp.0_4                             0x08002764   Number         4  main.o(.text.main)
    __arm_cp.0_5                             0x08002768   Number         4  main.o(.text.main)
    __arm_cp.0_6                             0x0800276c   Number         4  main.o(.text.main)
    __arm_cp.0_7                             0x08002770   Number         4  main.o(.text.main)
    __arm_cp.0_8                             0x08002774   Number         4  main.o(.text.main)
    __arm_cp.0_9                             0x08002778   Number         4  main.o(.text.main)
    CL$$btod_d2e                             0x08002794   Section       62  btod.o(CL$$btod_d2e)
    CL$$btod_d2e_denorm_low                  0x080027d2   Section       70  btod.o(CL$$btod_d2e_denorm_low)
    CL$$btod_d2e_norm_op1                    0x08002818   Section       96  btod.o(CL$$btod_d2e_norm_op1)
    CL$$btod_div_common                      0x08002878   Section      824  btod.o(CL$$btod_div_common)
    CL$$btod_e2e                             0x08002bb0   Section      220  btod.o(CL$$btod_e2e)
    CL$$btod_ediv                            0x08002c8c   Section       42  btod.o(CL$$btod_ediv)
    CL$$btod_emul                            0x08002cb6   Section       42  btod.o(CL$$btod_emul)
    CL$$btod_mult_common                     0x08002ce0   Section      580  btod.o(CL$$btod_mult_common)
    i.__ARM_fpclassify                       0x08002f24   Section        0  fpclassify.o(i.__ARM_fpclassify)
    i._is_digit                              0x08002f4c   Section        0  __printf_wp.o(i._is_digit)
    locale$$code                             0x08002f5c   Section       44  lc_numeric_c.o(locale$$code)
    x$fpl$dadd                               0x08002f88   Section      336  daddsub_clz.o(x$fpl$dadd)
    _dadd1                                   0x08002f99   Thumb Code     0  daddsub_clz.o(x$fpl$dadd)
    x$fpl$dcmpinf                            0x080030d8   Section       24  dcmpi.o(x$fpl$dcmpinf)
    x$fpl$ddiv                               0x080030f0   Section      688  ddiv.o(x$fpl$ddiv)
    ddiv_entry                               0x080030f7   Thumb Code     0  ddiv.o(x$fpl$ddiv)
    x$fpl$deqf                               0x080033a0   Section      120  deqf.o(x$fpl$deqf)
    x$fpl$dfltu                              0x08003418   Section       38  dflt_clz.o(x$fpl$dfltu)
    x$fpl$dgeqf                              0x08003440   Section      120  dgeqf.o(x$fpl$dgeqf)
    x$fpl$dleqf                              0x080034b8   Section      120  dleqf.o(x$fpl$dleqf)
    x$fpl$dmul                               0x08003530   Section      340  dmul.o(x$fpl$dmul)
    x$fpl$dnaninf                            0x08003684   Section      156  dnaninf.o(x$fpl$dnaninf)
    x$fpl$dretinf                            0x08003720   Section       12  dretinf.o(x$fpl$dretinf)
    x$fpl$dsub                               0x0800372c   Section      468  daddsub_clz.o(x$fpl$dsub)
    _dsub1                                   0x0800373d   Thumb Code     0  daddsub_clz.o(x$fpl$dsub)
    x$fpl$fcmp                               0x08003900   Section       84  dcmp.o(x$fpl$fcmp)
    x$fpl$printf1                            0x08003954   Section        4  printf1.o(x$fpl$printf1)
    .constdata                               0x08003958   Section       17  __printf_flags_ss_wp.o(.constdata)
    x$fpl$usenofp                            0x08003958   Section        0  usenofp.o(x$fpl$usenofp)
    maptable                                 0x08003958   Data          17  __printf_flags_ss_wp.o(.constdata)
    .constdata                               0x0800396c   Section      148  bigflt0.o(.constdata)
    tenpwrs_x                                0x0800396c   Data          60  bigflt0.o(.constdata)
    tenpwrs_i                                0x080039a8   Data          64  bigflt0.o(.constdata)
    locale$$data                             0x08004240   Section       28  lc_numeric_c.o(locale$$data)
    __lcnum_c_name                           0x08004244   Data           2  lc_numeric_c.o(locale$$data)
    __lcnum_c_start                          0x0800424c   Data           0  lc_numeric_c.o(locale$$data)
    __lcnum_c_point                          0x08004258   Data           0  lc_numeric_c.o(locale$$data)
    __lcnum_c_thousands                      0x0800425a   Data           0  lc_numeric_c.o(locale$$data)
    __lcnum_c_grouping                       0x0800425b   Data           0  lc_numeric_c.o(locale$$data)
    __lcnum_c_end                            0x0800425c   Data           0  lc_numeric_c.o(locale$$data)
    [Anonymous Symbol]                       0x20000000   Section        0  stm32f1xx_hal.o(.data..L_MergedGlobals)
    .bss                                     0x20000030   Section       96  libspace.o(.bss)
    HEAP                                     0x200001c8   Section      512  startup_stm32f103x6.o(HEAP)
    Heap_Mem                                 0x200001c8   Data         512  startup_stm32f103x6.o(HEAP)
    STACK                                    0x200003c8   Section     1024  startup_stm32f103x6.o(STACK)
    Stack_Mem                                0x200003c8   Data        1024  startup_stm32f103x6.o(STACK)
    __initial_sp                             0x200007c8   Data           0  startup_stm32f103x6.o(STACK)

    Global Symbols

    Symbol Name                              Value     Ov Type        Size  Object(Section)

    BuildAttributes$$THM_ISAv4$P$D$K$B$S$PE$A:L22UL41UL21$X:L11$S22US41US21$IEEE1$IW$~IW$USESV6$~STKCKD$USESV7$~SHL$OTIME$ROPI$IEEEJ$EBA8$UX$STANDARDLIB$REQ8$PRES8$EABIv2 0x00000000   Number         0  anon$$obj.o ABSOLUTE
    _printf_flags                            0x00000000   Number         0  printf_stubs.o ABSOLUTE
    _printf_return_value                     0x00000000   Number         0  printf_stubs.o ABSOLUTE
    _printf_sizespec                         0x00000000   Number         0  printf_stubs.o ABSOLUTE
    _printf_widthprec                        0x00000000   Number         0  printf_stubs.o ABSOLUTE
    __ARM_exceptions_init                     - Undefined Weak Reference
    __alloca_initialize                       - Undefined Weak Reference
    __arm_preinit_                            - Undefined Weak Reference
    __cpp_initialize__aeabi_                  - Undefined Weak Reference
    __cxa_finalize                            - Undefined Weak Reference
    __sigvec_lookup                           - Undefined Weak Reference
    _atexit_init                              - Undefined Weak Reference
    _call_atexit_fns                          - Undefined Weak Reference
    _clock_init                               - Undefined Weak Reference
    _fp_trap_init                             - Undefined Weak Reference
    _fp_trap_shutdown                         - Undefined Weak Reference
    _get_lc_collate                           - Undefined Weak Reference
    _get_lc_monetary                          - Undefined Weak Reference
    _get_lc_time                              - Undefined Weak Reference
    _getenv_init                              - Undefined Weak Reference
    _handle_redirection                       - Undefined Weak Reference
    _init_alloc                               - Undefined Weak Reference
    _init_user_alloc                          - Undefined Weak Reference
    _initio                                   - Undefined Weak Reference
    _printf_mbtowc                            - Undefined Weak Reference
    _printf_wc                                - Undefined Weak Reference
    _rand_init                                - Undefined Weak Reference
    _signal_finish                            - Undefined Weak Reference
    _signal_init                              - Undefined Weak Reference
    _terminate_alloc                          - Undefined Weak Reference
    _terminate_user_alloc                     - Undefined Weak Reference
    _terminateio                              - Undefined Weak Reference
    __Vectors_Size                           0x000000ec   Number         0  startup_stm32f103x6.o ABSOLUTE
    __Vectors                                0x08000000   Data           4  startup_stm32f103x6.o(RESET)
    __Vectors_End                            0x080000ec   Data           0  startup_stm32f103x6.o(RESET)
    __main                                   0x080000ed   Thumb Code     8  __main.o(!!!main)
    __scatterload                            0x080000f5   Thumb Code     0  __scatter.o(!!!scatter)
    __scatterload_rt2                        0x080000f5   Thumb Code    44  __scatter.o(!!!scatter)
    __scatterload_rt2_thumb_only             0x080000f5   Thumb Code     0  __scatter.o(!!!scatter)
    __scatterload_null                       0x08000103   Thumb Code     0  __scatter.o(!!!scatter)
    __scatterload_copy                       0x08000129   Thumb Code    26  __scatter_copy.o(!!handler_copy)
    __scatterload_zeroinit                   0x08000145   Thumb Code    28  __scatter_zi.o(!!handler_zi)
    _printf_f                                0x08000161   Thumb Code     0  _printf_f.o(.ARM.Collect$$_printf_percent$$00000003)
    _printf_percent                          0x08000161   Thumb Code     0  _printf_percent.o(.ARM.Collect$$_printf_percent$$00000000)
    _printf_d                                0x08000167   Thumb Code     0  _printf_d.o(.ARM.Collect$$_printf_percent$$00000009)
    _printf_c                                0x0800016d   Thumb Code     0  _printf_c.o(.ARM.Collect$$_printf_percent$$00000013)
    _printf_percent_end                      0x08000173   Thumb Code     0  _printf_percent_end.o(.ARM.Collect$$_printf_percent$$00000017)
    __rt_lib_init                            0x08000177   Thumb Code     0  libinit.o(.ARM.Collect$$libinit$$00000000)
    __rt_lib_init_fp_1                       0x08000179   Thumb Code     0  libinit2.o(.ARM.Collect$$libinit$$00000002)
    __rt_lib_init_heap_1                     0x08000179   Thumb Code     0  libinit2.o(.ARM.Collect$$libinit$$0000000A)
    __rt_lib_init_lc_common                  0x08000179   Thumb Code     0  libinit2.o(.ARM.Collect$$libinit$$0000000F)
    __rt_lib_init_preinit_1                  0x08000179   Thumb Code     0  libinit2.o(.ARM.Collect$$libinit$$00000004)
    __rt_lib_init_rand_1                     0x08000179   Thumb Code     0  libinit2.o(.ARM.Collect$$libinit$$0000000E)
    __rt_lib_init_user_alloc_1               0x08000179   Thumb Code     0  libinit2.o(.ARM.Collect$$libinit$$0000000C)
    __rt_lib_init_lc_collate_1               0x0800017f   Thumb Code     0  libinit2.o(.ARM.Collect$$libinit$$00000011)
    __rt_lib_init_lc_ctype_1                 0x0800017f   Thumb Code     0  libinit2.o(.ARM.Collect$$libinit$$00000013)
    __rt_lib_init_lc_monetary_1              0x0800017f   Thumb Code     0  libinit2.o(.ARM.Collect$$libinit$$00000015)
    __rt_lib_init_lc_numeric_2               0x0800017f   Thumb Code     0  libinit2.o(.ARM.Collect$$libinit$$00000016)
    __rt_lib_init_alloca_1                   0x08000189   Thumb Code     0  libinit2.o(.ARM.Collect$$libinit$$0000002E)
    __rt_lib_init_argv_1                     0x08000189   Thumb Code     0  libinit2.o(.ARM.Collect$$libinit$$0000002C)
    __rt_lib_init_atexit_1                   0x08000189   Thumb Code     0  libinit2.o(.ARM.Collect$$libinit$$0000001B)
    __rt_lib_init_clock_1                    0x08000189   Thumb Code     0  libinit2.o(.ARM.Collect$$libinit$$00000021)
    __rt_lib_init_cpp_1                      0x08000189   Thumb Code     0  libinit2.o(.ARM.Collect$$libinit$$00000032)
    __rt_lib_init_exceptions_1               0x08000189   Thumb Code     0  libinit2.o(.ARM.Collect$$libinit$$00000030)
    __rt_lib_init_fp_trap_1                  0x08000189   Thumb Code     0  libinit2.o(.ARM.Collect$$libinit$$0000001F)
    __rt_lib_init_getenv_1                   0x08000189   Thumb Code     0  libinit2.o(.ARM.Collect$$libinit$$00000023)
    __rt_lib_init_lc_numeric_1               0x08000189   Thumb Code     0  libinit2.o(.ARM.Collect$$libinit$$00000017)
    __rt_lib_init_lc_time_1                  0x08000189   Thumb Code     0  libinit2.o(.ARM.Collect$$libinit$$00000019)
    __rt_lib_init_return                     0x08000189   Thumb Code     0  libinit2.o(.ARM.Collect$$libinit$$00000033)
    __rt_lib_init_signal_1                   0x08000189   Thumb Code     0  libinit2.o(.ARM.Collect$$libinit$$0000001D)
    __rt_lib_init_stdio_1                    0x08000189   Thumb Code     0  libinit2.o(.ARM.Collect$$libinit$$00000025)
    __rt_lib_shutdown                        0x0800018b   Thumb Code     0  libshutdown.o(.ARM.Collect$$libshutdown$$00000000)
    __rt_lib_shutdown_cpp_1                  0x0800018d   Thumb Code     0  libshutdown2.o(.ARM.Collect$$libshutdown$$00000002)
    __rt_lib_shutdown_fp_trap_1              0x0800018d   Thumb Code     0  libshutdown2.o(.ARM.Collect$$libshutdown$$00000007)
    __rt_lib_shutdown_heap_1                 0x0800018d   Thumb Code     0  libshutdown2.o(.ARM.Collect$$libshutdown$$0000000F)
    __rt_lib_shutdown_return                 0x0800018d   Thumb Code     0  libshutdown2.o(.ARM.Collect$$libshutdown$$00000010)
    __rt_lib_shutdown_signal_1               0x0800018d   Thumb Code     0  libshutdown2.o(.ARM.Collect$$libshutdown$$0000000A)
    __rt_lib_shutdown_stdio_1                0x0800018d   Thumb Code     0  libshutdown2.o(.ARM.Collect$$libshutdown$$00000004)
    __rt_lib_shutdown_user_alloc_1           0x0800018d   Thumb Code     0  libshutdown2.o(.ARM.Collect$$libshutdown$$0000000C)
    __rt_entry                               0x0800018f   Thumb Code     0  __rtentry.o(.ARM.Collect$$rtentry$$00000000)
    __rt_entry_presh_1                       0x0800018f   Thumb Code     0  __rtentry2.o(.ARM.Collect$$rtentry$$00000002)
    __rt_entry_sh                            0x0800018f   Thumb Code     0  __rtentry4.o(.ARM.Collect$$rtentry$$00000004)
    __rt_entry_li                            0x08000195   Thumb Code     0  __rtentry2.o(.ARM.Collect$$rtentry$$0000000A)
    __rt_entry_postsh_1                      0x08000195   Thumb Code     0  __rtentry2.o(.ARM.Collect$$rtentry$$00000009)
    __rt_entry_main                          0x08000199   Thumb Code     0  __rtentry2.o(.ARM.Collect$$rtentry$$0000000D)
    __rt_entry_postli_1                      0x08000199   Thumb Code     0  __rtentry2.o(.ARM.Collect$$rtentry$$0000000C)
    __rt_exit                                0x080001a1   Thumb Code     0  rtexit.o(.ARM.Collect$$rtexit$$00000000)
    __rt_exit_ls                             0x080001a3   Thumb Code     0  rtexit2.o(.ARM.Collect$$rtexit$$00000003)
    __rt_exit_prels_1                        0x080001a3   Thumb Code     0  rtexit2.o(.ARM.Collect$$rtexit$$00000002)
    __rt_exit_exit                           0x080001a7   Thumb Code     0  rtexit2.o(.ARM.Collect$$rtexit$$00000004)
    Reset_Handler                            0x080001ad   Thumb Code     8  startup_stm32f103x6.o(.text)
    ADC1_2_IRQHandler                        0x080001c7   Thumb Code     0  startup_stm32f103x6.o(.text)
    CAN1_RX1_IRQHandler                      0x080001c7   Thumb Code     0  startup_stm32f103x6.o(.text)
    CAN1_SCE_IRQHandler                      0x080001c7   Thumb Code     0  startup_stm32f103x6.o(.text)
    DMA1_Channel1_IRQHandler                 0x080001c7   Thumb Code     0  startup_stm32f103x6.o(.text)
    DMA1_Channel2_IRQHandler                 0x080001c7   Thumb Code     0  startup_stm32f103x6.o(.text)
    DMA1_Channel3_IRQHandler                 0x080001c7   Thumb Code     0  startup_stm32f103x6.o(.text)
    DMA1_Channel4_IRQHandler                 0x080001c7   Thumb Code     0  startup_stm32f103x6.o(.text)
    DMA1_Channel5_IRQHandler                 0x080001c7   Thumb Code     0  startup_stm32f103x6.o(.text)
    DMA1_Channel6_IRQHandler                 0x080001c7   Thumb Code     0  startup_stm32f103x6.o(.text)
    DMA1_Channel7_IRQHandler                 0x080001c7   Thumb Code     0  startup_stm32f103x6.o(.text)
    EXTI0_IRQHandler                         0x080001c7   Thumb Code     0  startup_stm32f103x6.o(.text)
    EXTI15_10_IRQHandler                     0x080001c7   Thumb Code     0  startup_stm32f103x6.o(.text)
    EXTI1_IRQHandler                         0x080001c7   Thumb Code     0  startup_stm32f103x6.o(.text)
    EXTI2_IRQHandler                         0x080001c7   Thumb Code     0  startup_stm32f103x6.o(.text)
    EXTI3_IRQHandler                         0x080001c7   Thumb Code     0  startup_stm32f103x6.o(.text)
    EXTI4_IRQHandler                         0x080001c7   Thumb Code     0  startup_stm32f103x6.o(.text)
    EXTI9_5_IRQHandler                       0x080001c7   Thumb Code     0  startup_stm32f103x6.o(.text)
    FLASH_IRQHandler                         0x080001c7   Thumb Code     0  startup_stm32f103x6.o(.text)
    I2C1_ER_IRQHandler                       0x080001c7   Thumb Code     0  startup_stm32f103x6.o(.text)
    I2C1_EV_IRQHandler                       0x080001c7   Thumb Code     0  startup_stm32f103x6.o(.text)
    PVD_IRQHandler                           0x080001c7   Thumb Code     0  startup_stm32f103x6.o(.text)
    RCC_IRQHandler                           0x080001c7   Thumb Code     0  startup_stm32f103x6.o(.text)
    RTC_Alarm_IRQHandler                     0x080001c7   Thumb Code     0  startup_stm32f103x6.o(.text)
    RTC_IRQHandler                           0x080001c7   Thumb Code     0  startup_stm32f103x6.o(.text)
    SPI1_IRQHandler                          0x080001c7   Thumb Code     0  startup_stm32f103x6.o(.text)
    TAMPER_IRQHandler                        0x080001c7   Thumb Code     0  startup_stm32f103x6.o(.text)
    TIM1_BRK_IRQHandler                      0x080001c7   Thumb Code     0  startup_stm32f103x6.o(.text)
    TIM1_CC_IRQHandler                       0x080001c7   Thumb Code     0  startup_stm32f103x6.o(.text)
    TIM1_TRG_COM_IRQHandler                  0x080001c7   Thumb Code     0  startup_stm32f103x6.o(.text)
    TIM1_UP_IRQHandler                       0x080001c7   Thumb Code     0  startup_stm32f103x6.o(.text)
    TIM2_IRQHandler                          0x080001c7   Thumb Code     0  startup_stm32f103x6.o(.text)
    USART1_IRQHandler                        0x080001c7   Thumb Code     0  startup_stm32f103x6.o(.text)
    USART2_IRQHandler                        0x080001c7   Thumb Code     0  startup_stm32f103x6.o(.text)
    USBWakeUp_IRQHandler                     0x080001c7   Thumb Code     0  startup_stm32f103x6.o(.text)
    USB_HP_CAN1_TX_IRQHandler                0x080001c7   Thumb Code     0  startup_stm32f103x6.o(.text)
    USB_LP_CAN1_RX0_IRQHandler               0x080001c7   Thumb Code     0  startup_stm32f103x6.o(.text)
    WWDG_IRQHandler                          0x080001c7   Thumb Code     0  startup_stm32f103x6.o(.text)
    __user_initial_stackheap                 0x080001c9   Thumb Code     0  startup_stm32f103x6.o(.text)
    __2sprintf                               0x080001ed   Thumb Code    38  __2sprintf.o(.text)
    _printf_str                              0x08000219   Thumb Code    82  _printf_str.o(.text)
    _printf_int_dec                          0x0800026d   Thumb Code   104  _printf_dec.o(.text)
    __printf                                 0x080002e5   Thumb Code   388  __printf_flags_ss_wp.o(.text)
    __aeabi_memclr4                          0x0800046d   Thumb Code     0  rt_memclr_w.o(.text)
    __aeabi_memclr8                          0x0800046d   Thumb Code     0  rt_memclr_w.o(.text)
    __rt_memclr_w                            0x0800046d   Thumb Code    78  rt_memclr_w.o(.text)
    _memset_w                                0x08000471   Thumb Code     0  rt_memclr_w.o(.text)
    __use_two_region_memory                  0x080004bb   Thumb Code     2  heapauxi.o(.text)
    __rt_heap_escrow$2region                 0x080004bd   Thumb Code     2  heapauxi.o(.text)
    __rt_heap_expand$2region                 0x080004bf   Thumb Code     2  heapauxi.o(.text)
    _printf_int_common                       0x080004c1   Thumb Code   178  _printf_intcommon.o(.text)
    __lib_sel_fp_printf                      0x08000573   Thumb Code     2  _printf_fp_dec.o(.text)
    _printf_fp_dec_real                      0x08000725   Thumb Code   620  _printf_fp_dec.o(.text)
    _printf_char_common                      0x0800099b   Thumb Code    32  _printf_char_common.o(.text)
    _sputc                                   0x080009c1   Thumb Code    10  _sputc.o(.text)
    _printf_cs_common                        0x080009cb   Thumb Code    20  _printf_char.o(.text)
    _printf_char                             0x080009df   Thumb Code    16  _printf_char.o(.text)
    _printf_string                           0x080009ef   Thumb Code     8  _printf_char.o(.text)
    __rt_locale                              0x080009f9   Thumb Code     8  rt_locale_intlibspace.o(.text)
    _ll_udiv10                               0x08000a01   Thumb Code   138  lludiv10.o(.text)
    _printf_fp_infnan                        0x08000a8d   Thumb Code   112  _printf_fp_infnan.o(.text)
    _btod_etento                             0x08000b0d   Thumb Code   224  bigflt0.o(.text)
    __user_libspace                          0x08000bf1   Thumb Code     8  libspace.o(.text)
    __user_perproc_libspace                  0x08000bf1   Thumb Code     0  libspace.o(.text)
    __user_perthread_libspace                0x08000bf1   Thumb Code     0  libspace.o(.text)
    __user_setup_stackheap                   0x08000bf9   Thumb Code    74  sys_stackheap_outer.o(.text)
    exit                                     0x08000c43   Thumb Code    18  exit.o(.text)
    strcmp                                   0x08000c55   Thumb Code   128  strcmpv7m.o(.text)
    _sys_exit                                0x08000cd5   Thumb Code     8  sys_exit.o(.text)
    __I$use$semihosting                      0x08000ce1   Thumb Code     0  use_no_semi.o(.text)
    __use_no_semihosting_swi                 0x08000ce1   Thumb Code     2  use_no_semi.o(.text)
    BusFault_Handler                         0x08000ce3   Thumb Code     2  stm32f1xx_it.o(.text.BusFault_Handler)
    __semihosting_library_function           0x08000ce3   Thumb Code     0  indicate_semi.o(.text)
    DebugMon_Handler                         0x08000ce5   Thumb Code     2  stm32f1xx_it.o(.text.DebugMon_Handler)
    Error_Handler                            0x08000ce7   Thumb Code     8  main.o(.text.Error_Handler)
    HAL_Delay                                0x08000cf1   Thumb Code    44  stm32f1xx_hal.o(.text.HAL_Delay)
    HAL_GPIO_Init                            0x08000d19   Thumb Code   452  stm32f1xx_hal_gpio.o(.text.HAL_GPIO_Init)
    HAL_GetTick                              0x08000ed9   Thumb Code    12  stm32f1xx_hal.o(.text.HAL_GetTick)
    HAL_I2C_Init                             0x08000ee5   Thumb Code   368  stm32f1xx_hal_i2c.o(.text.HAL_I2C_Init)
    HAL_I2C_Mem_Write                        0x08001055   Thumb Code   296  stm32f1xx_hal_i2c.o(.text.HAL_I2C_Mem_Write)
    HAL_I2C_MspInit                          0x0800117d   Thumb Code    96  i2c.o(.text.HAL_I2C_MspInit)
    HAL_IncTick                              0x080011dd   Thumb Code    16  stm32f1xx_hal.o(.text.HAL_IncTick)
    HAL_Init                                 0x080011e9   Thumb Code    36  stm32f1xx_hal.o(.text.HAL_Init)
    HAL_InitTick                             0x0800120d   Thumb Code    64  stm32f1xx_hal.o(.text.HAL_InitTick)
    HAL_MspInit                              0x08001249   Thumb Code    64  stm32f1xx_hal_msp.o(.text.HAL_MspInit)
    HAL_NVIC_EnableIRQ                       0x08001289   Thumb Code    28  stm32f1xx_hal_cortex.o(.text.HAL_NVIC_EnableIRQ)
    HAL_NVIC_SetPriority                     0x080012a5   Thumb Code    92  stm32f1xx_hal_cortex.o(.text.HAL_NVIC_SetPriority)
    HAL_NVIC_SetPriorityGrouping             0x080012fd   Thumb Code    32  stm32f1xx_hal_cortex.o(.text.HAL_NVIC_SetPriorityGrouping)
    HAL_RCC_ClockConfig                      0x0800131d   Thumb Code   312  stm32f1xx_hal_rcc.o(.text.HAL_RCC_ClockConfig)
    HAL_RCC_GetPCLK1Freq                     0x08001451   Thumb Code    32  stm32f1xx_hal_rcc.o(.text.HAL_RCC_GetPCLK1Freq)
    HAL_RCC_GetPCLK2Freq                     0x08001465   Thumb Code    32  stm32f1xx_hal_rcc.o(.text.HAL_RCC_GetPCLK2Freq)
    HAL_RCC_GetSysClockFreq                  0x08001481   Thumb Code    88  stm32f1xx_hal_rcc.o(.text.HAL_RCC_GetSysClockFreq)
    HAL_RCC_OscConfig                        0x080014d9   Thumb Code   896  stm32f1xx_hal_rcc.o(.text.HAL_RCC_OscConfig)
    HAL_SYSTICK_Config                       0x08001859   Thumb Code    40  stm32f1xx_hal_cortex.o(.text.HAL_SYSTICK_Config)
    HAL_TIMEx_BreakCallback                  0x08001881   Thumb Code     2  stm32f1xx_hal_tim_ex.o(.text.HAL_TIMEx_BreakCallback)
    HAL_TIMEx_CommutCallback                 0x08001883   Thumb Code     2  stm32f1xx_hal_tim_ex.o(.text.HAL_TIMEx_CommutCallback)
    HAL_TIMEx_MasterConfigSynchronization    0x08001885   Thumb Code   100  stm32f1xx_hal_tim_ex.o(.text.HAL_TIMEx_MasterConfigSynchronization)
    HAL_TIM_Base_Init                        0x080018e1   Thumb Code    88  stm32f1xx_hal_tim.o(.text.HAL_TIM_Base_Init)
    HAL_TIM_Base_MspInit                     0x08001939   Thumb Code   140  tim.o(.text.HAL_TIM_Base_MspInit)
    HAL_TIM_Base_Start_IT                    0x080019bd   Thumb Code    76  stm32f1xx_hal_tim.o(.text.HAL_TIM_Base_Start_IT)
    HAL_TIM_ConfigClockSource                0x08001a01   Thumb Code   248  stm32f1xx_hal_tim.o(.text.HAL_TIM_ConfigClockSource)
    HAL_TIM_IC_CaptureCallback               0x08001af9   Thumb Code     2  stm32f1xx_hal_tim.o(.text.HAL_TIM_IC_CaptureCallback)
    HAL_TIM_IC_Start                         0x08001afd   Thumb Code   172  stm32f1xx_hal_tim.o(.text.HAL_TIM_IC_Start)
    HAL_TIM_IRQHandler                       0x08001ba9   Thumb Code   370  stm32f1xx_hal_tim.o(.text.HAL_TIM_IRQHandler)
    HAL_TIM_OC_DelayElapsedCallback          0x08001d1b   Thumb Code     2  stm32f1xx_hal_tim.o(.text.HAL_TIM_OC_DelayElapsedCallback)
    HAL_TIM_PWM_PulseFinishedCallback        0x08001d1d   Thumb Code     2  stm32f1xx_hal_tim.o(.text.HAL_TIM_PWM_PulseFinishedCallback)
    HAL_TIM_PeriodElapsedCallback            0x08001d1f   Thumb Code     2  stm32f1xx_hal_tim.o(.text.HAL_TIM_PeriodElapsedCallback)
    HAL_TIM_TriggerCallback                  0x08001d21   Thumb Code     2  stm32f1xx_hal_tim.o(.text.HAL_TIM_TriggerCallback)
    HAL_UART_Init                            0x08001d23   Thumb Code    94  stm32f1xx_hal_uart.o(.text.HAL_UART_Init)
    HAL_UART_MspInit                         0x08001d81   Thumb Code   120  usart.o(.text.HAL_UART_MspInit)
    HardFault_Handler                        0x08001df5   Thumb Code     2  stm32f1xx_it.o(.text.HardFault_Handler)
    MX_GPIO_Init                             0x080020cd   Thumb Code    68  gpio.o(.text.MX_GPIO_Init)
    MX_I2C1_Init                             0x08002111   Thumb Code    60  i2c.o(.text.MX_I2C1_Init)
    MX_TIM1_Init                             0x08002149   Thumb Code   112  tim.o(.text.MX_TIM1_Init)
    MX_TIM3_Init                             0x080021b1   Thumb Code   104  tim.o(.text.MX_TIM3_Init)
    MX_USART1_UART_Init                      0x08002211   Thumb Code    56  usart.o(.text.MX_USART1_UART_Init)
    MemManage_Handler                        0x08002245   Thumb Code     2  stm32f1xx_it.o(.text.MemManage_Handler)
    NMI_Handler                              0x08002247   Thumb Code     2  stm32f1xx_it.o(.text.NMI_Handler)
    OLED_Clear                               0x08002249   Thumb Code    56  oled.o(.text.OLED_Clear)
    OLED_Init                                0x0800227d   Thumb Code    20  oled.o(.text.OLED_Init)
    OLED_Set_Pos                             0x08002291   Thumb Code    40  oled.o(.text.OLED_Set_Pos)
    OLED_ShowChar                            0x080022b9   Thumb Code   148  oled.o(.text.OLED_ShowChar)
    OLED_ShowString                          0x0800234d   Thumb Code    68  oled.o(.text.OLED_ShowString)
    OLED_WR_CMD                              0x08002391   Thumb Code    40  oled.o(.text.OLED_WR_CMD)
    OLED_WR_DATA                             0x080023b5   Thumb Code    40  oled.o(.text.OLED_WR_DATA)
    PendSV_Handler                           0x080023dd   Thumb Code     2  stm32f1xx_it.o(.text.PendSV_Handler)
    SVC_Handler                              0x080023df   Thumb Code     2  stm32f1xx_it.o(.text.SVC_Handler)
    SysTick_Handler                          0x080023e1   Thumb Code     4  stm32f1xx_it.o(.text.SysTick_Handler)
    SystemClock_Config                       0x080023e5   Thumb Code   102  main.o(.text.SystemClock_Config)
    SystemInit                               0x0800244b   Thumb Code     2  system_stm32f1xx.o(.text.SystemInit)
    TIM3_IRQHandler                          0x0800244d   Thumb Code    88  stm32f1xx_it.o(.text.TIM3_IRQHandler)
    TIM_Base_SetConfig                       0x080024a1   Thumb Code   100  stm32f1xx_hal_tim.o(.text.TIM_Base_SetConfig)
    UsageFault_Handler                       0x080025d1   Thumb Code     2  stm32f1xx_it.o(.text.UsageFault_Handler)
    WriteCmd                                 0x080025d5   Thumb Code    56  oled.o(.text.WriteCmd)
    main                                     0x0800260d   Thumb Code   392  main.o(.text.main)
    _btod_d2e                                0x08002795   Thumb Code    62  btod.o(CL$$btod_d2e)
    _d2e_denorm_low                          0x080027d3   Thumb Code    70  btod.o(CL$$btod_d2e_denorm_low)
    _d2e_norm_op1                            0x08002819   Thumb Code    96  btod.o(CL$$btod_d2e_norm_op1)
    __btod_div_common                        0x08002879   Thumb Code   696  btod.o(CL$$btod_div_common)
    _e2e                                     0x08002bb1   Thumb Code   220  btod.o(CL$$btod_e2e)
    _btod_ediv                               0x08002c8d   Thumb Code    42  btod.o(CL$$btod_ediv)
    _btod_emul                               0x08002cb7   Thumb Code    42  btod.o(CL$$btod_emul)
    __btod_mult_common                       0x08002ce1   Thumb Code   580  btod.o(CL$$btod_mult_common)
    __ARM_fpclassify                         0x08002f25   Thumb Code    40  fpclassify.o(i.__ARM_fpclassify)
    _is_digit                                0x08002f4d   Thumb Code    14  __printf_wp.o(i._is_digit)
    _get_lc_numeric                          0x08002f5d   Thumb Code    44  lc_numeric_c.o(locale$$code)
    __aeabi_dadd                             0x08002f89   Thumb Code     0  daddsub_clz.o(x$fpl$dadd)
    _dadd                                    0x08002f89   Thumb Code   332  daddsub_clz.o(x$fpl$dadd)
    __fpl_dcmp_Inf                           0x080030d9   Thumb Code    24  dcmpi.o(x$fpl$dcmpinf)
    __aeabi_ddiv                             0x080030f1   Thumb Code     0  ddiv.o(x$fpl$ddiv)
    _ddiv                                    0x080030f1   Thumb Code   552  ddiv.o(x$fpl$ddiv)
    __aeabi_cdcmpeq                          0x080033a1   Thumb Code     0  deqf.o(x$fpl$deqf)
    _dcmpeq                                  0x080033a1   Thumb Code   120  deqf.o(x$fpl$deqf)
    __aeabi_ui2d                             0x08003419   Thumb Code     0  dflt_clz.o(x$fpl$dfltu)
    _dfltu                                   0x08003419   Thumb Code    38  dflt_clz.o(x$fpl$dfltu)
    __aeabi_cdcmpge                          0x08003441   Thumb Code     0  dgeqf.o(x$fpl$dgeqf)
    _dcmpge                                  0x08003441   Thumb Code   120  dgeqf.o(x$fpl$dgeqf)
    __aeabi_cdcmple                          0x080034b9   Thumb Code     0  dleqf.o(x$fpl$dleqf)
    _dcmple                                  0x080034b9   Thumb Code   120  dleqf.o(x$fpl$dleqf)
    __fpl_dcmple_InfNaN                      0x0800351b   Thumb Code     0  dleqf.o(x$fpl$dleqf)
    __aeabi_dmul                             0x08003531   Thumb Code     0  dmul.o(x$fpl$dmul)
    _dmul                                    0x08003531   Thumb Code   332  dmul.o(x$fpl$dmul)
    __fpl_dnaninf                            0x08003685   Thumb Code   156  dnaninf.o(x$fpl$dnaninf)
    __fpl_dretinf                            0x08003721   Thumb Code    12  dretinf.o(x$fpl$dretinf)
    __aeabi_dsub                             0x0800372d   Thumb Code     0  daddsub_clz.o(x$fpl$dsub)
    _dsub                                    0x0800372d   Thumb Code   464  daddsub_clz.o(x$fpl$dsub)
    __aeabi_dcmpeq                           0x08003901   Thumb Code     0  dcmp.o(x$fpl$fcmp)
    _deq                                     0x08003901   Thumb Code    14  dcmp.o(x$fpl$fcmp)
    _dneq                                    0x0800390f   Thumb Code    14  dcmp.o(x$fpl$fcmp)
    __aeabi_dcmpgt                           0x0800391d   Thumb Code     0  dcmp.o(x$fpl$fcmp)
    _dgr                                     0x0800391d   Thumb Code    14  dcmp.o(x$fpl$fcmp)
    __aeabi_dcmpge                           0x0800392b   Thumb Code     0  dcmp.o(x$fpl$fcmp)
    _dgeq                                    0x0800392b   Thumb Code    14  dcmp.o(x$fpl$fcmp)
    __aeabi_dcmple                           0x08003939   Thumb Code     0  dcmp.o(x$fpl$fcmp)
    _dleq                                    0x08003939   Thumb Code    14  dcmp.o(x$fpl$fcmp)
    __aeabi_dcmplt                           0x08003947   Thumb Code     0  dcmp.o(x$fpl$fcmp)
    _dls                                     0x08003947   Thumb Code    14  dcmp.o(x$fpl$fcmp)
    _printf_fp_dec                           0x08003955   Thumb Code     4  printf1.o(x$fpl$printf1)
    __I$use$fp                               0x08003958   Number         0  usenofp.o(x$fpl$usenofp)
    AHBPrescTable                            0x08003a00   Data          16  system_stm32f1xx.o(.rodata.AHBPrescTable)
    APBPrescTable                            0x08003a10   Data           8  system_stm32f1xx.o(.rodata.APBPrescTable)
    F6x8                                     0x08003a18   Data         552  oled.o(.rodata.F6x8)
    F8X16                                    0x08003c40   Data        1504  oled.o(.rodata.F8X16)
    Region$$Table$$Base                      0x08004220   Number         0  anon$$obj.o(Region$$Table)
    Region$$Table$$Limit                     0x08004240   Number         0  anon$$obj.o(Region$$Table)
    uwTickFreq                               0x20000000   Data           1  stm32f1xx_hal.o(.data..L_MergedGlobals)
    uwTickPrio                               0x20000004   Data           4  stm32f1xx_hal.o(.data..L_MergedGlobals)
    uwTick                                   0x20000008   Data           4  stm32f1xx_hal.o(.data..L_MergedGlobals)
    CMD_Data                                 0x2000000c   Data          27  oled.o(.data.CMD_Data)
    SystemCoreClock                          0x20000028   Data           4  system_stm32f1xx.o(.data.SystemCoreClock)
    f_current                                0x2000002c   Data           4  main.o(.data.f_current)
    __libspace_start                         0x20000030   Data          96  libspace.o(.bss)
    __temporary_stack_top$libspace           0x20000090   Data           0  libspace.o(.bss)
    hi2c1                                    0x20000090   Data          84  i2c.o(.bss.hi2c1)
    htim1                                    0x200000e4   Data          72  tim.o(.bss.htim1)
    htim3                                    0x2000012c   Data          72  tim.o(.bss.htim3)
    huart1                                   0x20000174   Data          72  usart.o(.bss.huart1)
    pwm_flag                                 0x200001bc   Data           4  main.o(.bss.pwm_flag)
    pwm_sum                                  0x200001c0   Data           4  main.o(.bss.pwm_sum)
    pwm_value                                0x200001c4   Data           4  main.o(.bss.pwm_value)



==============================================================================

Memory Map of the image

  Image Entry point : 0x080000ed

  Load Region LR_IROM1 (Base: 0x08000000, Size: 0x00004290, Max: 0x00008000, ABSOLUTE)

    Execution Region ER_IROM1 (Exec base: 0x08000000, Load base: 0x08000000, Size: 0x0000425c, Max: 0x00008000, ABSOLUTE)

    Exec Addr    Load Addr    Size         Type   Attr      Idx    E Section Name        Object

    0x08000000   0x08000000   0x000000ec   Data   RO            3    RESET               startup_stm32f103x6.o
    0x080000ec   0x080000ec   0x00000008   Code   RO         1247  * !!!main             c_w.l(__main.o)
    0x080000f4   0x080000f4   0x00000034   Code   RO         1578    !!!scatter          c_w.l(__scatter.o)
    0x08000128   0x08000128   0x0000001a   Code   RO         1580    !!handler_copy      c_w.l(__scatter_copy.o)
    0x08000142   0x08000142   0x00000002   PAD
    0x08000144   0x08000144   0x0000001c   Code   RO         1582    !!handler_zi        c_w.l(__scatter_zi.o)
    0x08000160   0x08000160   0x00000000   Code   RO         1242    .ARM.Collect$$_printf_percent$$00000000  c_w.l(_printf_percent.o)
    0x08000160   0x08000160   0x00000006   Code   RO         1241    .ARM.Collect$$_printf_percent$$00000003  c_w.l(_printf_f.o)
    0x08000166   0x08000166   0x00000006   Code   RO         1240    .ARM.Collect$$_printf_percent$$00000009  c_w.l(_printf_d.o)
    0x0800016c   0x0800016c   0x00000006   Code   RO         1239    .ARM.Collect$$_printf_percent$$00000013  c_w.l(_printf_c.o)
    0x08000172   0x08000172   0x00000004   Code   RO         1332    .ARM.Collect$$_printf_percent$$00000017  c_w.l(_printf_percent_end.o)
    0x08000176   0x08000176   0x00000002   Code   RO         1442    .ARM.Collect$$libinit$$00000000  c_w.l(libinit.o)
    0x08000178   0x08000178   0x00000000   Code   RO         1444    .ARM.Collect$$libinit$$00000002  c_w.l(libinit2.o)
    0x08000178   0x08000178   0x00000000   Code   RO         1446    .ARM.Collect$$libinit$$00000004  c_w.l(libinit2.o)
    0x08000178   0x08000178   0x00000000   Code   RO         1449    .ARM.Collect$$libinit$$0000000A  c_w.l(libinit2.o)
    0x08000178   0x08000178   0x00000000   Code   RO         1451    .ARM.Collect$$libinit$$0000000C  c_w.l(libinit2.o)
    0x08000178   0x08000178   0x00000000   Code   RO         1453    .ARM.Collect$$libinit$$0000000E  c_w.l(libinit2.o)
    0x08000178   0x08000178   0x00000006   Code   RO         1454    .ARM.Collect$$libinit$$0000000F  c_w.l(libinit2.o)
    0x0800017e   0x0800017e   0x00000000   Code   RO         1456    .ARM.Collect$$libinit$$00000011  c_w.l(libinit2.o)
    0x0800017e   0x0800017e   0x00000000   Code   RO         1458    .ARM.Collect$$libinit$$00000013  c_w.l(libinit2.o)
    0x0800017e   0x0800017e   0x00000000   Code   RO         1460    .ARM.Collect$$libinit$$00000015  c_w.l(libinit2.o)
    0x0800017e   0x0800017e   0x0000000a   Code   RO         1461    .ARM.Collect$$libinit$$00000016  c_w.l(libinit2.o)
    0x08000188   0x08000188   0x00000000   Code   RO         1462    .ARM.Collect$$libinit$$00000017  c_w.l(libinit2.o)
    0x08000188   0x08000188   0x00000000   Code   RO         1464    .ARM.Collect$$libinit$$00000019  c_w.l(libinit2.o)
    0x08000188   0x08000188   0x00000000   Code   RO         1466    .ARM.Collect$$libinit$$0000001B  c_w.l(libinit2.o)
    0x08000188   0x08000188   0x00000000   Code   RO         1468    .ARM.Collect$$libinit$$0000001D  c_w.l(libinit2.o)
    0x08000188   0x08000188   0x00000000   Code   RO         1470    .ARM.Collect$$libinit$$0000001F  c_w.l(libinit2.o)
    0x08000188   0x08000188   0x00000000   Code   RO         1472    .ARM.Collect$$libinit$$00000021  c_w.l(libinit2.o)
    0x08000188   0x08000188   0x00000000   Code   RO         1474    .ARM.Collect$$libinit$$00000023  c_w.l(libinit2.o)
    0x08000188   0x08000188   0x00000000   Code   RO         1476    .ARM.Collect$$libinit$$00000025  c_w.l(libinit2.o)
    0x08000188   0x08000188   0x00000000   Code   RO         1480    .ARM.Collect$$libinit$$0000002C  c_w.l(libinit2.o)
    0x08000188   0x08000188   0x00000000   Code   RO         1482    .ARM.Collect$$libinit$$0000002E  c_w.l(libinit2.o)
    0x08000188   0x08000188   0x00000000   Code   RO         1484    .ARM.Collect$$libinit$$00000030  c_w.l(libinit2.o)
    0x08000188   0x08000188   0x00000000   Code   RO         1486    .ARM.Collect$$libinit$$00000032  c_w.l(libinit2.o)
    0x08000188   0x08000188   0x00000002   Code   RO         1487    .ARM.Collect$$libinit$$00000033  c_w.l(libinit2.o)
    0x0800018a   0x0800018a   0x00000002   Code   RO         1524    .ARM.Collect$$libshutdown$$00000000  c_w.l(libshutdown.o)
    0x0800018c   0x0800018c   0x00000000   Code   RO         1535    .ARM.Collect$$libshutdown$$00000002  c_w.l(libshutdown2.o)
    0x0800018c   0x0800018c   0x00000000   Code   RO         1537    .ARM.Collect$$libshutdown$$00000004  c_w.l(libshutdown2.o)
    0x0800018c   0x0800018c   0x00000000   Code   RO         1540    .ARM.Collect$$libshutdown$$00000007  c_w.l(libshutdown2.o)
    0x0800018c   0x0800018c   0x00000000   Code   RO         1543    .ARM.Collect$$libshutdown$$0000000A  c_w.l(libshutdown2.o)
    0x0800018c   0x0800018c   0x00000000   Code   RO         1545    .ARM.Collect$$libshutdown$$0000000C  c_w.l(libshutdown2.o)
    0x0800018c   0x0800018c   0x00000000   Code   RO         1548    .ARM.Collect$$libshutdown$$0000000F  c_w.l(libshutdown2.o)
    0x0800018c   0x0800018c   0x00000002   Code   RO         1549    .ARM.Collect$$libshutdown$$00000010  c_w.l(libshutdown2.o)
    0x0800018e   0x0800018e   0x00000000   Code   RO         1271    .ARM.Collect$$rtentry$$00000000  c_w.l(__rtentry.o)
    0x0800018e   0x0800018e   0x00000000   Code   RO         1360    .ARM.Collect$$rtentry$$00000002  c_w.l(__rtentry2.o)
    0x0800018e   0x0800018e   0x00000006   Code   RO         1372    .ARM.Collect$$rtentry$$00000004  c_w.l(__rtentry4.o)
    0x08000194   0x08000194   0x00000000   Code   RO         1362    .ARM.Collect$$rtentry$$00000009  c_w.l(__rtentry2.o)
    0x08000194   0x08000194   0x00000004   Code   RO         1363    .ARM.Collect$$rtentry$$0000000A  c_w.l(__rtentry2.o)
    0x08000198   0x08000198   0x00000000   Code   RO         1365    .ARM.Collect$$rtentry$$0000000C  c_w.l(__rtentry2.o)
    0x08000198   0x08000198   0x00000008   Code   RO         1366    .ARM.Collect$$rtentry$$0000000D  c_w.l(__rtentry2.o)
    0x080001a0   0x080001a0   0x00000002   Code   RO         1488    .ARM.Collect$$rtexit$$00000000  c_w.l(rtexit.o)
    0x080001a2   0x080001a2   0x00000000   Code   RO         1498    .ARM.Collect$$rtexit$$00000002  c_w.l(rtexit2.o)
    0x080001a2   0x080001a2   0x00000004   Code   RO         1499    .ARM.Collect$$rtexit$$00000003  c_w.l(rtexit2.o)
    0x080001a6   0x080001a6   0x00000006   Code   RO         1500    .ARM.Collect$$rtexit$$00000004  c_w.l(rtexit2.o)
    0x080001ac   0x080001ac   0x00000040   Code   RO            4    .text               startup_stm32f103x6.o
    0x080001ec   0x080001ec   0x0000002c   Code   RO         1209    .text               c_w.l(__2sprintf.o)
    0x08000218   0x08000218   0x00000052   Code   RO         1215    .text               c_w.l(_printf_str.o)
    0x0800026a   0x0800026a   0x00000002   PAD
    0x0800026c   0x0800026c   0x00000078   Code   RO         1217    .text               c_w.l(_printf_dec.o)
    0x080002e4   0x080002e4   0x00000188   Code   RO         1236    .text               c_w.l(__printf_flags_ss_wp.o)
    0x0800046c   0x0800046c   0x0000004e   Code   RO         1243    .text               c_w.l(rt_memclr_w.o)
    0x080004ba   0x080004ba   0x00000006   Code   RO         1245    .text               c_w.l(heapauxi.o)
    0x080004c0   0x080004c0   0x000000b2   Code   RO         1276    .text               c_w.l(_printf_intcommon.o)
    0x08000572   0x08000572   0x0000041e   Code   RO         1280    .text               c_w.l(_printf_fp_dec.o)
    0x08000990   0x08000990   0x00000030   Code   RO         1282    .text               c_w.l(_printf_char_common.o)
    0x080009c0   0x080009c0   0x0000000a   Code   RO         1284    .text               c_w.l(_sputc.o)
    0x080009ca   0x080009ca   0x0000002c   Code   RO         1288    .text               c_w.l(_printf_char.o)
    0x080009f6   0x080009f6   0x00000002   PAD
    0x080009f8   0x080009f8   0x00000008   Code   RO         1377    .text               c_w.l(rt_locale_intlibspace.o)
    0x08000a00   0x08000a00   0x0000008a   Code   RO         1379    .text               c_w.l(lludiv10.o)
    0x08000a8a   0x08000a8a   0x00000002   PAD
    0x08000a8c   0x08000a8c   0x00000080   Code   RO         1384    .text               c_w.l(_printf_fp_infnan.o)
    0x08000b0c   0x08000b0c   0x000000e4   Code   RO         1390    .text               c_w.l(bigflt0.o)
    0x08000bf0   0x08000bf0   0x00000008   Code   RO         1426    .text               c_w.l(libspace.o)
    0x08000bf8   0x08000bf8   0x0000004a   Code   RO         1429    .text               c_w.l(sys_stackheap_outer.o)
    0x08000c42   0x08000c42   0x00000012   Code   RO         1433    .text               c_w.l(exit.o)
    0x08000c54   0x08000c54   0x00000080   Code   RO         1435    .text               c_w.l(strcmpv7m.o)
    0x08000cd4   0x08000cd4   0x0000000c   Code   RO         1510    .text               c_w.l(sys_exit.o)
    0x08000ce0   0x08000ce0   0x00000002   Code   RO         1525    .text               c_w.l(use_no_semi.o)
    0x08000ce2   0x08000ce2   0x00000000   Code   RO         1527    .text               c_w.l(indicate_semi.o)
    0x08000ce2   0x08000ce2   0x00000002   Code   RO          109    .text.BusFault_Handler  stm32f1xx_it.o
    0x08000ce4   0x08000ce4   0x00000002   Code   RO          115    .text.DebugMon_Handler  stm32f1xx_it.o
    0x08000ce6   0x08000ce6   0x00000008   Code   RO           15    .text.Error_Handler  main.o
    0x08000cee   0x08000cee   0x00000002   PAD
    0x08000cf0   0x08000cf0   0x00000028   Code   RO          318    .text.HAL_Delay     stm32f1xx_hal.o
    0x08000d18   0x08000d18   0x000001c0   Code   RO          416    .text.HAL_GPIO_Init  stm32f1xx_hal_gpio.o
    0x08000ed8   0x08000ed8   0x0000000c   Code   RO          310    .text.HAL_GetTick   stm32f1xx_hal.o
    0x08000ee4   0x08000ee4   0x00000170   Code   RO          163    .text.HAL_I2C_Init  stm32f1xx_hal_i2c.o
    0x08001054   0x08001054   0x00000128   Code   RO          207    .text.HAL_I2C_Mem_Write  stm32f1xx_hal_i2c.o
    0x0800117c   0x0800117c   0x00000060   Code   RO           48    .text.HAL_I2C_MspInit  i2c.o
    0x080011dc   0x080011dc   0x0000000c   Code   RO          308    .text.HAL_IncTick   stm32f1xx_hal.o
    0x080011e8   0x080011e8   0x00000024   Code   RO          298    .text.HAL_Init      stm32f1xx_hal.o
    0x0800120c   0x0800120c   0x0000003c   Code   RO          300    .text.HAL_InitTick  stm32f1xx_hal.o
    0x08001248   0x08001248   0x00000040   Code   RO          133    .text.HAL_MspInit   stm32f1xx_hal_msp.o
    0x08001288   0x08001288   0x0000001c   Code   RO          484    .text.HAL_NVIC_EnableIRQ  stm32f1xx_hal_cortex.o
    0x080012a4   0x080012a4   0x00000058   Code   RO          482    .text.HAL_NVIC_SetPriority  stm32f1xx_hal_cortex.o
    0x080012fc   0x080012fc   0x00000020   Code   RO          480    .text.HAL_NVIC_SetPriorityGrouping  stm32f1xx_hal_cortex.o
    0x0800131c   0x0800131c   0x00000134   Code   RO          364    .text.HAL_RCC_ClockConfig  stm32f1xx_hal_rcc.o
    0x08001450   0x08001450   0x00000014   Code   RO          376    .text.HAL_RCC_GetPCLK1Freq  stm32f1xx_hal_rcc.o
    0x08001464   0x08001464   0x0000001c   Code   RO          378    .text.HAL_RCC_GetPCLK2Freq  stm32f1xx_hal_rcc.o
    0x08001480   0x08001480   0x00000058   Code   RO          366    .text.HAL_RCC_GetSysClockFreq  stm32f1xx_hal_rcc.o
    0x080014d8   0x080014d8   0x00000380   Code   RO          362    .text.HAL_RCC_OscConfig  stm32f1xx_hal_rcc.o
    0x08001858   0x08001858   0x00000028   Code   RO          490    .text.HAL_SYSTICK_Config  stm32f1xx_hal_cortex.o
    0x08001880   0x08001880   0x00000002   Code   RO          982    .text.HAL_TIMEx_BreakCallback  stm32f1xx_hal_tim_ex.o
    0x08001882   0x08001882   0x00000002   Code   RO          978    .text.HAL_TIMEx_CommutCallback  stm32f1xx_hal_tim_ex.o
    0x08001884   0x08001884   0x0000005c   Code   RO          972    .text.HAL_TIMEx_MasterConfigSynchronization  stm32f1xx_hal_tim_ex.o
    0x080018e0   0x080018e0   0x00000058   Code   RO          662    .text.HAL_TIM_Base_Init  stm32f1xx_hal_tim.o
    0x08001938   0x08001938   0x00000084   Code   RO           68    .text.HAL_TIM_Base_MspInit  tim.o
    0x080019bc   0x080019bc   0x00000044   Code   RO          676    .text.HAL_TIM_Base_Start_IT  stm32f1xx_hal_tim.o
    0x08001a00   0x08001a00   0x000000f8   Code   RO          850    .text.HAL_TIM_ConfigClockSource  stm32f1xx_hal_tim.o
    0x08001af8   0x08001af8   0x00000002   Code   RO          798    .text.HAL_TIM_IC_CaptureCallback  stm32f1xx_hal_tim.o
    0x08001afa   0x08001afa   0x00000002   PAD
    0x08001afc   0x08001afc   0x000000ac   Code   RO          744    .text.HAL_TIM_IC_Start  stm32f1xx_hal_tim.o
    0x08001ba8   0x08001ba8   0x00000172   Code   RO          796    .text.HAL_TIM_IRQHandler  stm32f1xx_hal_tim.o
    0x08001d1a   0x08001d1a   0x00000002   Code   RO          800    .text.HAL_TIM_OC_DelayElapsedCallback  stm32f1xx_hal_tim.o
    0x08001d1c   0x08001d1c   0x00000002   Code   RO          802    .text.HAL_TIM_PWM_PulseFinishedCallback  stm32f1xx_hal_tim.o
    0x08001d1e   0x08001d1e   0x00000002   Code   RO          804    .text.HAL_TIM_PeriodElapsedCallback  stm32f1xx_hal_tim.o
    0x08001d20   0x08001d20   0x00000002   Code   RO          806    .text.HAL_TIM_TriggerCallback  stm32f1xx_hal_tim.o
    0x08001d22   0x08001d22   0x0000005e   Code   RO          999    .text.HAL_UART_Init  stm32f1xx_hal_uart.o
    0x08001d80   0x08001d80   0x00000074   Code   RO           87    .text.HAL_UART_MspInit  usart.o
    0x08001df4   0x08001df4   0x00000002   Code   RO          105    .text.HardFault_Handler  stm32f1xx_it.o
    0x08001df6   0x08001df6   0x00000002   PAD
    0x08001df8   0x08001df8   0x00000030   Code   RO          285    .text.I2C_IsAcknowledgeFailed  stm32f1xx_hal_i2c.o
    0x08001e28   0x08001e28   0x000000b8   Code   RO          209    .text.I2C_RequestMemoryWrite  stm32f1xx_hal_i2c.o
    0x08001ee0   0x08001ee0   0x0000005a   Code   RO          177    .text.I2C_WaitOnBTFFlagUntilTimeout  stm32f1xx_hal_i2c.o
    0x08001f3a   0x08001f3a   0x00000096   Code   RO          173    .text.I2C_WaitOnFlagUntilTimeout  stm32f1xx_hal_i2c.o
    0x08001fd0   0x08001fd0   0x000000a0   Code   RO          283    .text.I2C_WaitOnMasterAddressFlagUntilTimeout  stm32f1xx_hal_i2c.o
    0x08002070   0x08002070   0x0000005a   Code   RO          175    .text.I2C_WaitOnTXEFlagUntilTimeout  stm32f1xx_hal_i2c.o
    0x080020ca   0x080020ca   0x00000002   PAD
    0x080020cc   0x080020cc   0x00000044   Code   RO           33    .text.MX_GPIO_Init  gpio.o
    0x08002110   0x08002110   0x00000038   Code   RO           46    .text.MX_I2C1_Init  i2c.o
    0x08002148   0x08002148   0x00000068   Code   RO           64    .text.MX_TIM1_Init  tim.o
    0x080021b0   0x080021b0   0x00000060   Code   RO           66    .text.MX_TIM3_Init  tim.o
    0x08002210   0x08002210   0x00000034   Code   RO           85    .text.MX_USART1_UART_Init  usart.o
    0x08002244   0x08002244   0x00000002   Code   RO          107    .text.MemManage_Handler  stm32f1xx_it.o
    0x08002246   0x08002246   0x00000002   Code   RO          103    .text.NMI_Handler   stm32f1xx_it.o
    0x08002248   0x08002248   0x00000034   Code   RO         1169    .text.OLED_Clear    oled.o
    0x0800227c   0x0800227c   0x00000014   Code   RO         1167    .text.OLED_Init     oled.o
    0x08002290   0x08002290   0x00000028   Code   RO         1175    .text.OLED_Set_Pos  oled.o
    0x080022b8   0x080022b8   0x00000094   Code   RO         1183    .text.OLED_ShowChar  oled.o
    0x0800234c   0x0800234c   0x00000044   Code   RO         1185    .text.OLED_ShowString  oled.o
    0x08002390   0x08002390   0x00000024   Code   RO         1163    .text.OLED_WR_CMD   oled.o
    0x080023b4   0x080023b4   0x00000028   Code   RO         1165    .text.OLED_WR_DATA  oled.o
    0x080023dc   0x080023dc   0x00000002   Code   RO          117    .text.PendSV_Handler  stm32f1xx_it.o
    0x080023de   0x080023de   0x00000002   Code   RO          113    .text.SVC_Handler   stm32f1xx_it.o
    0x080023e0   0x080023e0   0x00000004   Code   RO          119    .text.SysTick_Handler  stm32f1xx_it.o
    0x080023e4   0x080023e4   0x00000066   Code   RO           13    .text.SystemClock_Config  main.o
    0x0800244a   0x0800244a   0x00000002   Code   RO         1130    .text.SystemInit    system_stm32f1xx.o
    0x0800244c   0x0800244c   0x00000054   Code   RO          121    .text.TIM3_IRQHandler  stm32f1xx_it.o
    0x080024a0   0x080024a0   0x00000064   Code   RO          666    .text.TIM_Base_SetConfig  stm32f1xx_hal_tim.o
    0x08002504   0x08002504   0x00000022   Code   RO          852    .text.TIM_TI1_ConfigInputStage  stm32f1xx_hal_tim.o
    0x08002526   0x08002526   0x00000024   Code   RO          854    .text.TIM_TI2_ConfigInputStage  stm32f1xx_hal_tim.o
    0x0800254a   0x0800254a   0x00000002   PAD
    0x0800254c   0x0800254c   0x00000084   Code   RO         1003    .text.UART_SetConfig  stm32f1xx_hal_uart.o
    0x080025d0   0x080025d0   0x00000002   Code   RO          111    .text.UsageFault_Handler  stm32f1xx_it.o
    0x080025d2   0x080025d2   0x00000002   PAD
    0x080025d4   0x080025d4   0x00000038   Code   RO         1161    .text.WriteCmd      oled.o
    0x0800260c   0x0800260c   0x00000188   Code   RO           11    .text.main          main.o
    0x08002794   0x08002794   0x0000003e   Code   RO         1393    CL$$btod_d2e        c_w.l(btod.o)
    0x080027d2   0x080027d2   0x00000046   Code   RO         1395    CL$$btod_d2e_denorm_low  c_w.l(btod.o)
    0x08002818   0x08002818   0x00000060   Code   RO         1394    CL$$btod_d2e_norm_op1  c_w.l(btod.o)
    0x08002878   0x08002878   0x00000338   Code   RO         1403    CL$$btod_div_common  c_w.l(btod.o)
    0x08002bb0   0x08002bb0   0x000000dc   Code   RO         1400    CL$$btod_e2e        c_w.l(btod.o)
    0x08002c8c   0x08002c8c   0x0000002a   Code   RO         1397    CL$$btod_ediv       c_w.l(btod.o)
    0x08002cb6   0x08002cb6   0x0000002a   Code   RO         1396    CL$$btod_emul       c_w.l(btod.o)
    0x08002ce0   0x08002ce0   0x00000244   Code   RO         1402    CL$$btod_mult_common  c_w.l(btod.o)
    0x08002f24   0x08002f24   0x00000028   Code   RO         1424    i.__ARM_fpclassify  m_ws.l(fpclassify.o)
    0x08002f4c   0x08002f4c   0x0000000e   Code   RO         1229    i._is_digit         c_w.l(__printf_wp.o)
    0x08002f5a   0x08002f5a   0x00000002   PAD
    0x08002f5c   0x08002f5c   0x0000002c   Code   RO         1418    locale$$code        c_w.l(lc_numeric_c.o)
    0x08002f88   0x08002f88   0x00000150   Code   RO         1249    x$fpl$dadd          fz_ws.l(daddsub_clz.o)
    0x080030d8   0x080030d8   0x00000018   Code   RO         1420    x$fpl$dcmpinf       fz_ws.l(dcmpi.o)
    0x080030f0   0x080030f0   0x000002b0   Code   RO         1258    x$fpl$ddiv          fz_ws.l(ddiv.o)
    0x080033a0   0x080033a0   0x00000078   Code   RO         1342    x$fpl$deqf          fz_ws.l(deqf.o)
    0x08003418   0x08003418   0x00000026   Code   RO         1261    x$fpl$dfltu         fz_ws.l(dflt_clz.o)
    0x0800343e   0x0800343e   0x00000002   PAD
    0x08003440   0x08003440   0x00000078   Code   RO         1344    x$fpl$dgeqf         fz_ws.l(dgeqf.o)
    0x080034b8   0x080034b8   0x00000078   Code   RO         1346    x$fpl$dleqf         fz_ws.l(dleqf.o)
    0x08003530   0x08003530   0x00000154   Code   RO         1267    x$fpl$dmul          fz_ws.l(dmul.o)
    0x08003684   0x08003684   0x0000009c   Code   RO         1348    x$fpl$dnaninf       fz_ws.l(dnaninf.o)
    0x08003720   0x08003720   0x0000000c   Code   RO         1350    x$fpl$dretinf       fz_ws.l(dretinf.o)
    0x0800372c   0x0800372c   0x000001d4   Code   RO         1251    x$fpl$dsub          fz_ws.l(daddsub_clz.o)
    0x08003900   0x08003900   0x00000054   Code   RO         1255    x$fpl$fcmp          fz_ws.l(dcmp.o)
    0x08003954   0x08003954   0x00000004   Code   RO         1269    x$fpl$printf1       fz_ws.l(printf1.o)
    0x08003958   0x08003958   0x00000000   Code   RO         1358    x$fpl$usenofp       fz_ws.l(usenofp.o)
    0x08003958   0x08003958   0x00000011   Data   RO         1237    .constdata          c_w.l(__printf_flags_ss_wp.o)
    0x08003969   0x08003969   0x00000003   PAD
    0x0800396c   0x0800396c   0x00000094   Data   RO         1391    .constdata          c_w.l(bigflt0.o)
    0x08003a00   0x08003a00   0x00000010   Data   RO         1135    .rodata.AHBPrescTable  system_stm32f1xx.o
    0x08003a10   0x08003a10   0x00000008   Data   RO         1136    .rodata.APBPrescTable  system_stm32f1xx.o
    0x08003a18   0x08003a18   0x00000228   Data   RO         1191    .rodata.F6x8        oled.o
    0x08003c40   0x08003c40   0x000005e0   Data   RO         1192    .rodata.F8X16       oled.o
    0x08004220   0x08004220   0x00000020   Data   RO         1576    Region$$Table       anon$$obj.o
    0x08004240   0x08004240   0x0000001c   Data   RO         1417    locale$$data        c_w.l(lc_numeric_c.o)


    Execution Region RW_IRAM1 (Exec base: 0x20000000, Load base: 0x08004260, Size: 0x000007c8, Max: 0x00002800, ABSOLUTE)

    Exec Addr    Load Addr    Size         Type   Attr      Idx    E Section Name        Object

    0x20000000   0x08004260   0x0000000c   Data   RW          348    .data..L_MergedGlobals  stm32f1xx_hal.o
    0x2000000c   0x0800426c   0x0000001b   Data   RW         1194    .data.CMD_Data      oled.o
    0x20000027   0x08004287   0x00000001   PAD
    0x20000028   0x08004288   0x00000004   Data   RW         1134    .data.SystemCoreClock  system_stm32f1xx.o
    0x2000002c   0x0800428c   0x00000004   Data   RW           20    .data.f_current     main.o
    0x20000030        -       0x00000060   Zero   RW         1427    .bss                c_w.l(libspace.o)
    0x20000090        -       0x00000054   Zero   RW           52    .bss.hi2c1          i2c.o
    0x200000e4        -       0x00000048   Zero   RW           72    .bss.htim1          tim.o
    0x2000012c        -       0x00000048   Zero   RW           73    .bss.htim3          tim.o
    0x20000174        -       0x00000048   Zero   RW           91    .bss.huart1         usart.o
    0x200001bc        -       0x00000004   Zero   RW           19    .bss.pwm_flag       main.o
    0x200001c0        -       0x00000004   Zero   RW           18    .bss.pwm_sum        main.o
    0x200001c4        -       0x00000004   Zero   RW           17    .bss.pwm_value      main.o
    0x200001c8        -       0x00000200   Zero   RW            2    HEAP                startup_stm32f103x6.o
    0x200003c8        -       0x00000400   Zero   RW            1    STACK               startup_stm32f103x6.o


==============================================================================

Image component sizes


      Code (inc. data)   RO Data    RW Data    ZI Data      Debug   Object Name

        68          4          0          0          0       1090   gpio.o
       152         16          0          0         84       4810   i2c.o
       502         80          0          4         12       2502   main.o
       460         24       2056         27          0       4690   oled.o
        64         26        236          0       1536        780   startup_stm32f103x6.o
       160         12          0         12          0       6399   stm32f1xx_hal.o
       188         24          0          0          0       8317   stm32f1xx_hal_cortex.o
       448         52          0          0          0       4781   stm32f1xx_hal_gpio.o
      1386         32          0          0          0      38720   stm32f1xx_hal_i2c.o
        64          8          0          0          0       1352   stm32f1xx_hal_msp.o
      1340         72          0          0          0       7581   stm32f1xx_hal_rcc.o
      1126         16          0          0          0      45982   stm32f1xx_hal_tim.o
        96          0          0          0          0      19916   stm32f1xx_hal_tim_ex.o
       226          4          0          0          0      23324   stm32f1xx_hal_uart.o
       104         20          0          0          0       1355   stm32f1xx_it.o
         2          0         24          4          0       1714   system_stm32f1xx.o
       332          8          0          0        144       6874   tim.o
       168          8          0          0         72       4759   usart.o

    ----------------------------------------------------------------------
      6898        406       2348         48       1848     184946   Object Totals
         0          0         32          0          0          0   (incl. Generated)
        12          0          0          1          0          0   (incl. Padding)

    ----------------------------------------------------------------------

      Code (inc. data)   RO Data    RW Data    ZI Data      Debug   Library Member Name

        44          6          0          0          0         84   __2sprintf.o
         8          0          0          0          0         68   __main.o
       392          4         17          0          0         92   __printf_flags_ss_wp.o
        14          0          0          0          0         68   __printf_wp.o
         0          0          0          0          0          0   __rtentry.o
        12          0          0          0          0          0   __rtentry2.o
         6          0          0          0          0          0   __rtentry4.o
        52          8          0          0          0          0   __scatter.o
        26          0          0          0          0          0   __scatter_copy.o
        28          0          0          0          0          0   __scatter_zi.o
         6          0          0          0          0          0   _printf_c.o
        44          0          0          0          0        108   _printf_char.o
        48          6          0          0          0         96   _printf_char_common.o
         6          0          0          0          0          0   _printf_d.o
       120         16          0          0          0         92   _printf_dec.o
         6          0          0          0          0          0   _printf_f.o
      1054          0          0          0          0        216   _printf_fp_dec.o
       128         16          0          0          0         84   _printf_fp_infnan.o
       178          0          0          0          0         88   _printf_intcommon.o
         0          0          0          0          0          0   _printf_percent.o
         4          0          0          0          0          0   _printf_percent_end.o
        82          0          0          0          0         80   _printf_str.o
        10          0          0          0          0         68   _sputc.o
       228          4        148          0          0         96   bigflt0.o
      1936        128          0          0          0        672   btod.o
        18          0          0          0          0         80   exit.o
         6          0          0          0          0        152   heapauxi.o
         0          0          0          0          0          0   indicate_semi.o
        44         10         28          0          0         76   lc_numeric_c.o
         2          0          0          0          0          0   libinit.o
        18          0          0          0          0          0   libinit2.o
         2          0          0          0          0          0   libshutdown.o
         2          0          0          0          0          0   libshutdown2.o
         8          4          0          0         96         68   libspace.o
       138          0          0          0          0         80   lludiv10.o
         8          4          0          0          0         68   rt_locale_intlibspace.o
        78          0          0          0          0         80   rt_memclr_w.o
         2          0          0          0          0          0   rtexit.o
        10          0          0          0          0          0   rtexit2.o
       128          0          0          0          0         68   strcmpv7m.o
        12          4          0          0          0         68   sys_exit.o
        74          0          0          0          0         80   sys_stackheap_outer.o
         2          0          0          0          0         68   use_no_semi.o
       804         16          0          0          0        280   daddsub_clz.o
        84          0          0          0          0        196   dcmp.o
        24          0          0          0          0         68   dcmpi.o
       688        140          0          0          0        216   ddiv.o
       120          4          0          0          0         92   deqf.o
        38          0          0          0          0         68   dflt_clz.o
       120          4          0          0          0         92   dgeqf.o
       120          4          0          0          0         92   dleqf.o
       340         12          0          0          0        104   dmul.o
       156          4          0          0          0         92   dnaninf.o
        12          0          0          0          0         68   dretinf.o
         4          0          0          0          0         68   printf1.o
         0          0          0          0          0          0   usenofp.o
        40          0          0          0          0         68   fpclassify.o

    ----------------------------------------------------------------------
      7546        394        196          0         96       4304   Library Totals
        12          0          3          0          0          0   (incl. Padding)

    ----------------------------------------------------------------------

      Code (inc. data)   RO Data    RW Data    ZI Data      Debug   Library Name

      4984        210        193          0         96       2800   c_w.l
      2510        184          0          0          0       1436   fz_ws.l
        40          0          0          0          0         68   m_ws.l

    ----------------------------------------------------------------------
      7546        394        196          0         96       4304   Library Totals

    ----------------------------------------------------------------------

==============================================================================


      Code (inc. data)   RO Data    RW Data    ZI Data      Debug   

     14444        800       2544         48       1944     186806   Grand Totals
     14444        800       2544         48       1944     186806   ELF Image Totals
     14444        800       2544         48          0          0   ROM Totals

==============================================================================

    Total RO  Size (Code + RO Data)                16988 (  16.59kB)
    Total RW  Size (RW Data + ZI Data)              1992 (   1.95kB)
    Total ROM Size (Code + RO Data + RW Data)      17036 (  16.64kB)

==============================================================================

