<html>
<body>
<pre>
<h1>µVision Build Log</h1>
<h2>Tool Versions:</h2>
IDE-Version: ¦ÌVision V5.24.2.0
Copyright (C) 2017 ARM Ltd and ARM Germany GmbH. All rights reserved.
License Information: wyh wyh, wyh, LIC=MPPLD-8QBA6-01RP1-CXIW6-DXARE-P9UHY
 
Tool Versions:
Toolchain:       MDK-ARM Plus  Version: 5.24.1
Toolchain Path:  D:\CodingTool\mcu\keil\ARM\ARMCLANG\Bin
C Compiler:      ArmClang.exe V6.7
Assembler:       Armasm.exe V6.7
Linker/Locator:  ArmLink.exe V6.7
Library Manager: ArmAr.exe V6.7
Hex Converter:   FromElf.exe V6.7
CPU DLL:         SARMCM3.DLL V5.24.1
Dialog DLL:      DCM.DLL V1.16.0.0
Target DLL:      STLink\ST-LINKIII-KEIL_SWO.dll V3.0.1.0
Dialog DLL:      TCM.DLL V1.32.0.0
 
<h2>Project:</h2>
D:\Coding\mcu\open_source\high_precision_capacitance_measuring_instrument\project\MDK-ARM\fceliang.uvprojx
Project File Date:  06/28/2024

<h2>Output:</h2>
*** Using Compiler 'V6.7', folder: 'D:\CodingTool\mcu\keil\ARM\ARMCLANG\Bin'
Build target 'fceliang'
../Core/Src/main.c(128): warning: passing 'char [32]' to parameter of type 'uint8_t *' (aka 'unsigned char *') converts between pointers to integer types with different sign [-Wpointer-sign]
    OLED_ShowString(0, 0, display_buf, 16);
                          ^~~~~~~~~~~
../User/oled.h(22): note: passing argument to parameter 'chr' here
void OLED_ShowString(uint8_t x,uint8_t y,uint8_t *chr,uint8_t Char_Size);
                                                  ^
../Core/Src/main.c(151): warning: passing 'char [32]' to parameter of type 'uint8_t *' (aka 'unsigned char *') converts between pointers to integer types with different sign [-Wpointer-sign]
    OLED_ShowString(0, 4, display_buf, 16);
                          ^~~~~~~~~~~
../User/oled.h(22): note: passing argument to parameter 'chr' here
void OLED_ShowString(uint8_t x,uint8_t y,uint8_t *chr,uint8_t Char_Size);
                                                  ^
2 warnings generated.
compiling main.c...
linking...
Program Size: Code=12282 RO-data=2350 RW-data=100 ZI-data=1380  
FromELF: creating hex file...
"fceliang\fceliang.axf" - 0 Error(s), 2 Warning(s).

<h2>Software Packages used:</h2>

Package Vendor: ARM
                http://www.keil.com/pack/ARM.CMSIS.5.0.1.pack
                ARM.CMSIS.5.0.1
                CMSIS (Cortex Microcontroller Software Interface Standard)
   * Component: CORE Version: 5.0.1

Package Vendor: Keil
                http://www.keil.com/pack/Keil.STM32F1xx_DFP.2.2.0.pack
                Keil.STM32F1xx_DFP.2.2.0
                STMicroelectronics STM32F1 Series Device Support, Drivers and Examples

<h2>Collection of Component include folders:</h2>
  .\RTE\_fceliang
  D:\CodingTool\mcu\keil\pack\ARM\CMSIS\5.0.1\CMSIS\Include
  D:\CodingTool\mcu\keil\pack\Keil\STM32F1xx_DFP\2.2.0\Device\Include

<h2>Collection of Component Files used:</h2>

   * Component: ARM::CMSIS:CORE:5.0.1
Build Time Elapsed:  00:00:01
</pre>
</body>
</html>
